Archive member included to satisfy reference by file (symbol)

/usr/lib/gcc/arm-none-eabi/5.4.1/armv7-m/libgcc.a(_aeabi_uldivmod.o)
                              obj_zoul/weather-meter.o (__aeabi_uldivmod)
/usr/lib/gcc/arm-none-eabi/5.4.1/armv7-m/libgcc.a(_udivmoddi4.o)
                              /usr/lib/gcc/arm-none-eabi/5.4.1/armv7-m/libgcc.a(_aeabi_uldivmod.o) (__udivmoddi4)
/usr/lib/gcc/arm-none-eabi/5.4.1/armv7-m/libgcc.a(_dvmd_tls.o)
                              /usr/lib/gcc/arm-none-eabi/5.4.1/armv7-m/libgcc.a(_aeabi_uldivmod.o) (__aeabi_ldiv0)
/usr/lib/gcc/arm-none-eabi/5.4.1/../../../arm-none-eabi/lib/armv7-m/libc.a(lib_a-memcmp.o)
                              obj_zoul/slip.o (memcmp)
/usr/lib/gcc/arm-none-eabi/5.4.1/../../../arm-none-eabi/lib/armv7-m/libc.a(lib_a-memcpy.o)
                              obj_zoul/dbg-snprintf.o (memcpy)
/usr/lib/gcc/arm-none-eabi/5.4.1/../../../arm-none-eabi/lib/armv7-m/libc.a(lib_a-memmove.o)
                              obj_zoul/mmem.o (memmove)
/usr/lib/gcc/arm-none-eabi/5.4.1/../../../arm-none-eabi/lib/armv7-m/libc.a(lib_a-memset.o)
                              obj_zoul/gpio.o (memset)
/usr/lib/gcc/arm-none-eabi/5.4.1/../../../arm-none-eabi/lib/armv7-m/libc.a(lib_a-reent.o)
                              obj_zoul/syscalls.o (errno)
/usr/lib/gcc/arm-none-eabi/5.4.1/../../../arm-none-eabi/lib/armv7-m/libc.a(lib_a-strcmp.o)
                              obj_zoul/cfs-coffee.o (strcmp)
/usr/lib/gcc/arm-none-eabi/5.4.1/../../../arm-none-eabi/lib/armv7-m/libc.a(lib_a-strlen-stub.o)
                              obj_zoul/sensors.o (strlen)
/usr/lib/gcc/arm-none-eabi/5.4.1/../../../arm-none-eabi/lib/armv7-m/libc.a(lib_a-strncmp.o)
                              obj_zoul/slip.o (strncmp)
/usr/lib/gcc/arm-none-eabi/5.4.1/../../../arm-none-eabi/lib/armv7-m/libc.a(lib_a-strncpy.o)
                              obj_zoul/cfs-coffee.o (strncpy)
/usr/lib/gcc/arm-none-eabi/5.4.1/../../../arm-none-eabi/lib/armv7-m/libc.a(lib_a-freer.o)
                              /usr/lib/gcc/arm-none-eabi/5.4.1/../../../arm-none-eabi/lib/armv7-m/libc.a(lib_a-reent.o) (_free_r)
/usr/lib/gcc/arm-none-eabi/5.4.1/../../../arm-none-eabi/lib/armv7-m/libc.a(lib_a-impure.o)
                              /usr/lib/gcc/arm-none-eabi/5.4.1/../../../arm-none-eabi/lib/armv7-m/libc.a(lib_a-reent.o) (_impure_ptr)
/usr/lib/gcc/arm-none-eabi/5.4.1/../../../arm-none-eabi/lib/armv7-m/libc.a(lib_a-mallocr.o)
                              /usr/lib/gcc/arm-none-eabi/5.4.1/../../../arm-none-eabi/lib/armv7-m/libc.a(lib_a-freer.o) (__malloc_current_mallinfo)
/usr/lib/gcc/arm-none-eabi/5.4.1/../../../arm-none-eabi/lib/armv7-m/libc.a(lib_a-mlock.o)
                              /usr/lib/gcc/arm-none-eabi/5.4.1/../../../arm-none-eabi/lib/armv7-m/libc.a(lib_a-freer.o) (__malloc_lock)
/usr/lib/gcc/arm-none-eabi/5.4.1/../../../arm-none-eabi/lib/armv7-m/libc.a(lib_a-sbrkr.o)
                              /usr/lib/gcc/arm-none-eabi/5.4.1/../../../arm-none-eabi/lib/armv7-m/libc.a(lib_a-freer.o) (_sbrk_r)

Allocating common symbols
Common symbol       size              file

compower_idle_activity
                    0x8               obj_zoul/compower.o
presence_int_callback
                    0x4               obj_zoul/motion-sensor.o
rtcc_int1_callback  0x4               obj_zoul/rtcc.o
usb_setup_buffer    0x8               obj_zoul/usb-core.o
grove_gyro_int_callback
                    0x4               obj_zoul/grove-gyro.o
anemometer_int_callback
                    0x4               obj_zoul/weather-meter.o
errno               0x4               /usr/lib/gcc/arm-none-eabi/5.4.1/../../../arm-none-eabi/lib/armv7-m/libc.a(lib_a-reent.o)
slip_active         0x1               obj_zoul/slip.o
rimestats           0x48              obj_zoul/rimestats.o
packetbuf_addrs     0x8               obj_zoul/packetbuf.o
rain_gauge_int_callback
                    0x4               obj_zoul/weather-meter.o
periodic_timer      0x20              obj_zoul/link-stats.o
tsl256x_int_callback
                    0x4               obj_zoul/tsl256x.o
linkaddr_node_addr  0x2               obj_zoul/linkaddr.o
packetbuf_attrs     0x34              obj_zoul/packetbuf.o
rain_gauge_int_event
                    0x1               obj_zoul/weather-meter.o
iaq_enable_callback
                    0x4               obj_zoul/iaq.o
anemometer_int_event
                    0x1               obj_zoul/weather-meter.o
stats               0x38              obj_zoul/collect.o
avail_memory        0x4               obj_zoul/mmem.o
sensors_flags       0x4               obj_zoul/zoul-sensors.o
serial_line_event_message
                    0x1               obj_zoul/serial-line.o
gyro_values         0xe               obj_zoul/grove-gyro.o
sensors_event       0x1               obj_zoul/sensors.o
button_press_duration_exceeded
                    0x1               obj_zoul/button-sensor.o

Discarded input sections

[...]
Memory Configuration

Name             Origin             Length             Attributes
FLASH_FW         0x00202000         0x0007dfd4         xr
FLASH_CCA        0x0027ffd4         0x0000002c         xr
NRSRAM           0x20000000         0x00004000         xrw
FRSRAM           0x20004000         0x00004000         xrw
*default*        0x00000000         0xffffffff

Linker script and memory map

LOAD obj_zoul/startup-gcc.o
LOAD obj_zoul/tsl256x.o
LOAD obj_zoul/sht25.o
LOAD obj_zoul/bmpx8x.o
LOAD obj_zoul/motion-sensor.o
LOAD obj_zoul/adc-sensors.o
LOAD obj_zoul/weather-meter.o
LOAD obj_zoul/grove-gyro.o
LOAD obj_zoul/rgb-bl-lcd.o
LOAD obj_zoul/pm10-sensor.o
LOAD obj_zoul/iaq.o
LOAD obj_zoul/zonik.o
LOAD obj_zoul/relay.o
LOAD obj_zoul/dht22.o
LOAD obj_zoul/servo.o
LOAD obj_zoul/ac-dimmer.o
LOAD obj_zoul/mp3-wtv020sd.o
LOAD obj_zoul/led-strip.o
LOAD obj_zoul/contiki-main.o
LOAD obj_zoul/leds.o
LOAD obj_zoul/cc1200-zoul-arch.o
LOAD obj_zoul/adc-zoul.o
LOAD obj_zoul/button-sensor.o
LOAD obj_zoul/zoul-sensors.o
LOAD obj_zoul/board.o
LOAD obj_zoul/antenna-sw.o
LOAD obj_zoul/rtcc.o
LOAD obj_zoul/leds-res-arch.o
LOAD obj_zoul/power-mgmt.o
LOAD obj_zoul/soc.o
LOAD obj_zoul/clock.o
LOAD obj_zoul/rtimer-arch.o
LOAD obj_zoul/uart.o
LOAD obj_zoul/watchdog.o
LOAD obj_zoul/nvic.o
LOAD obj_zoul/cpu.o
LOAD obj_zoul/sys-ctrl.o
LOAD obj_zoul/gpio.o
LOAD obj_zoul/ioc.o
LOAD obj_zoul/spi.o
LOAD obj_zoul/adc.o
LOAD obj_zoul/crypto.o
LOAD obj_zoul/aes.o
LOAD obj_zoul/ecb.o
LOAD obj_zoul/cbc.o
LOAD obj_zoul/ctr.o
LOAD obj_zoul/cbc-mac.o
LOAD obj_zoul/gcm.o
LOAD obj_zoul/ccm.o
LOAD obj_zoul/sha256.o
LOAD obj_zoul/cc2538-aes-128.o
LOAD obj_zoul/cc2538-ccm-star.o
LOAD obj_zoul/cc2538-rf.o
LOAD obj_zoul/udma.o
LOAD obj_zoul/lpm.o
LOAD obj_zoul/pka.o
LOAD obj_zoul/bignum-driver.o
LOAD obj_zoul/ecc-driver.o
LOAD obj_zoul/ecc-algorithm.o
LOAD obj_zoul/ecc-curve.o
LOAD obj_zoul/dbg.o
LOAD obj_zoul/ieee-addr.o
LOAD obj_zoul/slip-arch.o
LOAD obj_zoul/slip.o
LOAD obj_zoul/i2c.o
LOAD obj_zoul/cc2538-temp-sensor.o
LOAD obj_zoul/vdd3-sensor.o
LOAD obj_zoul/cfs-coffee.o
LOAD obj_zoul/cfs-coffee-arch.o
LOAD obj_zoul/pwm.o
LOAD obj_zoul/dbg-printf.o
LOAD obj_zoul/dbg-snprintf.o
LOAD obj_zoul/dbg-sprintf.o
LOAD obj_zoul/strformat.o
LOAD obj_zoul/usb-core.o
LOAD obj_zoul/cdc-acm.o
LOAD obj_zoul/usb-arch.o
LOAD obj_zoul/usb-serial.o
LOAD obj_zoul/cdc-acm-descriptors.o
LOAD obj_zoul/ctimer.o
LOAD obj_zoul/autostart.o
LOAD obj_zoul/energest.o
LOAD obj_zoul/arg.o
LOAD obj_zoul/stimer.o
LOAD obj_zoul/etimer.o
LOAD obj_zoul/compower.o
LOAD obj_zoul/process.o
LOAD obj_zoul/rtimer.o
LOAD obj_zoul/mt.o
LOAD obj_zoul/procinit.o
LOAD obj_zoul/timer.o
LOAD obj_zoul/serial-line.o
LOAD obj_zoul/nullradio.o
LOAD obj_zoul/settings.o
LOAD obj_zoul/crc16.o
LOAD obj_zoul/ifft.o
LOAD obj_zoul/ccm-star.o
LOAD obj_zoul/mmem.o
LOAD obj_zoul/me_tabs.o
LOAD obj_zoul/sensors.o
LOAD obj_zoul/ringbufindex.o
LOAD obj_zoul/list.o
LOAD obj_zoul/gcr.o
LOAD obj_zoul/aes-128.o
LOAD obj_zoul/trickle-timer.o
LOAD obj_zoul/memb.o
LOAD obj_zoul/me.o
LOAD obj_zoul/print-stats.o
LOAD obj_zoul/petsciiconv.o
LOAD obj_zoul/random.o
LOAD obj_zoul/assert.o
LOAD obj_zoul/ringbuf.o
LOAD obj_zoul/packetqueue.o
LOAD obj_zoul/chameleon-bitopt.o
LOAD obj_zoul/broadcast-announcement.o
LOAD obj_zoul/rudolph2.o
LOAD obj_zoul/polite-announcement.o
LOAD obj_zoul/trickle.o
LOAD obj_zoul/abc.o
LOAD obj_zoul/announcement.o
LOAD obj_zoul/multihop.o
LOAD obj_zoul/polite.o
LOAD obj_zoul/chameleon-raw.o
LOAD obj_zoul/runicast.o
LOAD obj_zoul/collect-neighbor.o
LOAD obj_zoul/rmh.o
LOAD obj_zoul/broadcast.o
LOAD obj_zoul/ipolite.o
LOAD obj_zoul/stunicast.o
LOAD obj_zoul/route-discovery.o
LOAD obj_zoul/chameleon.o
LOAD obj_zoul/channel.o
LOAD obj_zoul/netflood.o
LOAD obj_zoul/stbroadcast.o
LOAD obj_zoul/neighbor-discovery.o
LOAD obj_zoul/collect.o
LOAD obj_zoul/rime.o
LOAD obj_zoul/rudolph1.o
LOAD obj_zoul/mesh.o
LOAD obj_zoul/unicast.o
LOAD obj_zoul/rucb.o
LOAD obj_zoul/collect-link-estimate.o
LOAD obj_zoul/timesynch.o
LOAD obj_zoul/rimestats.o
LOAD obj_zoul/route.o
LOAD obj_zoul/syscalls.o
LOAD obj_zoul/queuebuf.o
LOAD obj_zoul/nbr-table.o
LOAD obj_zoul/packetbuf.o
LOAD obj_zoul/netstack.o
LOAD obj_zoul/linkaddr.o
LOAD obj_zoul/net-debug.o
LOAD obj_zoul/link-stats.o
LOAD obj_zoul/framer-nullmac.o
LOAD obj_zoul/nullmac.o
LOAD obj_zoul/nullrdc-noframer.o
LOAD obj_zoul/nordc.o
LOAD obj_zoul/frame802154e-ie.o
LOAD obj_zoul/mac-sequence.o
LOAD obj_zoul/framer-802154.o
LOAD obj_zoul/frame802154.o
LOAD obj_zoul/mac.o
LOAD obj_zoul/csma.o
LOAD obj_zoul/phase.o
LOAD obj_zoul/nullrdc.o
LOAD obj_zoul/contikimac.o
LOAD obj_zoul/contikimac-framer.o
LOAD obj_zoul/nullsec.o
LOAD obj_zoul/anti-replay.o
LOAD obj_zoul/ccm-star-packetbuf.o
LOAD obj_zoul/noncoresec.o
LOAD obj_zoul/cc1200-868-fsk-1-2kbps.o
LOAD obj_zoul/cc1200-802154g-863-870-fsk-50kbps.o
LOAD obj_zoul/cc1200.o
LOAD test-rotation-sensor.co
START GROUP
LOAD /usr/lib/gcc/arm-none-eabi/5.4.1/armv7-m/libgcc.a
LOAD /usr/lib/gcc/arm-none-eabi/5.4.1/../../../arm-none-eabi/lib/armv7-m/libc.a
END GROUP

.text           0x00202000     0x4eed
                0x00202000                _text = .
 *(SORT(.vectors))
 .vectors       0x00202000      0x28c obj_zoul/startup-gcc.o
                0x00202000                vectors
 *(SORT(.text*))
 .text.reset_handler
                0x0020228c       0x40 obj_zoul/startup-gcc.o
                0x0020228c                reset_handler
 .text.value    0x002022cc       0x94 obj_zoul/adc-sensors.o
 .text.configure
                0x00202360       0x9c obj_zoul/adc-sensors.o
 .text.startup.main
                0x002023fc      0x188 obj_zoul/contiki-main.o
                0x002023fc                main
 .text.leds_init
                0x00202584       0x14 obj_zoul/leds.o
                0x00202584                leds_init
 .text.leds_on  0x00202598       0x10 obj_zoul/leds.o
                0x00202598                leds_on
 .text.leds_off
                0x002025a8       0x14 obj_zoul/leds.o
                0x002025a8                leds_off
 .text.value    0x002025bc       0x38 obj_zoul/adc-zoul.o
 .text.configure
                0x002025f4       0x8c obj_zoul/adc-zoul.o
 .text.value    0x00202680       0x20 obj_zoul/button-sensor.o
 .text.duration_exceeded_callback
                0x002026a0       0x3c obj_zoul/button-sensor.o
 .text.config_user
                0x002026dc       0xa0 obj_zoul/button-sensor.o
 .text.btn_callback
                0x0020277c       0x5c obj_zoul/button-sensor.o
 .text.antenna_sw_config
                0x002027d8       0x30 obj_zoul/antenna-sw.o
                0x002027d8                antenna_sw_config
 .text.leds_arch_init
                0x00202808       0x48 obj_zoul/leds-res-arch.o
                0x00202808                leds_arch_init
 .text.leds_arch_set
                0x00202850       0x44 obj_zoul/leds-res-arch.o
                0x00202850                leds_arch_set
 .text.soc_get_rev
                0x00202894       0x18 obj_zoul/soc.o
                0x00202894                soc_get_rev
 .text.soc_get_sram_size
                0x002028ac       0x1c obj_zoul/soc.o
                0x002028ac                soc_get_sram_size
 .text.soc_print_info
                0x002028c8       0x70 obj_zoul/soc.o
                0x002028c8                soc_print_info
 .text.update_ticks
                0x00202938       0x4c obj_zoul/clock.o
 .text.clock_init
                0x00202984       0x50 obj_zoul/clock.o
                0x00202984                clock_init
 .text.clock_time
                0x002029d4       0x14 obj_zoul/clock.o
                0x002029d4                clock_time
 .text.clock_delay_usec
                0x002029e8       0x1c obj_zoul/clock.o
                0x002029e8                clock_delay_usec
 .text.clock_adjust
                0x00202a04       0x20 obj_zoul/clock.o
                0x00202a04                clock_adjust
 .text.rtimer_arch_next_trigger
                0x00202a24        0xc obj_zoul/rtimer-arch.o
                0x00202a24                rtimer_arch_next_trigger
 .text.rtimer_arch_now
                0x00202a30       0x2c obj_zoul/rtimer-arch.o
                0x00202a30                rtimer_arch_now
 .text.rtimer_arch_schedule
                0x00202a5c       0x58 obj_zoul/rtimer-arch.o
                0x00202a5c                rtimer_arch_schedule
 .text.rtimer_isr
                0x00202ab4       0x24 obj_zoul/rtimer-arch.o
                0x00202ab4                rtimer_isr
 .text.permit_pm1
                0x00202ad8       0x24 obj_zoul/uart.o
 .text.uart_isr
                0x00202afc       0x64 obj_zoul/uart.o
 .text.uart_init
                0x00202b60      0x18c obj_zoul/uart.o
                0x00202b60                uart_init
 .text.uart_set_input
                0x00202cec       0x10 obj_zoul/uart.o
                0x00202cec                uart_set_input
 .text.uart_write_byte
                0x00202cfc       0x1c obj_zoul/uart.o
                0x00202cfc                uart_write_byte
 .text.watchdog_init
                0x00202d18        0xc obj_zoul/watchdog.o
                0x00202d18                watchdog_init
 .text.watchdog_start
                0x00202d24        0xc obj_zoul/watchdog.o
                0x00202d24                watchdog_start
 .text.watchdog_periodic
                0x00202d30       0x10 obj_zoul/watchdog.o
                0x00202d30                watchdog_periodic
 .text.nvic_init
                0x00202d40       0x3c obj_zoul/nvic.o
                0x00202d40                nvic_init
 .text.nvic_interrupt_enable
                0x00202d7c       0x1c obj_zoul/nvic.o
                0x00202d7c                nvic_interrupt_enable
 .text.nvic_interrupt_disable
                0x00202d98       0x1c obj_zoul/nvic.o
                0x00202d98                nvic_interrupt_disable
 .text.nvic_interrupt_unpend
                0x00202db4       0x1c obj_zoul/nvic.o
                0x00202db4                nvic_interrupt_unpend
 .text.sys_ctrl_get_reset_cause
                0x00202dd0       0x10 obj_zoul/sys-ctrl.o
                0x00202dd0                sys_ctrl_get_reset_cause
 .text.sys_ctrl_get_reset_cause_str
                0x00202de0       0x14 obj_zoul/sys-ctrl.o
                0x00202de0                sys_ctrl_get_reset_cause_str
 .text.sys_ctrl_init
                0x00202df4       0x74 obj_zoul/sys-ctrl.o
                0x00202df4                sys_ctrl_init
 .text.sys_ctrl_get_sys_clock
                0x00202e68       0x18 obj_zoul/sys-ctrl.o
                0x00202e68                sys_ctrl_get_sys_clock
 .text.sys_ctrl_get_io_clock
                0x00202e80       0x18 obj_zoul/sys-ctrl.o
                0x00202e80                sys_ctrl_get_io_clock
 .text.gpio_register_callback
                0x00202e98       0x10 obj_zoul/gpio.o
                0x00202e98                gpio_register_callback
 .text.notify   0x00202ea8       0x30 obj_zoul/gpio.o
                0x00202ea8                notify
 .text.gpio_port_isr
                0x00202ed8       0x50 obj_zoul/gpio.o
 .text.gpio_init
                0x00202f28       0x10 obj_zoul/gpio.o
                0x00202f28                gpio_init
 .text.ioc_init
                0x00202f38       0x1c obj_zoul/ioc.o
                0x00202f38                ioc_init
 .text.ioc_set_over
                0x00202f54       0x14 obj_zoul/ioc.o
                0x00202f54                ioc_set_over
 .text.ioc_set_sel
                0x00202f68       0x14 obj_zoul/ioc.o
                0x00202f68                ioc_set_sel
 .text.adc_init
                0x00202f7c       0x10 obj_zoul/adc.o
                0x00202f7c                adc_init
 .text.adc_get  0x00202f8c       0x74 obj_zoul/adc.o
                0x00202f8c                adc_get
 .text.permit_pm1
                0x00203000       0x10 obj_zoul/crypto.o
 .text.crypto_isr
                0x00203010       0x24 obj_zoul/crypto.o
                0x00203010                crypto_isr
 .text.crypto_enable
                0x00203034       0x20 obj_zoul/crypto.o
                0x00203034                crypto_enable
 .text.crypto_init
                0x00203054       0x3c obj_zoul/crypto.o
                0x00203054                crypto_init
 .text.crypto_disable
                0x00203090       0x20 obj_zoul/crypto.o
                0x00203090                crypto_disable
 .text.on       0x002030b0       0x2c obj_zoul/cc2538-rf.o
 .text.off      0x002030dc       0x44 obj_zoul/cc2538-rf.o
 .text.set_channel
                0x00203120       0x48 obj_zoul/cc2538-rf.o
 .text.channel_clear
                0x00203168       0x3c obj_zoul/cc2538-rf.o
 .text.receiving_packet
                0x002031a4       0x18 obj_zoul/cc2538-rf.o
 .text.pending_packet
                0x002031bc       0x10 obj_zoul/cc2538-rf.o
 .text.get_value
                0x002031cc      0x164 obj_zoul/cc2538-rf.o
 .text.prepare  0x00203330       0x64 obj_zoul/cc2538-rf.o
 .text.transmit
                0x00203394       0x98 obj_zoul/cc2538-rf.o
 .text.set_object
                0x0020342c       0x30 obj_zoul/cc2538-rf.o
 .text.read     0x0020345c       0xe0 obj_zoul/cc2538-rf.o
 .text.set_poll_mode
                0x0020353c       0x8c obj_zoul/cc2538-rf.o
 .text.set_value
                0x002035c8       0xf8 obj_zoul/cc2538-rf.o
 .text.init     0x002036c0       0xc4 obj_zoul/cc2538-rf.o
 .text.process_thread_cc2538_rf_process
                0x00203784       0x90 obj_zoul/cc2538-rf.o
 .text.get_object
                0x00203814      0x144 obj_zoul/cc2538-rf.o
 .text.cc2538_rf_rx_tx_isr
                0x00203958       0x24 obj_zoul/cc2538-rf.o
                0x00203958                cc2538_rf_rx_tx_isr
 .text.cc2538_rf_err_isr
                0x0020397c       0x28 obj_zoul/cc2538-rf.o
                0x0020397c                cc2538_rf_err_isr
 .text.udma_init
                0x002039a4       0x30 obj_zoul/udma.o
                0x002039a4                udma_init
 .text.udma_set_channel_src
                0x002039d4       0x10 obj_zoul/udma.o
                0x002039d4                udma_set_channel_src
 .text.udma_set_channel_dst
                0x002039e4       0x14 obj_zoul/udma.o
                0x002039e4                udma_set_channel_dst
 .text.udma_set_channel_control_word
                0x002039f8       0x14 obj_zoul/udma.o
                0x002039f8                udma_set_channel_control_word
 .text.udma_channel_enable
                0x00203a0c       0x18 obj_zoul/udma.o
                0x00203a0c                udma_channel_enable
 .text.udma_channel_mask_set
                0x00203a24       0x18 obj_zoul/udma.o
                0x00203a24                udma_channel_mask_set
 .text.udma_channel_sw_request
                0x00203a3c       0x18 obj_zoul/udma.o
                0x00203a3c                udma_channel_sw_request
 .text.udma_channel_get_mode
                0x00203a54       0x1c obj_zoul/udma.o
                0x00203a54                udma_channel_get_mode
 .text.udma_isr
                0x00203a70       0x10 obj_zoul/udma.o
                0x00203a70                udma_isr
 .text.udma_err_isr
                0x00203a80        0xc obj_zoul/udma.o
                0x00203a80                udma_err_isr
 .text.select_32_mhz_xosc
                0x00203a8c       0x30 obj_zoul/lpm.o
 .text.lpm_exit
                0x00203abc       0x38 obj_zoul/lpm.o
                0x00203abc                lpm_exit
 .text.lpm_enter
                0x00203af4       0xb4 obj_zoul/lpm.o
                0x00203af4                lpm_enter
 .text.lpm_register_peripheral
                0x00203ba8       0x24 obj_zoul/lpm.o
                0x00203ba8                lpm_register_peripheral
 .text.lpm_init
                0x00203bcc       0x24 obj_zoul/lpm.o
                0x00203bcc                lpm_init
 .text.pka_isr  0x00203bf0       0x24 obj_zoul/pka.o
                0x00203bf0                pka_isr
 .text.ieee_addr_cpy_to
                0x00203c14       0x74 obj_zoul/ieee-addr.o
                0x00203c14                ieee_addr_cpy_to
 .text.printf   0x00203c88       0x20 obj_zoul/dbg-printf.o
                0x00203c88                printf
 .text.fill_space
                0x00203ca8       0x34 obj_zoul/strformat.o
 .text.format_str_v
                0x00203cdc      0x6c8 obj_zoul/strformat.o
                0x00203cdc                format_str_v
 .text.process_thread_ctimer_process
                0x002043a4       0x80 obj_zoul/ctimer.o
 .text.ctimer_init
                0x00204424       0x28 obj_zoul/ctimer.o
                0x00204424                ctimer_init
 .text.ctimer_set_with_process
                0x0020444c       0x44 obj_zoul/ctimer.o
                0x0020444c                ctimer_set_with_process
 .text.ctimer_set
                0x00204490       0x14 obj_zoul/ctimer.o
                0x00204490                ctimer_set
 .text.ctimer_stop
                0x002044a4       0x2c obj_zoul/ctimer.o
                0x002044a4                ctimer_stop
 .text.update_time
                0x002044d0       0x44 obj_zoul/etimer.o
 .text.etimer_request_poll
                0x00204514        0xc obj_zoul/etimer.o
                0x00204514                etimer_request_poll
 .text.process_thread_etimer_process
                0x00204520       0xac obj_zoul/etimer.o
 .text.add_timer
                0x002045cc       0x40 obj_zoul/etimer.o
 .text.etimer_pending
                0x0020460c       0x10 obj_zoul/etimer.o
                0x0020460c                etimer_pending
 .text.etimer_stop
                0x0020461c       0x34 obj_zoul/etimer.o
                0x0020461c                etimer_stop
 .text.call_process.part.0
                0x00204650       0x38 obj_zoul/process.o
 .text.exit_process
                0x00204688       0x80 obj_zoul/process.o
 .text.do_poll  0x00204708       0x34 obj_zoul/process.o
 .text.process_alloc_event
                0x0020473c       0x10 obj_zoul/process.o
                0x0020473c                process_alloc_event
 .text.process_init
                0x0020474c       0x30 obj_zoul/process.o
                0x0020474c                process_init
 .text.process_run
                0x0020477c       0x84 obj_zoul/process.o
                0x0020477c                process_run
 .text.process_nevents
                0x00204800       0x14 obj_zoul/process.o
                0x00204800                process_nevents
 .text.process_post
                0x00204814       0x3c obj_zoul/process.o
                0x00204814                process_post
 .text.process_post_synch
                0x00204850       0x14 obj_zoul/process.o
                0x00204850                process_post_synch
 .text.process_start
                0x00204864       0x30 obj_zoul/process.o
                0x00204864                process_start
 .text.process_poll
                0x00204894       0x18 obj_zoul/process.o
                0x00204894                process_poll
 .text.rtimer_run_next
                0x002048ac       0x28 obj_zoul/rtimer.o
                0x002048ac                rtimer_run_next
 .text.process_thread_serial_line_process
                0x002048d4       0x9c obj_zoul/serial-line.o
 .text.serial_line_input_byte
                0x00204970       0x44 obj_zoul/serial-line.o
                0x00204970                serial_line_input_byte
 .text.serial_line_init
                0x002049b4       0x24 obj_zoul/serial-line.o
                0x002049b4                serial_line_init
 .text.process_thread_sensors_process
                0x002049d8       0xdc obj_zoul/sensors.o
 .text.sensors_changed
                0x00204ab4       0x3c obj_zoul/sensors.o
                0x00204ab4                sensors_changed
 .text.random_rand
                0x00204af0       0x20 obj_zoul/random.o
                0x00204af0                random_rand
 .text.random_init
                0x00204b10       0x7c obj_zoul/random.o
                0x00204b10                random_init
 .text.get_bits_in_byte
                0x00204b8c       0x28 obj_zoul/chameleon-bitopt.o
 .text.set_timers
                0x00204bb4       0x3c obj_zoul/broadcast-announcement.o
 .text.send_timer
                0x00204bf0       0x18 obj_zoul/broadcast-announcement.o
 .text.send_adv
                0x00204c08       0x54 obj_zoul/broadcast-announcement.o
 .text.new_announcement
                0x00204c5c       0x18 obj_zoul/broadcast-announcement.o
 .text.broadcast_announcement_init
                0x00204c74       0x30 obj_zoul/broadcast-announcement.o
                0x00204c74                broadcast_announcement_init
 .text.abc_open
                0x00204ca4       0x20 obj_zoul/abc.o
                0x00204ca4                abc_open
 .text.announcement_init
                0x00204cc4        0xc obj_zoul/announcement.o
                0x00204cc4                announcement_init
 .text.announcement_register_observer_callback
                0x00204cd0        0xc obj_zoul/announcement.o
                0x00204cd0                announcement_register_observer_callback
 .text.announcement_list
                0x00204cdc        0xc obj_zoul/announcement.o
                0x00204cdc                announcement_list
 .text.announcement_heard
                0x00204ce8       0x38 obj_zoul/announcement.o
                0x00204ce8                announcement_heard
 .text.broadcast_open
                0x00204d20       0x24 obj_zoul/broadcast.o
                0x00204d20                broadcast_open
 .text.broadcast_send
                0x00204d44       0x1c obj_zoul/broadcast.o
                0x00204d44                broadcast_send
 .text.chameleon_parse
                0x00204d60       0x1c obj_zoul/chameleon.o
                0x00204d60                chameleon_parse
 .text.chameleon_create
                0x00204d7c       0x20 obj_zoul/chameleon.o
                0x00204d7c                chameleon_create
 .text.chameleon_hdrsize
                0x00204d9c        0xc obj_zoul/chameleon.o
                0x00204d9c                chameleon_hdrsize
 .text.channel_init
                0x00204da8        0xc obj_zoul/channel.o
                0x00204da8                channel_init
 .text.channel_open
                0x00204db4       0x10 obj_zoul/channel.o
                0x00204db4                channel_open
 .text.channel_lookup
                0x00204dc4       0x20 obj_zoul/channel.o
                0x00204dc4                channel_lookup
 .text.packet_sent
                0x00204de4       0x34 obj_zoul/rime.o
 .text.input    0x00204e18       0x34 obj_zoul/rime.o
 .text.rime_output
                0x00204e4c       0x24 obj_zoul/rime.o
                0x00204e4c                rime_output
 .text.queuebuf_init
                0x00204e70       0x1c obj_zoul/queuebuf.o
                0x00204e70                queuebuf_init
 .text.queuebuf_new_from_packetbuf
                0x00204e8c       0x44 obj_zoul/queuebuf.o
                0x00204e8c                queuebuf_new_from_packetbuf
 .text.queuebuf_free
                0x00204ed0       0x2c obj_zoul/queuebuf.o
                0x00204ed0                queuebuf_free
 .text.queuebuf_to_packetbuf
                0x00204efc       0x30 obj_zoul/queuebuf.o
                0x00204efc                queuebuf_to_packetbuf
 .text.packetbuf_hdrreduce
                0x00204f2c       0x28 obj_zoul/packetbuf.o
                0x00204f2c                packetbuf_hdrreduce
 .text.packetbuf_set_datalen
                0x00204f54        0xc obj_zoul/packetbuf.o
                0x00204f54                packetbuf_set_datalen
 .text.packetbuf_hdrptr
                0x00204f60        0x8 obj_zoul/packetbuf.o
                0x00204f60                packetbuf_hdrptr
 .text.packetbuf_datalen
                0x00204f68        0xc obj_zoul/packetbuf.o
                0x00204f68                packetbuf_datalen
 .text.packetbuf_hdrlen
                0x00204f74       0x18 obj_zoul/packetbuf.o
                0x00204f74                packetbuf_hdrlen
 .text.packetbuf_compact
                0x00204f8c       0x48 obj_zoul/packetbuf.o
                0x00204f8c                packetbuf_compact
 .text.packetbuf_dataptr
                0x00204fd4       0x10 obj_zoul/packetbuf.o
                0x00204fd4                packetbuf_dataptr
 .text.packetbuf_copyto
                0x00204fe4       0x40 obj_zoul/packetbuf.o
                0x00204fe4                packetbuf_copyto
 .text.packetbuf_totlen
                0x00205024       0x14 obj_zoul/packetbuf.o
                0x00205024                packetbuf_totlen
 .text.packetbuf_hdralloc
                0x00205038       0x3c obj_zoul/packetbuf.o
                0x00205038                packetbuf_hdralloc
 .text.packetbuf_attr_clear
                0x00205074       0x2c obj_zoul/packetbuf.o
                0x00205074                packetbuf_attr_clear
 .text.packetbuf_clear
                0x002050a0       0x20 obj_zoul/packetbuf.o
                0x002050a0                packetbuf_clear
 .text.packetbuf_copyfrom
                0x002050c0       0x2c obj_zoul/packetbuf.o
                0x002050c0                packetbuf_copyfrom
 .text.packetbuf_attr_copyto
                0x002050ec       0x28 obj_zoul/packetbuf.o
                0x002050ec                packetbuf_attr_copyto
 .text.packetbuf_attr_copyfrom
                0x00205114       0x28 obj_zoul/packetbuf.o
                0x00205114                packetbuf_attr_copyfrom
 .text.packetbuf_set_attr
                0x0020513c       0x10 obj_zoul/packetbuf.o
                0x0020513c                packetbuf_set_attr
 .text.packetbuf_attr
                0x0020514c        0xc obj_zoul/packetbuf.o
                0x0020514c                packetbuf_attr
 .text.packetbuf_set_addr
                0x00205158       0x18 obj_zoul/packetbuf.o
                0x00205158                packetbuf_set_addr
 .text.packetbuf_addr
                0x00205170       0x10 obj_zoul/packetbuf.o
                0x00205170                packetbuf_addr
 .text.packetbuf_holds_broadcast
                0x00205180       0x10 obj_zoul/packetbuf.o
                0x00205180                packetbuf_holds_broadcast
 .text.netstack_init
                0x00205190       0x38 obj_zoul/netstack.o
                0x00205190                netstack_init
 .text.mac_sequence_is_duplicate
                0x002051c8       0x54 obj_zoul/mac-sequence.o
                0x002051c8                mac_sequence_is_duplicate
 .text.mac_sequence_register_seqno
                0x0020521c       0x68 obj_zoul/mac-sequence.o
                0x0020521c                mac_sequence_register_seqno
 .text.create_frame.isra.0
                0x00205284      0x128 obj_zoul/framer-802154.o
 .text.frame802154_get_pan_id
                0x002053ac        0xc obj_zoul/frame802154.o
                0x002053ac                frame802154_get_pan_id
 .text.frame802154_parse
                0x002053b8      0x16c obj_zoul/frame802154.o
                0x002053b8                frame802154_parse
 .text.input_packet
                0x00205524        0xc obj_zoul/csma.o
 .text.on       0x00205530        0xc obj_zoul/csma.o
 .text.off      0x0020553c        0xc obj_zoul/csma.o
 .text.channel_check_interval
                0x00205548       0x10 obj_zoul/csma.o
 .text.transmit_packet_list
                0x00205558       0x30 obj_zoul/csma.o
 .text.schedule_transmission
                0x00205588       0x4c obj_zoul/csma.o
 .text.send_packet
                0x002055d4      0x148 obj_zoul/csma.o
 .text.init     0x0020571c       0x24 obj_zoul/csma.o
 .text.tx_done  0x00205740       0x80 obj_zoul/csma.o
 .text.on       0x002057c0        0xc obj_zoul/nullrdc.o
 .text.send_one_packet
                0x002057cc      0x11c obj_zoul/nullrdc.o
 .text.off      0x002058e8       0x18 obj_zoul/nullrdc.o
 .text.packet_input
                0x00205900       0x54 obj_zoul/nullrdc.o
 .text.hdr_length
                0x00205954       0x10 obj_zoul/contikimac-framer.o
 .text.parse    0x00205964       0x38 obj_zoul/contikimac-framer.o
 .text.create   0x0020599c       0x6c obj_zoul/contikimac-framer.o
 .text.input    0x00205a08        0xc obj_zoul/nullsec.o
 .text.send     0x00205a14       0x20 obj_zoul/nullsec.o
 .text.process_thread_remote_rotation_process
                0x00205a34       0x98 test-rotation-sensor.co
 .text          0x00205acc       0x30 /usr/lib/gcc/arm-none-eabi/5.4.1/armv7-m/libgcc.a(_aeabi_uldivmod.o)
                0x00205acc                __aeabi_uldivmod
 .text          0x00205afc      0x2ec /usr/lib/gcc/arm-none-eabi/5.4.1/armv7-m/libgcc.a(_udivmoddi4.o)
                0x00205afc                __udivmoddi4
 .text          0x00205de8        0x4 /usr/lib/gcc/arm-none-eabi/5.4.1/armv7-m/libgcc.a(_dvmd_tls.o)
                0x00205de8                __aeabi_ldiv0
                0x00205de8                __aeabi_idiv0
 .text          0x00205dec       0x64 /usr/lib/gcc/arm-none-eabi/5.4.1/../../../arm-none-eabi/lib/armv7-m/libc.a(lib_a-memcmp.o)
                0x00205dec                memcmp
 .text          0x00205e50       0xec /usr/lib/gcc/arm-none-eabi/5.4.1/../../../arm-none-eabi/lib/armv7-m/libc.a(lib_a-memcpy.o)
                0x00205e50                memcpy
 .text          0x00205f3c       0x9c /usr/lib/gcc/arm-none-eabi/5.4.1/../../../arm-none-eabi/lib/armv7-m/libc.a(lib_a-memset.o)
                0x00205f3c                memset
 .text.default_handler
                0x00205fd8        0x2 obj_zoul/startup-gcc.o
                0x00205fd8                default_handler
 .text.nmi_handler
                0x00205fda        0x6 obj_zoul/startup-gcc.o
                0x00205fda                nmi_handler
 .text.fade     0x00205fe0       0x58 obj_zoul/contiki-main.o
 .text.status   0x00206038        0x4 obj_zoul/adc-zoul.o
 .text.board_init
                0x0020603c        0x4 obj_zoul/board.o
                0x0020603c                board_init
 .text.clock_isr
                0x00206040        0x4 obj_zoul/clock.o
                0x00206040                clock_isr
 .text.rtimer_arch_init
                0x00206044        0x2 obj_zoul/rtimer-arch.o
                0x00206044                rtimer_arch_init
 .text.uart0_isr
                0x00206046        0x6 obj_zoul/uart.o
                0x00206046                uart0_isr
 .text.uart1_isr
                0x0020604c        0x6 obj_zoul/uart.o
                0x0020604c                uart1_isr
 .text.cpu_cpsie
                0x00206052        0x8 obj_zoul/cpu.o
                0x00206052                cpu_cpsie
 .text.cpu_cpsid
                0x0020605a        0x8 obj_zoul/cpu.o
                0x0020605a                cpu_cpsid
 .text.gpio_port_a_isr
                0x00206062        0x6 obj_zoul/gpio.o
                0x00206062                gpio_port_a_isr
 .text.gpio_port_b_isr
                0x00206068        0x6 obj_zoul/gpio.o
                0x00206068                gpio_port_b_isr
 .text.gpio_port_c_isr
                0x0020606e        0x6 obj_zoul/gpio.o
                0x0020606e                gpio_port_c_isr
 .text.gpio_port_d_isr
                0x00206074        0x6 obj_zoul/gpio.o
                0x00206074                gpio_port_d_isr
 .text.send     0x0020607a       0x12 obj_zoul/cc2538-rf.o
 .text.putchar  0x0020608c       0x10 obj_zoul/dbg.o
                0x0020608c                putchar
 .text.dbg_send_bytes
                0x0020609c       0x20 obj_zoul/dbg.o
                0x0020609c                dbg_send_bytes
 .text.puts     0x002060bc       0x20 obj_zoul/dbg.o
                0x002060bc                puts
 .text.configure
                0x002060dc        0x4 obj_zoul/cc2538-temp-sensor.o
 .text.status   0x002060e0        0x4 obj_zoul/cc2538-temp-sensor.o
 .text.value    0x002060e4       0x34 obj_zoul/cc2538-temp-sensor.o
 .text.configure
                0x00206118        0x4 obj_zoul/vdd3-sensor.o
 .text.status   0x0020611c        0x4 obj_zoul/vdd3-sensor.o
 .text.value    0x00206120       0x2a obj_zoul/vdd3-sensor.o
 .text.write_str
                0x0020614a       0x10 obj_zoul/dbg-printf.o
 .text.autostart_start
                0x0020615a       0x14 obj_zoul/autostart.o
                0x0020615a                autostart_start
 .text.energest_init
                0x0020616e        0x2 obj_zoul/energest.o
                0x0020616e                energest_init
 .text.etimer_set
                0x00206170       0x12 obj_zoul/etimer.o
                0x00206170                etimer_set
 .text.etimer_expired
                0x00206182        0xa obj_zoul/etimer.o
                0x00206182                etimer_expired
 .text.call_process
                0x0020618c        0xc obj_zoul/process.o
 .text.rtimer_init
                0x00206198        0x4 obj_zoul/rtimer.o
                0x00206198                rtimer_init
 .text.timer_set
                0x0020619c        0xe obj_zoul/timer.o
                0x0020619c                timer_set
 .text.timer_expired
                0x002061aa       0x1c obj_zoul/timer.o
                0x002061aa                timer_expired
 .text.list_init
                0x002061c6        0x6 obj_zoul/list.o
                0x002061c6                list_init
 .text.list_head
                0x002061cc        0x4 obj_zoul/list.o
                0x002061cc                list_head
 .text.list_tail
                0x002061d0       0x10 obj_zoul/list.o
                0x002061d0                list_tail
 .text.list_remove
                0x002061e0       0x26 obj_zoul/list.o
                0x002061e0                list_remove
 .text.list_add
                0x00206206       0x1a obj_zoul/list.o
                0x00206206                list_add
 .text.list_push
                0x00206220       0x10 obj_zoul/list.o
                0x00206220                list_push
 .text.list_length
                0x00206230        0xe obj_zoul/list.o
                0x00206230                list_length
 .text.list_item_next
                0x0020623e        0x6 obj_zoul/list.o
                0x0020623e                list_item_next
 .text.memb_init
                0x00206244       0x20 obj_zoul/memb.o
                0x00206244                memb_init
 .text.memb_alloc
                0x00206264       0x28 obj_zoul/memb.o
                0x00206264                memb_alloc
 .text.memb_free
                0x0020628c       0x2c obj_zoul/memb.o
                0x0020628c                memb_free
 .text.memb_inmemb
                0x002062b8       0x1c obj_zoul/memb.o
                0x002062b8                memb_inmemb
 .text.ringbuf_init
                0x002062d4        0xe obj_zoul/ringbuf.o
                0x002062d4                ringbuf_init
 .text.ringbuf_put
                0x002062e2       0x26 obj_zoul/ringbuf.o
                0x002062e2                ringbuf_put
 .text.ringbuf_get
                0x00206308       0x20 obj_zoul/ringbuf.o
                0x00206308                ringbuf_get
 .text.header_size
                0x00206328       0x16 obj_zoul/chameleon-bitopt.o
 .text.get_bits
                0x0020633e       0x76 obj_zoul/chameleon-bitopt.o
                0x0020633e                get_bits
 .text.unpack_header
                0x002063b4       0xa6 obj_zoul/chameleon-bitopt.o
 .text.set_bits
                0x0020645a       0xc6 obj_zoul/chameleon-bitopt.o
                0x0020645a                set_bits
 .text.pack_header
                0x00206520       0x88 obj_zoul/chameleon-bitopt.o
 .text.adv_packet_sent
                0x002065a8        0x2 obj_zoul/broadcast-announcement.o
 .text.adv_packet_received
                0x002065aa       0x44 obj_zoul/broadcast-announcement.o
 .text.abc_send
                0x002065ee        0x4 obj_zoul/abc.o
                0x002065ee                abc_send
 .text.abc_input
                0x002065f2        0xa obj_zoul/abc.o
                0x002065f2                abc_input
 .text.abc_sent
                0x002065fc        0xa obj_zoul/abc.o
                0x002065fc                abc_sent
 .text.sent_by_abc
                0x00206606        0xa obj_zoul/broadcast.o
 .text.recv_from_abc
                0x00206610       0x22 obj_zoul/broadcast.o
 .text.chameleon_init
                0x00206632        0x4 obj_zoul/chameleon.o
                0x00206632                chameleon_init
 .text.channel_set_attributes
                0x00206636       0x18 obj_zoul/channel.o
                0x00206636                channel_set_attributes
 .text.init     0x0020664e       0x28 obj_zoul/rime.o
 .text.queuebuf_update_attr_from_packetbuf
                0x00206676        0xc obj_zoul/queuebuf.o
                0x00206676                queuebuf_update_attr_from_packetbuf
 .text.queuebuf_attr
                0x00206682        0xc obj_zoul/queuebuf.o
                0x00206682                queuebuf_attr
 .text.linkaddr_copy
                0x0020668e        0x6 obj_zoul/linkaddr.o
                0x0020668e                linkaddr_copy
 .text.linkaddr_cmp
                0x00206694       0x10 obj_zoul/linkaddr.o
                0x00206694                linkaddr_cmp
 .text.parse    0x002066a4       0x9e obj_zoul/framer-802154.o
 .text.create   0x00206742        0x6 obj_zoul/framer-802154.o
 .text.hdr_length
                0x00206748        0x6 obj_zoul/framer-802154.o
 .text.frame802154_has_panid
                0x0020674e       0x62 obj_zoul/frame802154.o
                0x0020674e                frame802154_has_panid
 .text.field_len
                0x002067b0       0x80 obj_zoul/frame802154.o
 .text.frame802154_is_broadcast_addr
                0x00206830       0x1e obj_zoul/frame802154.o
                0x00206830                frame802154_is_broadcast_addr
 .text.frame802154_hdrlen
                0x0020684e       0x32 obj_zoul/frame802154.o
                0x0020684e                frame802154_hdrlen
 .text.frame802154_create
                0x00206880       0xe6 obj_zoul/frame802154.o
                0x00206880                frame802154_create
 .text.mac_call_sent_callback
                0x00206966       0x18 obj_zoul/mac.o
                0x00206966                mac_call_sent_callback
 .text.packet_sent
                0x0020697e       0xd6 obj_zoul/csma.o
 .text.channel_check_interval
                0x00206a54        0x4 obj_zoul/nullrdc.o
 .text.init     0x00206a58        0x4 obj_zoul/nullrdc.o
 .text.send_list
                0x00206a5c       0x20 obj_zoul/nullrdc.o
 .text.send_packet
                0x00206a7c        0x4 obj_zoul/nullrdc.o
 .text.init     0x00206a80        0x2 obj_zoul/nullsec.o
 *(SORT(.rodata*))
 *fill*         0x00206a82        0x2 00000000
 .rodata.adc_sensors
                0x00206a84       0x10 obj_zoul/adc-sensors.o
                0x00206a84                adc_sensors
 .rodata.adc_zoul
                0x00206a94       0x10 obj_zoul/adc-zoul.o
                0x00206a94                adc_zoul
 .rodata.button_sensor
                0x00206aa4       0x10 obj_zoul/button-sensor.o
                0x00206aa4                button_sensor
 .rodata.uart_regs
                0x00206ab4       0x58 obj_zoul/uart.o
 .rodata.reset_cause.4814
                0x00206b0c       0x10 obj_zoul/sys-ctrl.o
 .rodata.output_power
                0x00206b1c       0x70 obj_zoul/cc2538-rf.o
 .rodata.cc2538_rf_driver
                0x00206b8c       0x38 obj_zoul/cc2538-rf.o
                0x00206b8c                cc2538_rf_driver
 .rodata.cc2538_temp_sensor
                0x00206bc4       0x10 obj_zoul/cc2538-temp-sensor.o
                0x00206bc4                cc2538_temp_sensor
 .rodata.vdd3_sensor
                0x00206bd4       0x10 obj_zoul/vdd3-sensor.o
                0x00206bd4                vdd3_sensor
 .rodata.chameleon_bitopt
                0x00206be4        0xc obj_zoul/chameleon-bitopt.o
                0x00206be4                chameleon_bitopt
 .rodata.broadcast_callbacks
                0x00206bf0        0x8 obj_zoul/broadcast-announcement.o
 .rodata.broadcast
                0x00206bf8        0x8 obj_zoul/broadcast.o
 .rodata.rime_driver
                0x00206c00        0xc obj_zoul/rime.o
                0x00206c00                rime_driver
 .rodata.framer_802154
                0x00206c0c        0xc obj_zoul/framer-802154.o
                0x00206c0c                framer_802154
 .rodata.csma_driver
                0x00206c18       0x1c obj_zoul/csma.o
                0x00206c18                csma_driver
 .rodata.nullrdc_driver
                0x00206c34       0x20 obj_zoul/nullrdc.o
                0x00206c34                nullrdc_driver
 .rodata.contikimac_framer
                0x00206c54        0xc obj_zoul/contikimac-framer.o
                0x00206c54                contikimac_framer
 .rodata.nullsec_driver
                0x00206c60       0x10 obj_zoul/nullsec.o
                0x00206c60                nullsec_driver
 .rodata.autostart_processes
                0x00206c70        0x8 test-rotation-sensor.co
                0x00206c70                autostart_processes
 .rodata.linkaddr_null
                0x00206c78        0x2 obj_zoul/linkaddr.o
                0x00206c78                linkaddr_null
 .rodata.str1.1
                0x00206c7a       0x10 obj_zoul/adc-sensors.o
 .rodata.str1.1
                0x00206c8a       0x80 obj_zoul/contiki-main.o
 .rodata.str1.1
                0x00206d0a       0x15 obj_zoul/adc-zoul.o
 .rodata.str1.1
                0x00206d1f        0x7 obj_zoul/button-sensor.o
 .rodata.str1.1
                0x00206d26       0x94 obj_zoul/soc.o
 .rodata.str1.1
                0x00206dba       0x2d obj_zoul/sys-ctrl.o
 .rodata.str1.1
                0x00206de7       0x11 obj_zoul/cc2538-rf.o
 .rodata.str1.1
                0x00206df8       0x14 obj_zoul/cc2538-temp-sensor.o
 .rodata.str1.1
                0x00206e0c        0x5 obj_zoul/vdd3-sensor.o
 .rodata.str1.1
                0x00206e11       0x35 obj_zoul/strformat.o
                                 0x37 (size before relaxing)
 .rodata.buffer.4238
                0x00206e46       0x10 obj_zoul/strformat.o
 .rodata.buffer.4247
                0x00206e56       0x10 obj_zoul/strformat.o
 .rodata.str1.1
                0x00206e66        0xf obj_zoul/ctimer.o
 .rodata.str1.1
                0x00206e75        0xc obj_zoul/etimer.o
 .rodata.str1.1
                0x00206e81        0xe obj_zoul/serial-line.o
 .rodata.str1.1
                0x00206e8f        0x8 obj_zoul/sensors.o
 .rodata.bitmask
                0x00206e97        0x9 obj_zoul/chameleon-bitopt.o
 .rodata.attributes
                0x00206ea0        0x2 obj_zoul/abc.o
 .rodata.attributes
                0x00206ea2        0x4 obj_zoul/broadcast.o
 .rodata.str1.1
                0x00206ea6        0x5 obj_zoul/rime.o
 .rodata.str1.1
                0x00206eab        0x5 obj_zoul/csma.o
 .rodata.str1.1
                0x00206eb0        0x8 obj_zoul/nullrdc.o
 .rodata.str1.1
                0x00206eb8        0x8 obj_zoul/nullsec.o
 .rodata.str1.1
                0x00206ec0       0x2d test-rotation-sensor.co
                0x00206eed                _etext = .

.glue_7         0x00206ef0        0x0
 .glue_7        0x00206ef0        0x0 linker stubs

.glue_7t        0x00206ef0        0x0
 .glue_7t       0x00206ef0        0x0 linker stubs

.vfp11_veneer   0x00206ef0        0x0
 .vfp11_veneer  0x00206ef0        0x0 linker stubs

.v4_bx          0x00206ef0        0x0
 .v4_bx         0x00206ef0        0x0 linker stubs

.iplt           0x00206ef0        0x0
 .iplt          0x00206ef0        0x0 obj_zoul/startup-gcc.o

.socdata        0x20004000       0x40
 *(SORT(.udma_channel_control_table))
 .udma_channel_control_table
                0x20004000       0x40 obj_zoul/udma.o

.data           0x20004040       0xb8 load address 0x00206ef0
                0x20004040                _data = .
 *(SORT(.data*))
 .data.sensors  0x20004040       0x10 obj_zoul/zoul-sensors.o
                0x20004040                sensors
 .data.cc2538_rf_process
                0x20004050       0x10 obj_zoul/cc2538-rf.o
                0x20004050                cc2538_rf_process
 .data.ctxt     0x20004060        0x8 obj_zoul/dbg-printf.o
 .data.ctimer_process
                0x20004068       0x10 obj_zoul/ctimer.o
                0x20004068                ctimer_process
 .data.etimer_process
                0x20004078       0x10 obj_zoul/etimer.o
                0x20004078                etimer_process
 .data.serial_line_process
                0x20004088       0x10 obj_zoul/serial-line.o
                0x20004088                serial_line_process
 .data.sensors_process
                0x20004098       0x10 obj_zoul/sensors.o
                0x20004098                sensors_process
 .data.bufmem   0x200040a8        0xc obj_zoul/queuebuf.o
 .data.buframmem
                0x200040b4        0xc obj_zoul/queuebuf.o
 .data.metadata_memb
                0x200040c0        0xc obj_zoul/csma.o
 .data.packet_memb
                0x200040cc        0xc obj_zoul/csma.o
 .data.neighbor_memb
                0x200040d8        0xc obj_zoul/csma.o
 .data.remote_rotation_process
                0x200040e4       0x10 test-rotation-sensor.co
                0x200040e4                remote_rotation_process
 .data.mac_pan_id
                0x200040f4        0x2 obj_zoul/frame802154.o
 .data.send_on_cca
                0x200040f6        0x1 obj_zoul/cc2538-rf.o
 .data.rf_channel
                0x200040f7        0x1 obj_zoul/cc2538-rf.o
                0x200040f8                _edata = .
                0x00206ef0                _ldata = LOADADDR (.data)

.igot.plt       0x200040f8        0x0 load address 0x00206fa8
 .igot.plt      0x200040f8        0x0 obj_zoul/startup-gcc.o

.ARM.exidx      0x00206fa8        0x8
 *(SORT(.ARM.exidx*))
 .ARM.exidx     0x00206fa8        0x8 /usr/lib/gcc/arm-none-eabi/5.4.1/armv7-m/libgcc.a(_udivmoddi4.o)

.bss            0x200040f8      0xd47
                0x200040f8                _bss = .
 *(SORT(.bss*))
 .bss.rt_ticks_startup
                0x200040f8        0x8 obj_zoul/clock.o
 .bss.rt_ticks_epoch
                0x20004100        0x8 obj_zoul/clock.o
 .bss.sensors   0x20004108       0x14 obj_zoul/adc-sensors.o
 .bss.press_counter
                0x2000411c       0x20 obj_zoul/button-sensor.o
 .bss.debouncetimer
                0x2000413c        0x8 obj_zoul/button-sensor.o
 .bss.press_duration
                0x20004144        0x4 obj_zoul/button-sensor.o
 .bss.next_trigger
                0x20004148        0x4 obj_zoul/rtimer-arch.o
 .bss.input_handler
                0x2000414c        0x8 obj_zoul/uart.o
 .bss.interrupt_disable
                0x20004154        0x4 obj_zoul/nvic.o
 .bss.interrupt_pend
                0x20004158        0x4 obj_zoul/nvic.o
 .bss.interrupt_unpend
                0x2000415c        0x4 obj_zoul/nvic.o
 .bss.interrupt_enable
                0x20004160        0x4 obj_zoul/nvic.o
 .bss.gpio_callbacks
                0x20004164       0x80 obj_zoul/gpio.o
 .bss.ioc_sel   0x200041e4        0x4 obj_zoul/ioc.o
 .bss.ioc_over  0x200041e8        0x4 obj_zoul/ioc.o
 .bss.notification_process
                0x200041ec        0x4 obj_zoul/crypto.o
 .bss.periph_permit_pm1_funcs
                0x200041f0       0x14 obj_zoul/lpm.o
 .bss.notification_process
                0x20004204        0x4 obj_zoul/pka.o
 .bss.ctimer_list_list
                0x20004208        0x4 obj_zoul/ctimer.o
 .bss.timerlist
                0x2000420c        0x4 obj_zoul/etimer.o
 .bss.next_expiration
                0x20004210        0x4 obj_zoul/etimer.o
 .bss.process_current
                0x20004214        0x4 obj_zoul/process.o
                0x20004214                process_current
 .bss.process_list
                0x20004218        0x4 obj_zoul/process.o
                0x20004218                process_list
 .bss.events    0x2000421c      0x180 obj_zoul/process.o
 .bss.next_rtimer
                0x2000439c        0x4 obj_zoul/rtimer.o
 .bss.rxbuf     0x200043a0        0x8 obj_zoul/serial-line.o
 .bss.ptr.4829  0x200043a8        0x4 obj_zoul/serial-line.o
 .bss.events.4845
                0x200043ac        0x4 obj_zoul/sensors.o
 .bss.i.4844    0x200043b0        0x4 obj_zoul/sensors.o
 .bss.c         0x200043b4       0x6c obj_zoul/broadcast-announcement.o
 .bss.announcements_list
                0x20004420        0x4 obj_zoul/announcement.o
 .bss.observer_callback
                0x20004424        0x4 obj_zoul/announcement.o
 .bss.channel_list_list
                0x20004428        0x4 obj_zoul/channel.o
 .bss.sniffers_list
                0x2000442c        0x4 obj_zoul/rime.o
 .bss.bufmem_memb_mem
                0x20004430       0x20 obj_zoul/queuebuf.o
 .bss.packetbuf_aligned
                0x20004450       0x80 obj_zoul/packetbuf.o
 .bss.received_seqnos
                0x200044d0       0xc0 obj_zoul/mac-sequence.o
 .bss.neighbor_list_list
                0x20004590        0x4 obj_zoul/csma.o
 .bss.metadata_memb_memb_mem
                0x20004594       0x60 obj_zoul/csma.o
 .bss.packet_memb_memb_mem
                0x200045f4       0x60 obj_zoul/csma.o
 .bss.neighbor_memb_memb_mem
                0x20004654       0x68 obj_zoul/csma.o
 .bss.et        0x200046bc       0x10 test-rotation-sensor.co
 .bss.buframmem_memb_mem
                0x200046cc      0x5f0 obj_zoul/queuebuf.o
 .bss.buflen    0x20004cbc        0x2 obj_zoul/packetbuf.o
 .bss.bufptr    0x20004cbe        0x2 obj_zoul/packetbuf.o
 .bss.seqno.6408
                0x20004cc0        0x2 obj_zoul/csma.o
 .bss.leds      0x20004cc2        0x1 obj_zoul/leds.o
 .bss.decimation_rate
                0x20004cc3        0x1 obj_zoul/adc-zoul.o
 .bss.enabled_channels
                0x20004cc4        0x1 obj_zoul/adc-zoul.o
 .bss.press_event_counter
                0x20004cc5        0x1 obj_zoul/button-sensor.o
 .bss.initialized
                0x20004cc6        0x1 obj_zoul/antenna-sw.o
 .bss.crc_corr  0x20004cc7        0x1 obj_zoul/cc2538-rf.o
 .bss.rssi      0x20004cc8        0x1 obj_zoul/cc2538-rf.o
 .bss.poll_mode
                0x20004cc9        0x1 obj_zoul/cc2538-rf.o
 .bss.rf_flags  0x20004cca        0x1 obj_zoul/cc2538-rf.o
 .bss.max_pm    0x20004ccb        0x1 obj_zoul/lpm.o
 .bss.initialized
                0x20004ccc        0x1 obj_zoul/ctimer.o
 .bss.fevent    0x20004ccd        0x1 obj_zoul/process.o
 .bss.nevents   0x20004cce        0x1 obj_zoul/process.o
 .bss.poll_requested
                0x20004ccf        0x1 obj_zoul/process.o
 .bss.lastevent
                0x20004cd0        0x1 obj_zoul/process.o
 .bss.rxbuf_data
                0x20004cd1       0x80 obj_zoul/serial-line.o
 .bss.overflow.4822
                0x20004d51        0x1 obj_zoul/serial-line.o
 .bss.buf.4828  0x20004d52       0x80 obj_zoul/serial-line.o
 .bss.num_sensors
                0x20004dd2        0x1 obj_zoul/sensors.o
 .bss.buframmem_memb_count
                0x20004dd3        0x8 obj_zoul/queuebuf.o
 .bss.bufmem_memb_count
                0x20004ddb        0x8 obj_zoul/queuebuf.o
 .bss.hdrlen    0x20004de3        0x1 obj_zoul/packetbuf.o
 .bss.mac_dsn   0x20004de4        0x1 obj_zoul/framer-802154.o
 .bss.initialized
                0x20004de5        0x1 obj_zoul/framer-802154.o
 .bss.metadata_memb_memb_count
                0x20004de6        0x8 obj_zoul/csma.o
 .bss.initialized.6407
                0x20004dee        0x1 obj_zoul/csma.o
 .bss.packet_memb_memb_count
                0x20004def        0x8 obj_zoul/csma.o
 .bss.neighbor_memb_memb_count
                0x20004df7        0x2 obj_zoul/csma.o
 *(SORT(COMMON))
 *fill*         0x20004df9        0x1 
 COMMON         0x20004dfa       0x3c obj_zoul/packetbuf.o
                0x20004dfa                packetbuf_addrs
                0x20004e02                packetbuf_attrs
 COMMON         0x20004e36        0x2 obj_zoul/linkaddr.o
                0x20004e36                linkaddr_node_addr
 COMMON         0x20004e38        0x1 obj_zoul/button-sensor.o
                0x20004e38                button_press_duration_exceeded
 COMMON         0x20004e39        0x4 obj_zoul/zoul-sensors.o
                0x20004e39                sensors_flags
 COMMON         0x20004e3d        0x1 obj_zoul/serial-line.o
                0x20004e3d                serial_line_event_message
 COMMON         0x20004e3e        0x1 obj_zoul/sensors.o
                0x20004e3e                sensors_event
                0x20004e3f                _ebss = .

.stack          0x20004e40      0x800
 *(SORT(.stack))
 .stack         0x20004e40      0x800 obj_zoul/startup-gcc.o
                0x20005640                _heap = .
                0x20008000                _eheap = (ORIGIN (FRSRAM) + LENGTH (FRSRAM))

.nrdata         0x20000000        0x0
                0x20000000                _nrdata = .
 *(SORT(.nrdata*))
                0x20000000                _enrdata = .

.flashcca       0x0027ffd4       0x2c
 *(SORT(.flashcca))
 .flashcca      0x0027ffd4       0x2c obj_zoul/startup-gcc.o
                0x0027ffd4                flash_cca_lock_page
OUTPUT(test-rotation-sensor.elf elf32-littlearm)

.rel.dyn        0x00280000        0x0
 .rel.iplt      0x00280000        0x0 obj_zoul/startup-gcc.o

.comment        0x00000000       0x2b
 .comment       0x00000000       0x2b obj_zoul/startup-gcc.o
                                 0x2c (size before relaxing)
 .comment       0x0000002b       0x2c obj_zoul/adc-sensors.o
 .comment       0x0000002b       0x2c obj_zoul/contiki-main.o
 .comment       0x0000002b       0x2c obj_zoul/leds.o
 .comment       0x0000002b       0x2c obj_zoul/adc-zoul.o
 .comment       0x0000002b       0x2c obj_zoul/button-sensor.o
 .comment       0x0000002b       0x2c obj_zoul/zoul-sensors.o
 .comment       0x0000002b       0x2c obj_zoul/board.o
 .comment       0x0000002b       0x2c obj_zoul/antenna-sw.o
 .comment       0x0000002b       0x2c obj_zoul/leds-res-arch.o
 .comment       0x0000002b       0x2c obj_zoul/soc.o
 .comment       0x0000002b       0x2c obj_zoul/clock.o
 .comment       0x0000002b       0x2c obj_zoul/rtimer-arch.o
 .comment       0x0000002b       0x2c obj_zoul/uart.o
 .comment       0x0000002b       0x2c obj_zoul/watchdog.o
 .comment       0x0000002b       0x2c obj_zoul/nvic.o
 .comment       0x0000002b       0x2c obj_zoul/cpu.o
 .comment       0x0000002b       0x2c obj_zoul/sys-ctrl.o
 .comment       0x0000002b       0x2c obj_zoul/gpio.o
 .comment       0x0000002b       0x2c obj_zoul/ioc.o
 .comment       0x0000002b       0x2c obj_zoul/adc.o
 .comment       0x0000002b       0x2c obj_zoul/crypto.o
 .comment       0x0000002b       0x2c obj_zoul/cc2538-rf.o
 .comment       0x0000002b       0x2c obj_zoul/udma.o
 .comment       0x0000002b       0x2c obj_zoul/lpm.o
 .comment       0x0000002b       0x2c obj_zoul/pka.o
 .comment       0x0000002b       0x2c obj_zoul/dbg.o
 .comment       0x0000002b       0x2c obj_zoul/ieee-addr.o
 .comment       0x0000002b       0x2c obj_zoul/cc2538-temp-sensor.o
 .comment       0x0000002b       0x2c obj_zoul/vdd3-sensor.o
 .comment       0x0000002b       0x2c obj_zoul/dbg-printf.o
 .comment       0x0000002b       0x2c obj_zoul/strformat.o
 .comment       0x0000002b       0x2c obj_zoul/ctimer.o
 .comment       0x0000002b       0x2c obj_zoul/autostart.o
 .comment       0x0000002b       0x2c obj_zoul/energest.o
 .comment       0x0000002b       0x2c obj_zoul/etimer.o
 .comment       0x0000002b       0x2c obj_zoul/process.o
 .comment       0x0000002b       0x2c obj_zoul/rtimer.o
 .comment       0x0000002b       0x2c obj_zoul/timer.o
 .comment       0x0000002b       0x2c obj_zoul/serial-line.o
 .comment       0x0000002b       0x2c obj_zoul/sensors.o
 .comment       0x0000002b       0x2c obj_zoul/list.o
 .comment       0x0000002b       0x2c obj_zoul/memb.o
 .comment       0x0000002b       0x2c obj_zoul/random.o
 .comment       0x0000002b       0x2c obj_zoul/ringbuf.o
 .comment       0x0000002b       0x2c obj_zoul/chameleon-bitopt.o
 .comment       0x0000002b       0x2c obj_zoul/broadcast-announcement.o
 .comment       0x0000002b       0x2c obj_zoul/abc.o
 .comment       0x0000002b       0x2c obj_zoul/announcement.o
 .comment       0x0000002b       0x2c obj_zoul/broadcast.o
 .comment       0x0000002b       0x2c obj_zoul/chameleon.o
 .comment       0x0000002b       0x2c obj_zoul/channel.o
 .comment       0x0000002b       0x2c obj_zoul/rime.o
 .comment       0x0000002b       0x2c obj_zoul/queuebuf.o
 .comment       0x0000002b       0x2c obj_zoul/packetbuf.o
 .comment       0x0000002b       0x2c obj_zoul/netstack.o
 .comment       0x0000002b       0x2c obj_zoul/linkaddr.o
 .comment       0x0000002b       0x2c obj_zoul/mac-sequence.o
 .comment       0x0000002b       0x2c obj_zoul/framer-802154.o
 .comment       0x0000002b       0x2c obj_zoul/frame802154.o
 .comment       0x0000002b       0x2c obj_zoul/mac.o
 .comment       0x0000002b       0x2c obj_zoul/csma.o
 .comment       0x0000002b       0x2c obj_zoul/nullrdc.o
 .comment       0x0000002b       0x2c obj_zoul/contikimac-framer.o
 .comment       0x0000002b       0x2c obj_zoul/nullsec.o
 .comment       0x0000002b       0x2c test-rotation-sensor.co
 .comment       0x0000002b       0x2c /usr/lib/gcc/arm-none-eabi/5.4.1/armv7-m/libgcc.a(_udivmoddi4.o)
 .comment       0x0000002b       0x2c /usr/lib/gcc/arm-none-eabi/5.4.1/../../../arm-none-eabi/lib/armv7-m/libc.a(lib_a-memcmp.o)
 .comment       0x0000002b       0x2c /usr/lib/gcc/arm-none-eabi/5.4.1/../../../arm-none-eabi/lib/armv7-m/libc.a(lib_a-memset.o)

.ARM.attributes
                0x00000000       0x31
 .ARM.attributes
                0x00000000       0x33 obj_zoul/startup-gcc.o
 .ARM.attributes
                0x00000033       0x33 obj_zoul/adc-sensors.o
 .ARM.attributes
                0x00000066       0x33 obj_zoul/contiki-main.o
 .ARM.attributes
                0x00000099       0x33 obj_zoul/leds.o
 .ARM.attributes
                0x000000cc       0x33 obj_zoul/adc-zoul.o
 .ARM.attributes
                0x000000ff       0x33 obj_zoul/button-sensor.o
 .ARM.attributes
                0x00000132       0x33 obj_zoul/zoul-sensors.o
 .ARM.attributes
                0x00000165       0x33 obj_zoul/board.o
 .ARM.attributes
                0x00000198       0x33 obj_zoul/antenna-sw.o
 .ARM.attributes
                0x000001cb       0x33 obj_zoul/leds-res-arch.o
 .ARM.attributes
                0x000001fe       0x33 obj_zoul/soc.o
 .ARM.attributes
                0x00000231       0x33 obj_zoul/clock.o
 .ARM.attributes
                0x00000264       0x33 obj_zoul/rtimer-arch.o
 .ARM.attributes
                0x00000297       0x33 obj_zoul/uart.o
 .ARM.attributes
                0x000002ca       0x33 obj_zoul/watchdog.o
 .ARM.attributes
                0x000002fd       0x33 obj_zoul/nvic.o
 .ARM.attributes
                0x00000330       0x33 obj_zoul/cpu.o
 .ARM.attributes
                0x00000363       0x33 obj_zoul/sys-ctrl.o
 .ARM.attributes
                0x00000396       0x33 obj_zoul/gpio.o
 .ARM.attributes
                0x000003c9       0x33 obj_zoul/ioc.o
 .ARM.attributes
                0x000003fc       0x33 obj_zoul/adc.o
 .ARM.attributes
                0x0000042f       0x33 obj_zoul/crypto.o
 .ARM.attributes
                0x00000462       0x33 obj_zoul/cc2538-rf.o
 .ARM.attributes
                0x00000495       0x33 obj_zoul/udma.o
 .ARM.attributes
                0x000004c8       0x33 obj_zoul/lpm.o
 .ARM.attributes
                0x000004fb       0x33 obj_zoul/pka.o
 .ARM.attributes
                0x0000052e       0x33 obj_zoul/dbg.o
 .ARM.attributes
                0x00000561       0x33 obj_zoul/ieee-addr.o
 .ARM.attributes
                0x00000594       0x33 obj_zoul/cc2538-temp-sensor.o
 .ARM.attributes
                0x000005c7       0x33 obj_zoul/vdd3-sensor.o
 .ARM.attributes
                0x000005fa       0x33 obj_zoul/dbg-printf.o
 .ARM.attributes
                0x0000062d       0x33 obj_zoul/strformat.o
 .ARM.attributes
                0x00000660       0x33 obj_zoul/ctimer.o
 .ARM.attributes
                0x00000693       0x33 obj_zoul/autostart.o
 .ARM.attributes
                0x000006c6       0x33 obj_zoul/energest.o
 .ARM.attributes
                0x000006f9       0x33 obj_zoul/etimer.o
 .ARM.attributes
                0x0000072c       0x33 obj_zoul/process.o
 .ARM.attributes
                0x0000075f       0x33 obj_zoul/rtimer.o
 .ARM.attributes
                0x00000792       0x33 obj_zoul/timer.o
 .ARM.attributes
                0x000007c5       0x33 obj_zoul/serial-line.o
 .ARM.attributes
                0x000007f8       0x33 obj_zoul/sensors.o
 .ARM.attributes
                0x0000082b       0x33 obj_zoul/list.o
 .ARM.attributes
                0x0000085e       0x33 obj_zoul/memb.o
 .ARM.attributes
                0x00000891       0x33 obj_zoul/random.o
 .ARM.attributes
                0x000008c4       0x33 obj_zoul/ringbuf.o
 .ARM.attributes
                0x000008f7       0x33 obj_zoul/chameleon-bitopt.o
 .ARM.attributes
                0x0000092a       0x33 obj_zoul/broadcast-announcement.o
 .ARM.attributes
                0x0000095d       0x33 obj_zoul/abc.o
 .ARM.attributes
                0x00000990       0x33 obj_zoul/announcement.o
 .ARM.attributes
                0x000009c3       0x33 obj_zoul/broadcast.o
 .ARM.attributes
                0x000009f6       0x33 obj_zoul/chameleon.o
 .ARM.attributes
                0x00000a29       0x33 obj_zoul/channel.o
 .ARM.attributes
                0x00000a5c       0x33 obj_zoul/rime.o
 .ARM.attributes
                0x00000a8f       0x33 obj_zoul/queuebuf.o
 .ARM.attributes
                0x00000ac2       0x33 obj_zoul/packetbuf.o
 .ARM.attributes
                0x00000af5       0x33 obj_zoul/netstack.o
 .ARM.attributes
                0x00000b28       0x33 obj_zoul/linkaddr.o
 .ARM.attributes
                0x00000b5b       0x33 obj_zoul/mac-sequence.o
 .ARM.attributes
                0x00000b8e       0x33 obj_zoul/framer-802154.o
 .ARM.attributes
                0x00000bc1       0x33 obj_zoul/frame802154.o
 .ARM.attributes
                0x00000bf4       0x33 obj_zoul/mac.o
 .ARM.attributes
                0x00000c27       0x33 obj_zoul/csma.o
 .ARM.attributes
                0x00000c5a       0x33 obj_zoul/nullrdc.o
 .ARM.attributes
                0x00000c8d       0x33 obj_zoul/contikimac-framer.o
 .ARM.attributes
                0x00000cc0       0x33 obj_zoul/nullsec.o
 .ARM.attributes
                0x00000cf3       0x33 test-rotation-sensor.co
 .ARM.attributes
                0x00000d26       0x1d /usr/lib/gcc/arm-none-eabi/5.4.1/armv7-m/libgcc.a(_aeabi_uldivmod.o)
 .ARM.attributes
                0x00000d43       0x2d /usr/lib/gcc/arm-none-eabi/5.4.1/armv7-m/libgcc.a(_udivmoddi4.o)
 .ARM.attributes
                0x00000d70       0x1d /usr/lib/gcc/arm-none-eabi/5.4.1/armv7-m/libgcc.a(_dvmd_tls.o)
 .ARM.attributes
                0x00000d8d       0x2d /usr/lib/gcc/arm-none-eabi/5.4.1/../../../arm-none-eabi/lib/armv7-m/libc.a(lib_a-memcmp.o)
 .ARM.attributes
                0x00000dba       0x1b /usr/lib/gcc/arm-none-eabi/5.4.1/../../../arm-none-eabi/lib/armv7-m/libc.a(lib_a-memcpy.o)
 .ARM.attributes
                0x00000dd5       0x2d /usr/lib/gcc/arm-none-eabi/5.4.1/../../../arm-none-eabi/lib/armv7-m/libc.a(lib_a-memset.o)

.debug_line     0x00000000      0x535
 .debug_line    0x00000000       0x5e /usr/lib/gcc/arm-none-eabi/5.4.1/armv7-m/libgcc.a(_aeabi_uldivmod.o)
 .debug_line    0x0000005e      0x1ad /usr/lib/gcc/arm-none-eabi/5.4.1/armv7-m/libgcc.a(_udivmoddi4.o)
 .debug_line    0x0000020b       0x5e /usr/lib/gcc/arm-none-eabi/5.4.1/armv7-m/libgcc.a(_dvmd_tls.o)
 .debug_line    0x00000269      0x103 /usr/lib/gcc/arm-none-eabi/5.4.1/../../../arm-none-eabi/lib/armv7-m/libc.a(lib_a-memcmp.o)
 .debug_line    0x0000036c       0xbb /usr/lib/gcc/arm-none-eabi/5.4.1/../../../arm-none-eabi/lib/armv7-m/libc.a(lib_a-memcpy.o)
 .debug_line    0x00000427      0x10e /usr/lib/gcc/arm-none-eabi/5.4.1/../../../arm-none-eabi/lib/armv7-m/libc.a(lib_a-memset.o)

.debug_info     0x00000000      0x894
 .debug_info    0x00000000       0xb5 /usr/lib/gcc/arm-none-eabi/5.4.1/armv7-m/libgcc.a(_aeabi_uldivmod.o)
 .debug_info    0x000000b5      0x42c /usr/lib/gcc/arm-none-eabi/5.4.1/armv7-m/libgcc.a(_udivmoddi4.o)
 .debug_info    0x000004e1       0xb9 /usr/lib/gcc/arm-none-eabi/5.4.1/armv7-m/libgcc.a(_dvmd_tls.o)
 .debug_info    0x0000059a      0x11a /usr/lib/gcc/arm-none-eabi/5.4.1/../../../arm-none-eabi/lib/armv7-m/libc.a(lib_a-memcmp.o)
 .debug_info    0x000006b4       0xc2 /usr/lib/gcc/arm-none-eabi/5.4.1/../../../arm-none-eabi/lib/armv7-m/libc.a(lib_a-memcpy.o)
 .debug_info    0x00000776      0x11e /usr/lib/gcc/arm-none-eabi/5.4.1/../../../arm-none-eabi/lib/armv7-m/libc.a(lib_a-memset.o)

.debug_abbrev   0x00000000      0x25b
 .debug_abbrev  0x00000000       0x14 /usr/lib/gcc/arm-none-eabi/5.4.1/armv7-m/libgcc.a(_aeabi_uldivmod.o)
 .debug_abbrev  0x00000014      0x101 /usr/lib/gcc/arm-none-eabi/5.4.1/armv7-m/libgcc.a(_udivmoddi4.o)
 .debug_abbrev  0x00000115       0x14 /usr/lib/gcc/arm-none-eabi/5.4.1/armv7-m/libgcc.a(_dvmd_tls.o)
 .debug_abbrev  0x00000129       0x7f /usr/lib/gcc/arm-none-eabi/5.4.1/../../../arm-none-eabi/lib/armv7-m/libc.a(lib_a-memcmp.o)
 .debug_abbrev  0x000001a8       0x14 /usr/lib/gcc/arm-none-eabi/5.4.1/../../../arm-none-eabi/lib/armv7-m/libc.a(lib_a-memcpy.o)
 .debug_abbrev  0x000001bc       0x9f /usr/lib/gcc/arm-none-eabi/5.4.1/../../../arm-none-eabi/lib/armv7-m/libc.a(lib_a-memset.o)

.debug_aranges  0x00000000       0xc0
 .debug_aranges
                0x00000000       0x20 /usr/lib/gcc/arm-none-eabi/5.4.1/armv7-m/libgcc.a(_aeabi_uldivmod.o)
 .debug_aranges
                0x00000020       0x20 /usr/lib/gcc/arm-none-eabi/5.4.1/armv7-m/libgcc.a(_udivmoddi4.o)
 .debug_aranges
                0x00000040       0x20 /usr/lib/gcc/arm-none-eabi/5.4.1/armv7-m/libgcc.a(_dvmd_tls.o)
 .debug_aranges
                0x00000060       0x20 /usr/lib/gcc/arm-none-eabi/5.4.1/../../../arm-none-eabi/lib/armv7-m/libc.a(lib_a-memcmp.o)
 .debug_aranges
                0x00000080       0x20 /usr/lib/gcc/arm-none-eabi/5.4.1/../../../arm-none-eabi/lib/armv7-m/libc.a(lib_a-memcpy.o)
 .debug_aranges
                0x000000a0       0x20 /usr/lib/gcc/arm-none-eabi/5.4.1/../../../arm-none-eabi/lib/armv7-m/libc.a(lib_a-memset.o)

.debug_frame    0x00000000       0xd0
 .debug_frame   0x00000000       0x2c /usr/lib/gcc/arm-none-eabi/5.4.1/armv7-m/libgcc.a(_aeabi_uldivmod.o)
 .debug_frame   0x0000002c       0x38 /usr/lib/gcc/arm-none-eabi/5.4.1/armv7-m/libgcc.a(_udivmoddi4.o)
 .debug_frame   0x00000064       0x38 /usr/lib/gcc/arm-none-eabi/5.4.1/../../../arm-none-eabi/lib/armv7-m/libc.a(lib_a-memcmp.o)
 .debug_frame   0x0000009c       0x34 /usr/lib/gcc/arm-none-eabi/5.4.1/../../../arm-none-eabi/lib/armv7-m/libc.a(lib_a-memset.o)

.debug_loc      0x00000000     0x11c6
 .debug_loc     0x00000000      0xebf /usr/lib/gcc/arm-none-eabi/5.4.1/armv7-m/libgcc.a(_udivmoddi4.o)
 .debug_loc     0x00000ebf      0x159 /usr/lib/gcc/arm-none-eabi/5.4.1/../../../arm-none-eabi/lib/armv7-m/libc.a(lib_a-memcmp.o)
 .debug_loc     0x00001018      0x1ae /usr/lib/gcc/arm-none-eabi/5.4.1/../../../arm-none-eabi/lib/armv7-m/libc.a(lib_a-memset.o)

.debug_ranges   0x00000000       0xf0
 .debug_ranges  0x00000000       0xf0 /usr/lib/gcc/arm-none-eabi/5.4.1/armv7-m/libgcc.a(_udivmoddi4.o)

.debug_str      0x00000000      0x32d
 .debug_str     0x00000000      0x1ec /usr/lib/gcc/arm-none-eabi/5.4.1/armv7-m/libgcc.a(_udivmoddi4.o)
                                0x225 (size before relaxing)
 .debug_str     0x000001ec       0xf8 /usr/lib/gcc/arm-none-eabi/5.4.1/../../../arm-none-eabi/lib/armv7-m/libc.a(lib_a-memcmp.o)
                                0x18d (size before relaxing)
 .debug_str     0x000002e4       0x49 /usr/lib/gcc/arm-none-eabi/5.4.1/../../../arm-none-eabi/lib/armv7-m/libc.a(lib_a-memset.o)
                                0x1a1 (size before relaxing)

Cross Reference Table

Symbol                                            File
__aeabi_idiv0                                     /usr/lib/gcc/arm-none-eabi/5.4.1/armv7-m/libgcc.a(_dvmd_tls.o)
__aeabi_ldiv0                                     /usr/lib/gcc/arm-none-eabi/5.4.1/armv7-m/libgcc.a(_dvmd_tls.o)
                                                  /usr/lib/gcc/arm-none-eabi/5.4.1/armv7-m/libgcc.a(_aeabi_uldivmod.o)
__aeabi_uldivmod                                  /usr/lib/gcc/arm-none-eabi/5.4.1/armv7-m/libgcc.a(_aeabi_uldivmod.o)
                                                  obj_zoul/strformat.o
                                                  obj_zoul/cc2538-rf.o
                                                  obj_zoul/weather-meter.o
__malloc_av_                                      /usr/lib/gcc/arm-none-eabi/5.4.1/../../../arm-none-eabi/lib/armv7-m/libc.a(lib_a-mallocr.o)
                                                  /usr/lib/gcc/arm-none-eabi/5.4.1/../../../arm-none-eabi/lib/armv7-m/libc.a(lib_a-freer.o)
__malloc_current_mallinfo                         /usr/lib/gcc/arm-none-eabi/5.4.1/../../../arm-none-eabi/lib/armv7-m/libc.a(lib_a-mallocr.o)
                                                  /usr/lib/gcc/arm-none-eabi/5.4.1/../../../arm-none-eabi/lib/armv7-m/libc.a(lib_a-freer.o)
__malloc_lock                                     /usr/lib/gcc/arm-none-eabi/5.4.1/../../../arm-none-eabi/lib/armv7-m/libc.a(lib_a-mlock.o)
                                                  /usr/lib/gcc/arm-none-eabi/5.4.1/../../../arm-none-eabi/lib/armv7-m/libc.a(lib_a-mallocr.o)
                                                  /usr/lib/gcc/arm-none-eabi/5.4.1/../../../arm-none-eabi/lib/armv7-m/libc.a(lib_a-freer.o)
__malloc_max_sbrked_mem                           /usr/lib/gcc/arm-none-eabi/5.4.1/../../../arm-none-eabi/lib/armv7-m/libc.a(lib_a-mallocr.o)
__malloc_max_total_mem                            /usr/lib/gcc/arm-none-eabi/5.4.1/../../../arm-none-eabi/lib/armv7-m/libc.a(lib_a-mallocr.o)
__malloc_sbrk_base                                /usr/lib/gcc/arm-none-eabi/5.4.1/../../../arm-none-eabi/lib/armv7-m/libc.a(lib_a-mallocr.o)
                                                  /usr/lib/gcc/arm-none-eabi/5.4.1/../../../arm-none-eabi/lib/armv7-m/libc.a(lib_a-freer.o)
__malloc_top_pad                                  /usr/lib/gcc/arm-none-eabi/5.4.1/../../../arm-none-eabi/lib/armv7-m/libc.a(lib_a-mallocr.o)
                                                  /usr/lib/gcc/arm-none-eabi/5.4.1/../../../arm-none-eabi/lib/armv7-m/libc.a(lib_a-freer.o)
__malloc_trim_threshold                           /usr/lib/gcc/arm-none-eabi/5.4.1/../../../arm-none-eabi/lib/armv7-m/libc.a(lib_a-mallocr.o)
                                                  /usr/lib/gcc/arm-none-eabi/5.4.1/../../../arm-none-eabi/lib/armv7-m/libc.a(lib_a-freer.o)
__malloc_unlock                                   /usr/lib/gcc/arm-none-eabi/5.4.1/../../../arm-none-eabi/lib/armv7-m/libc.a(lib_a-mlock.o)
                                                  /usr/lib/gcc/arm-none-eabi/5.4.1/../../../arm-none-eabi/lib/armv7-m/libc.a(lib_a-mallocr.o)
                                                  /usr/lib/gcc/arm-none-eabi/5.4.1/../../../arm-none-eabi/lib/armv7-m/libc.a(lib_a-freer.o)
__udivmoddi4                                      /usr/lib/gcc/arm-none-eabi/5.4.1/armv7-m/libgcc.a(_udivmoddi4.o)
                                                  /usr/lib/gcc/arm-none-eabi/5.4.1/armv7-m/libgcc.a(_aeabi_uldivmod.o)
_bss                                              obj_zoul/startup-gcc.o
_data                                             obj_zoul/startup-gcc.o
_ebss                                             obj_zoul/startup-gcc.o
_edata                                            obj_zoul/startup-gcc.o
_eheap                                            obj_zoul/syscalls.o
_free_r                                           /usr/lib/gcc/arm-none-eabi/5.4.1/../../../arm-none-eabi/lib/armv7-m/libc.a(lib_a-freer.o)
                                                  /usr/lib/gcc/arm-none-eabi/5.4.1/../../../arm-none-eabi/lib/armv7-m/libc.a(lib_a-mallocr.o)
                                                  /usr/lib/gcc/arm-none-eabi/5.4.1/../../../arm-none-eabi/lib/armv7-m/libc.a(lib_a-reent.o)
_global_impure_ptr                                /usr/lib/gcc/arm-none-eabi/5.4.1/../../../arm-none-eabi/lib/armv7-m/libc.a(lib_a-impure.o)
_heap                                             obj_zoul/syscalls.o
_impure_ptr                                       /usr/lib/gcc/arm-none-eabi/5.4.1/../../../arm-none-eabi/lib/armv7-m/libc.a(lib_a-impure.o)
                                                  /usr/lib/gcc/arm-none-eabi/5.4.1/../../../arm-none-eabi/lib/armv7-m/libc.a(lib_a-reent.o)
_ldata                                            obj_zoul/startup-gcc.o
_malloc_r                                         /usr/lib/gcc/arm-none-eabi/5.4.1/../../../arm-none-eabi/lib/armv7-m/libc.a(lib_a-mallocr.o)
_malloc_trim_r                                    /usr/lib/gcc/arm-none-eabi/5.4.1/../../../arm-none-eabi/lib/armv7-m/libc.a(lib_a-freer.o)
_reclaim_reent                                    /usr/lib/gcc/arm-none-eabi/5.4.1/../../../arm-none-eabi/lib/armv7-m/libc.a(lib_a-reent.o)
_sbrk                                             obj_zoul/syscalls.o
                                                  /usr/lib/gcc/arm-none-eabi/5.4.1/../../../arm-none-eabi/lib/armv7-m/libc.a(lib_a-sbrkr.o)
_sbrk_r                                           /usr/lib/gcc/arm-none-eabi/5.4.1/../../../arm-none-eabi/lib/armv7-m/libc.a(lib_a-sbrkr.o)
                                                  /usr/lib/gcc/arm-none-eabi/5.4.1/../../../arm-none-eabi/lib/armv7-m/libc.a(lib_a-mallocr.o)
                                                  /usr/lib/gcc/arm-none-eabi/5.4.1/../../../arm-none-eabi/lib/armv7-m/libc.a(lib_a-freer.o)
_xassert                                          obj_zoul/assert.o
abc_close                                         obj_zoul/abc.o
                                                  obj_zoul/broadcast.o
                                                  obj_zoul/polite.o
abc_input                                         obj_zoul/abc.o
                                                  obj_zoul/rime.o
abc_open                                          obj_zoul/abc.o
                                                  obj_zoul/broadcast.o
                                                  obj_zoul/polite.o
abc_send                                          obj_zoul/abc.o
                                                  obj_zoul/broadcast.o
                                                  obj_zoul/polite.o
abc_sent                                          obj_zoul/abc.o
                                                  obj_zoul/rime.o
ac_dimmer                                         obj_zoul/ac-dimmer.o
ac_dimmer_int_process                             obj_zoul/ac-dimmer.o
adc_get                                           obj_zoul/adc.o
                                                  obj_zoul/vdd3-sensor.o
                                                  obj_zoul/cc2538-temp-sensor.o
                                                  obj_zoul/adc-zoul.o
adc_init                                          obj_zoul/adc.o
                                                  obj_zoul/adc-zoul.o
adc_sensors                                       obj_zoul/adc-sensors.o
                                                  test-rotation-sensor.co
adc_zoul                                          obj_zoul/adc-zoul.o
                                                  obj_zoul/pm10-sensor.o
                                                  obj_zoul/weather-meter.o
                                                  obj_zoul/adc-sensors.o
aes_128_driver                                    obj_zoul/aes-128.o
aes_128_set_padded_key                            obj_zoul/aes-128.o
aes_auth_crypt_check_status                       obj_zoul/aes.o
                                                  obj_zoul/cc2538-ccm-star.o
                                                  obj_zoul/ctr.o
                                                  obj_zoul/cbc.o
                                                  obj_zoul/ecb.o
aes_auth_crypt_get_result                         obj_zoul/aes.o
                                                  obj_zoul/ccm.o
                                                  obj_zoul/gcm.o
                                                  obj_zoul/cbc-mac.o
                                                  obj_zoul/ctr.o
                                                  obj_zoul/cbc.o
                                                  obj_zoul/ecb.o
aes_auth_crypt_start                              obj_zoul/aes.o
                                                  obj_zoul/ccm.o
                                                  obj_zoul/gcm.o
                                                  obj_zoul/cbc-mac.o
                                                  obj_zoul/ctr.o
                                                  obj_zoul/cbc.o
                                                  obj_zoul/ecb.o
aes_load_keys                                     obj_zoul/aes.o
                                                  obj_zoul/cc2538-aes-128.o
anemometer_int_callback                           obj_zoul/weather-meter.o
anemometer_int_event                              obj_zoul/weather-meter.o
announcement_bump                                 obj_zoul/announcement.o
                                                  obj_zoul/collect.o
announcement_heard                                obj_zoul/announcement.o
                                                  obj_zoul/polite-announcement.o
                                                  obj_zoul/broadcast-announcement.o
announcement_init                                 obj_zoul/announcement.o
                                                  obj_zoul/rime.o
announcement_list                                 obj_zoul/announcement.o
                                                  obj_zoul/polite-announcement.o
                                                  obj_zoul/broadcast-announcement.o
announcement_listen                               obj_zoul/announcement.o
announcement_register                             obj_zoul/announcement.o
                                                  obj_zoul/collect.o
announcement_register_listen_callback             obj_zoul/announcement.o
announcement_register_observer_callback           obj_zoul/announcement.o
                                                  obj_zoul/polite-announcement.o
                                                  obj_zoul/broadcast-announcement.o
announcement_remove                               obj_zoul/announcement.o
                                                  obj_zoul/collect.o
announcement_remove_value                         obj_zoul/announcement.o
announcement_set_value                            obj_zoul/announcement.o
                                                  obj_zoul/collect.o
antenna_sw_config                                 obj_zoul/antenna-sw.o
                                                  obj_zoul/board.o
antenna_sw_get                                    obj_zoul/antenna-sw.o
antenna_sw_select                                 obj_zoul/antenna-sw.o
arg_alloc                                         obj_zoul/arg.o
arg_free                                          obj_zoul/arg.o
arg_init                                          obj_zoul/arg.o
autostart_exit                                    obj_zoul/autostart.o
autostart_processes                               test-rotation-sensor.co
                                                  obj_zoul/contiki-main.o
autostart_start                                   obj_zoul/autostart.o
                                                  obj_zoul/contiki-main.o
avail_memory                                      obj_zoul/mmem.o
bignum_add_get_result                             obj_zoul/bignum-driver.o
                                                  obj_zoul/ecc-algorithm.o
bignum_add_start                                  obj_zoul/bignum-driver.o
                                                  obj_zoul/ecc-algorithm.o
bignum_cmp_get_result                             obj_zoul/bignum-driver.o
                                                  obj_zoul/ecc-algorithm.o
bignum_cmp_start                                  obj_zoul/bignum-driver.o
                                                  obj_zoul/ecc-algorithm.o
bignum_divide_get_result                          obj_zoul/bignum-driver.o
bignum_divide_start                               obj_zoul/bignum-driver.o
bignum_exp_mod_get_result                         obj_zoul/bignum-driver.o
bignum_exp_mod_start                              obj_zoul/bignum-driver.o
bignum_inv_mod_get_result                         obj_zoul/bignum-driver.o
                                                  obj_zoul/ecc-algorithm.o
bignum_inv_mod_start                              obj_zoul/bignum-driver.o
                                                  obj_zoul/ecc-algorithm.o
bignum_mod_get_result                             obj_zoul/bignum-driver.o
                                                  obj_zoul/ecc-algorithm.o
bignum_mod_start                                  obj_zoul/bignum-driver.o
                                                  obj_zoul/ecc-algorithm.o
bignum_mul_get_result                             obj_zoul/bignum-driver.o
                                                  obj_zoul/ecc-algorithm.o
bignum_mul_start                                  obj_zoul/bignum-driver.o
                                                  obj_zoul/ecc-algorithm.o
bignum_subtract_get_result                        obj_zoul/bignum-driver.o
bignum_subtract_start                             obj_zoul/bignum-driver.o
bmpx8x                                            obj_zoul/bmpx8x.o
board_init                                        obj_zoul/board.o
                                                  obj_zoul/contiki-main.o
broadcast_announcement_beacon_interval            obj_zoul/broadcast-announcement.o
broadcast_announcement_init                       obj_zoul/broadcast-announcement.o
                                                  obj_zoul/rime.o
broadcast_announcement_stop                       obj_zoul/broadcast-announcement.o
broadcast_close                                   obj_zoul/broadcast.o
                                                  obj_zoul/unicast.o
                                                  obj_zoul/neighbor-discovery.o
                                                  obj_zoul/stbroadcast.o
                                                  obj_zoul/ipolite.o
                                                  obj_zoul/trickle.o
                                                  obj_zoul/broadcast-announcement.o
broadcast_open                                    obj_zoul/broadcast.o
                                                  obj_zoul/unicast.o
                                                  obj_zoul/neighbor-discovery.o
                                                  obj_zoul/stbroadcast.o
                                                  obj_zoul/ipolite.o
                                                  obj_zoul/trickle.o
                                                  obj_zoul/broadcast-announcement.o
broadcast_send                                    obj_zoul/broadcast.o
                                                  obj_zoul/unicast.o
                                                  obj_zoul/neighbor-discovery.o
                                                  obj_zoul/stbroadcast.o
                                                  obj_zoul/ipolite.o
                                                  obj_zoul/trickle.o
                                                  obj_zoul/broadcast-announcement.o
button_press_duration_exceeded                    obj_zoul/button-sensor.o
button_sensor                                     obj_zoul/button-sensor.o
                                                  obj_zoul/zoul-sensors.o
                                                  obj_zoul/contiki-main.o
cbc_crypt_check_status                            obj_zoul/cbc.o
cbc_crypt_start                                   obj_zoul/cbc.o
cbc_mac_auth_get_result                           obj_zoul/cbc-mac.o
cbc_mac_auth_start                                obj_zoul/cbc-mac.o
cc1200_802154g_863_870_fsk_50kbps                 obj_zoul/cc1200-802154g-863-870-fsk-50kbps.o
                                                  obj_zoul/cc1200.o
cc1200_868_fsk_1_2kbps                            obj_zoul/cc1200-868-fsk-1-2kbps.o
cc1200_arch_gpio0_disable_irq                     obj_zoul/cc1200-zoul-arch.o
                                                  obj_zoul/cc1200.o
cc1200_arch_gpio0_enable_irq                      obj_zoul/cc1200-zoul-arch.o
                                                  obj_zoul/cc1200.o
cc1200_arch_gpio0_read_pin                        obj_zoul/cc1200-zoul-arch.o
                                                  obj_zoul/cc1200.o
cc1200_arch_gpio0_setup_irq                       obj_zoul/cc1200-zoul-arch.o
                                                  obj_zoul/cc1200.o
cc1200_arch_gpio2_disable_irq                     obj_zoul/cc1200-zoul-arch.o
                                                  obj_zoul/cc1200.o
cc1200_arch_gpio2_enable_irq                      obj_zoul/cc1200-zoul-arch.o
                                                  obj_zoul/cc1200.o
cc1200_arch_gpio2_read_pin                        obj_zoul/cc1200-zoul-arch.o
cc1200_arch_gpio2_setup_irq                       obj_zoul/cc1200-zoul-arch.o
                                                  obj_zoul/cc1200.o
cc1200_arch_gpio3_read_pin                        obj_zoul/cc1200-zoul-arch.o
cc1200_arch_init                                  obj_zoul/cc1200-zoul-arch.o
                                                  obj_zoul/cc1200.o
cc1200_arch_spi_deselect                          obj_zoul/cc1200-zoul-arch.o
                                                  obj_zoul/cc1200.o
cc1200_arch_spi_rw                                obj_zoul/cc1200-zoul-arch.o
                                                  obj_zoul/cc1200.o
cc1200_arch_spi_rw_byte                           obj_zoul/cc1200-zoul-arch.o
                                                  obj_zoul/cc1200.o
cc1200_arch_spi_select                            obj_zoul/cc1200-zoul-arch.o
                                                  obj_zoul/cc1200.o
cc1200_driver                                     obj_zoul/cc1200.o
cc1200_int_handler                                obj_zoul/cc1200-zoul-arch.o
cc1200_process                                    obj_zoul/cc1200.o
cc1200_rx_interrupt                               obj_zoul/cc1200.o
                                                  obj_zoul/cc1200-zoul-arch.o
cc2538_aes_128_driver                             obj_zoul/cc2538-aes-128.o
                                                  obj_zoul/aes-128.o
                                                  obj_zoul/ccm-star.o
                                                  obj_zoul/cc2538-ccm-star.o
cc2538_ccm_star_driver                            obj_zoul/cc2538-ccm-star.o
cc2538_rf_driver                                  obj_zoul/cc2538-rf.o
                                                  obj_zoul/contikimac.o
                                                  obj_zoul/nullrdc.o
                                                  obj_zoul/nullrdc-noframer.o
                                                  obj_zoul/netstack.o
                                                  obj_zoul/contiki-main.o
cc2538_rf_err_isr                                 obj_zoul/cc2538-rf.o
                                                  obj_zoul/startup-gcc.o
cc2538_rf_process                                 obj_zoul/cc2538-rf.o
cc2538_rf_rx_tx_isr                               obj_zoul/cc2538-rf.o
                                                  obj_zoul/startup-gcc.o
cc2538_rf_set_promiscous_mode                     obj_zoul/cc2538-rf.o
cc2538_temp_sensor                                obj_zoul/cc2538-temp-sensor.o
                                                  obj_zoul/zoul-sensors.o
ccm_auth_decrypt_get_result                       obj_zoul/ccm.o
                                                  obj_zoul/cc2538-ccm-star.o
ccm_auth_decrypt_start                            obj_zoul/ccm.o
                                                  obj_zoul/cc2538-ccm-star.o
ccm_auth_encrypt_get_result                       obj_zoul/ccm.o
                                                  obj_zoul/cc2538-ccm-star.o
ccm_auth_encrypt_start                            obj_zoul/ccm.o
                                                  obj_zoul/cc2538-ccm-star.o
ccm_star_driver                                   obj_zoul/ccm-star.o
cfs_close                                         obj_zoul/cfs-coffee.o
cfs_closedir                                      obj_zoul/cfs-coffee.o
cfs_coffee_arch_erase                             obj_zoul/cfs-coffee-arch.o
                                                  obj_zoul/cfs-coffee.o
cfs_coffee_arch_read                              obj_zoul/cfs-coffee-arch.o
                                                  obj_zoul/cfs-coffee.o
cfs_coffee_arch_write                             obj_zoul/cfs-coffee-arch.o
                                                  obj_zoul/cfs-coffee.o
cfs_coffee_configure_log                          obj_zoul/cfs-coffee.o
cfs_coffee_format                                 obj_zoul/cfs-coffee.o
cfs_coffee_reserve                                obj_zoul/cfs-coffee.o
cfs_open                                          obj_zoul/cfs-coffee.o
cfs_opendir                                       obj_zoul/cfs-coffee.o
cfs_read                                          obj_zoul/cfs-coffee.o
cfs_readdir                                       obj_zoul/cfs-coffee.o
cfs_remove                                        obj_zoul/cfs-coffee.o
cfs_seek                                          obj_zoul/cfs-coffee.o
cfs_write                                         obj_zoul/cfs-coffee.o
chameleon_bitopt                                  obj_zoul/chameleon-bitopt.o
                                                  obj_zoul/chameleon.o
chameleon_create                                  obj_zoul/chameleon.o
                                                  obj_zoul/rime.o
chameleon_hdrsize                                 obj_zoul/chameleon.o
                                                  obj_zoul/channel.o
chameleon_init                                    obj_zoul/chameleon.o
                                                  obj_zoul/rime.o
chameleon_parse                                   obj_zoul/chameleon.o
                                                  obj_zoul/rime.o
chameleon_raw                                     obj_zoul/chameleon-raw.o
channel_close                                     obj_zoul/channel.o
                                                  obj_zoul/abc.o
channel_init                                      obj_zoul/channel.o
                                                  obj_zoul/chameleon.o
channel_lookup                                    obj_zoul/channel.o
                                                  obj_zoul/chameleon-raw.o
                                                  obj_zoul/chameleon-bitopt.o
channel_open                                      obj_zoul/channel.o
                                                  obj_zoul/abc.o
channel_set_attributes                            obj_zoul/channel.o
                                                  obj_zoul/unicast.o
                                                  obj_zoul/collect.o
                                                  obj_zoul/broadcast.o
                                                  obj_zoul/runicast.o
                                                  obj_zoul/multihop.o
                                                  obj_zoul/abc.o
                                                  obj_zoul/trickle.o
cleanup_glue                                      /usr/lib/gcc/arm-none-eabi/5.4.1/../../../arm-none-eabi/lib/armv7-m/libc.a(lib_a-reent.o)
clock_adjust                                      obj_zoul/clock.o
                                                  obj_zoul/lpm.o
clock_delay                                       obj_zoul/clock.o
                                                  obj_zoul/cc1200.o
                                                  obj_zoul/leds.o
clock_delay_usec                                  obj_zoul/clock.o
                                                  obj_zoul/i2c.o
                                                  obj_zoul/cc2538-rf.o
                                                  obj_zoul/power-mgmt.o
                                                  obj_zoul/rtcc.o
                                                  obj_zoul/mp3-wtv020sd.o
                                                  obj_zoul/ac-dimmer.o
                                                  obj_zoul/dht22.o
                                                  obj_zoul/zonik.o
                                                  obj_zoul/pm10-sensor.o
                                                  obj_zoul/rgb-bl-lcd.o
                                                  obj_zoul/grove-gyro.o
                                                  obj_zoul/bmpx8x.o
                                                  obj_zoul/sht25.o
clock_init                                        obj_zoul/clock.o
                                                  obj_zoul/contiki-main.o
clock_isr                                         obj_zoul/clock.o
                                                  obj_zoul/startup-gcc.o
clock_seconds                                     obj_zoul/clock.o
                                                  obj_zoul/cc1200.o
                                                  obj_zoul/stimer.o
clock_set_seconds                                 obj_zoul/clock.o
clock_time                                        obj_zoul/clock.o
                                                  obj_zoul/mac-sequence.o
                                                  obj_zoul/link-stats.o
                                                  obj_zoul/collect.o