Archive member included to satisfy reference by file (symbol)

/usr/lib/gcc/arm-none-eabi/5.4.1/armv7-m/libgcc.a(_aeabi_uldivmod.o)
                              obj_zoul/cc2538-rf.o (__aeabi_uldivmod)
/usr/lib/gcc/arm-none-eabi/5.4.1/armv7-m/libgcc.a(_udivmoddi4.o)
                              /usr/lib/gcc/arm-none-eabi/5.4.1/armv7-m/libgcc.a(_aeabi_uldivmod.o) (__udivmoddi4)
/usr/lib/gcc/arm-none-eabi/5.4.1/armv7-m/libgcc.a(_dvmd_tls.o)
                              /usr/lib/gcc/arm-none-eabi/5.4.1/armv7-m/libgcc.a(_aeabi_uldivmod.o) (__aeabi_ldiv0)
/usr/lib/gcc/arm-none-eabi/5.4.1/../../../arm-none-eabi/lib/armv7-m/libc.a(lib_a-ctype_.o)
                              obj_zoul/resolv.o (__ctype_ptr__)
/usr/lib/gcc/arm-none-eabi/5.4.1/../../../arm-none-eabi/lib/armv7-m/libc.a(lib_a-memcmp.o)
                              obj_zoul/slip.o (memcmp)
/usr/lib/gcc/arm-none-eabi/5.4.1/../../../arm-none-eabi/lib/armv7-m/libc.a(lib_a-memcpy.o)
                              obj_zoul/dbg-snprintf.o (memcpy)
/usr/lib/gcc/arm-none-eabi/5.4.1/../../../arm-none-eabi/lib/armv7-m/libc.a(lib_a-memmove.o)
                              obj_zoul/mmem.o (memmove)
/usr/lib/gcc/arm-none-eabi/5.4.1/../../../arm-none-eabi/lib/armv7-m/libc.a(lib_a-memset.o)
                              obj_zoul/gpio.o (memset)
/usr/lib/gcc/arm-none-eabi/5.4.1/../../../arm-none-eabi/lib/armv7-m/libc.a(lib_a-reent.o)
                              obj_zoul/syscalls.o (errno)
/usr/lib/gcc/arm-none-eabi/5.4.1/../../../arm-none-eabi/lib/armv7-m/libc.a(lib_a-strcasecmp.o)
                              obj_zoul/resolv.o (strcasecmp)
/usr/lib/gcc/arm-none-eabi/5.4.1/../../../arm-none-eabi/lib/armv7-m/libc.a(lib_a-strcat.o)
                              obj_zoul/resolv.o (strcat)
/usr/lib/gcc/arm-none-eabi/5.4.1/../../../arm-none-eabi/lib/armv7-m/libc.a(lib_a-strcmp.o)
                              obj_zoul/cfs-coffee.o (strcmp)
/usr/lib/gcc/arm-none-eabi/5.4.1/../../../arm-none-eabi/lib/armv7-m/libc.a(lib_a-strcpy.o)
                              border-router.co (strcpy)
/usr/lib/gcc/arm-none-eabi/5.4.1/../../../arm-none-eabi/lib/armv7-m/libc.a(lib_a-strlen-stub.o)
                              obj_zoul/sensors.o (strlen)
/usr/lib/gcc/arm-none-eabi/5.4.1/../../../arm-none-eabi/lib/armv7-m/libc.a(lib_a-strncasecmp.o)
                              obj_zoul/resolv.o (strncasecmp)
/usr/lib/gcc/arm-none-eabi/5.4.1/../../../arm-none-eabi/lib/armv7-m/libc.a(lib_a-strncat.o)
                              obj_zoul/resolv.o (strncat)
/usr/lib/gcc/arm-none-eabi/5.4.1/../../../arm-none-eabi/lib/armv7-m/libc.a(lib_a-strncmp.o)
                              obj_zoul/sensors.o (strncmp)
/usr/lib/gcc/arm-none-eabi/5.4.1/../../../arm-none-eabi/lib/armv7-m/libc.a(lib_a-strncpy.o)
                              obj_zoul/cfs-coffee.o (strncpy)
/usr/lib/gcc/arm-none-eabi/5.4.1/../../../arm-none-eabi/lib/armv7-m/libc.a(lib_a-freer.o)
                              /usr/lib/gcc/arm-none-eabi/5.4.1/../../../arm-none-eabi/lib/armv7-m/libc.a(lib_a-reent.o) (_free_r)
/usr/lib/gcc/arm-none-eabi/5.4.1/../../../arm-none-eabi/lib/armv7-m/libc.a(lib_a-impure.o)
                              /usr/lib/gcc/arm-none-eabi/5.4.1/../../../arm-none-eabi/lib/armv7-m/libc.a(lib_a-reent.o) (_impure_ptr)
/usr/lib/gcc/arm-none-eabi/5.4.1/../../../arm-none-eabi/lib/armv7-m/libc.a(lib_a-mallocr.o)
                              /usr/lib/gcc/arm-none-eabi/5.4.1/../../../arm-none-eabi/lib/armv7-m/libc.a(lib_a-freer.o) (__malloc_current_mallinfo)
/usr/lib/gcc/arm-none-eabi/5.4.1/../../../arm-none-eabi/lib/armv7-m/libc.a(lib_a-mlock.o)
                              /usr/lib/gcc/arm-none-eabi/5.4.1/../../../arm-none-eabi/lib/armv7-m/libc.a(lib_a-freer.o) (__malloc_lock)
/usr/lib/gcc/arm-none-eabi/5.4.1/../../../arm-none-eabi/lib/armv7-m/libc.a(lib_a-sbrkr.o)
                              /usr/lib/gcc/arm-none-eabi/5.4.1/../../../arm-none-eabi/lib/armv7-m/libc.a(lib_a-freer.o) (_sbrk_r)

Allocating common symbols
Common symbol       size              file

compower_idle_activity
                    0x8               obj_zoul/compower.o
uip_ds6_timer_ra    0x8               obj_zoul/uip-ds6.o
rtcc_int1_callback  0x4               obj_zoul/rtcc.o
usb_setup_buffer    0x8               obj_zoul/usb-core.o
uip_ds6_if          0xf8              obj_zoul/uip-ds6.o
resolv_event_found  0x1               obj_zoul/resolv.o
uip_ds6_netif_addr_list_offset
                    0x1               obj_zoul/uip-ds6.o
uip_len             0x2               obj_zoul/uip6.o
errno               0x4               /usr/lib/gcc/arm-none-eabi/5.4.1/../../../arm-none-eabi/lib/armv7-m/libc.a(lib_a-reent.o)
slip_active         0x1               obj_zoul/slip.o
uip_ds6_addr_size   0x1               obj_zoul/uip-ds6.o
uip_sappdata        0x4               obj_zoul/uip6.o
packetbuf_addrs     0x10              obj_zoul/packetbuf.o
uip_acc32           0x4               obj_zoul/uip6.o
uip_ds6_prefix_list
[...]
Memory Configuration

Name             Origin             Length             Attributes
FLASH_FW         0x00202000         0x0007dfd4         xr
FLASH_CCA        0x0027ffd4         0x0000002c         xr
NRSRAM           0x20000000         0x00004000         xrw
FRSRAM           0x20004000         0x00004000         xrw
*default*        0x00000000         0xffffffff

Linker script and memory map

LOAD obj_zoul/startup-gcc.o
LOAD obj_zoul/contiki-main.o
LOAD obj_zoul/leds.o
LOAD obj_zoul/cc1200-zoul-arch.o
LOAD obj_zoul/adc-zoul.o
LOAD obj_zoul/button-sensor.o
LOAD obj_zoul/zoul-sensors.o
LOAD obj_zoul/board.o
LOAD obj_zoul/antenna-sw.o
LOAD obj_zoul/rtcc.o
LOAD obj_zoul/leds-res-arch.o
LOAD obj_zoul/power-mgmt.o
LOAD obj_zoul/soc.o
LOAD obj_zoul/clock.o
LOAD obj_zoul/rtimer-arch.o
LOAD obj_zoul/uart.o
LOAD obj_zoul/watchdog.o
LOAD obj_zoul/nvic.o
LOAD obj_zoul/cpu.o
LOAD obj_zoul/sys-ctrl.o
LOAD obj_zoul/gpio.o
LOAD obj_zoul/ioc.o
LOAD obj_zoul/spi.o
LOAD obj_zoul/adc.o
LOAD obj_zoul/crypto.o
LOAD obj_zoul/aes.o
LOAD obj_zoul/ecb.o
LOAD obj_zoul/cbc.o
LOAD obj_zoul/ctr.o
LOAD obj_zoul/cbc-mac.o
LOAD obj_zoul/gcm.o
LOAD obj_zoul/ccm.o
LOAD obj_zoul/sha256.o
LOAD obj_zoul/cc2538-aes-128.o
LOAD obj_zoul/cc2538-ccm-star.o
LOAD obj_zoul/cc2538-rf.o
LOAD obj_zoul/udma.o
LOAD obj_zoul/lpm.o
LOAD obj_zoul/pka.o
LOAD obj_zoul/bignum-driver.o
LOAD obj_zoul/ecc-driver.o
LOAD obj_zoul/ecc-algorithm.o
LOAD obj_zoul/ecc-curve.o
LOAD obj_zoul/dbg.o
LOAD obj_zoul/ieee-addr.o
LOAD obj_zoul/slip-arch.o
LOAD obj_zoul/slip.o
LOAD obj_zoul/i2c.o
LOAD obj_zoul/cc2538-temp-sensor.o
LOAD obj_zoul/vdd3-sensor.o
LOAD obj_zoul/cfs-coffee.o
LOAD obj_zoul/cfs-coffee-arch.o
LOAD obj_zoul/pwm.o
LOAD obj_zoul/dbg-printf.o
LOAD obj_zoul/dbg-snprintf.o
LOAD obj_zoul/dbg-sprintf.o
LOAD obj_zoul/strformat.o
LOAD obj_zoul/usb-core.o
LOAD obj_zoul/cdc-acm.o
LOAD obj_zoul/usb-arch.o
LOAD obj_zoul/usb-serial.o
LOAD obj_zoul/cdc-acm-descriptors.o
LOAD obj_zoul/ctimer.o
LOAD obj_zoul/autostart.o
LOAD obj_zoul/energest.o
LOAD obj_zoul/arg.o
LOAD obj_zoul/stimer.o
LOAD obj_zoul/etimer.o
LOAD obj_zoul/compower.o
LOAD obj_zoul/process.o
LOAD obj_zoul/rtimer.o
LOAD obj_zoul/mt.o
LOAD obj_zoul/procinit.o
LOAD obj_zoul/timer.o
LOAD obj_zoul/serial-line.o
LOAD obj_zoul/nullradio.o
LOAD obj_zoul/settings.o
LOAD obj_zoul/crc16.o
LOAD obj_zoul/ifft.o
LOAD obj_zoul/ccm-star.o
LOAD obj_zoul/mmem.o
LOAD obj_zoul/me_tabs.o
LOAD obj_zoul/sensors.o
LOAD obj_zoul/ringbufindex.o
LOAD obj_zoul/list.o
LOAD obj_zoul/gcr.o
LOAD obj_zoul/aes-128.o
LOAD obj_zoul/trickle-timer.o
LOAD obj_zoul/memb.o
LOAD obj_zoul/me.o
LOAD obj_zoul/print-stats.o
LOAD obj_zoul/petsciiconv.o
LOAD obj_zoul/random.o
LOAD obj_zoul/assert.o
LOAD obj_zoul/ringbuf.o
LOAD obj_zoul/uip-icmp6.o
LOAD obj_zoul/uip-ds6.o
LOAD obj_zoul/uip-ds6-route.o
LOAD obj_zoul/uip6.o
LOAD obj_zoul/uip-ds6-nbr.o
LOAD obj_zoul/uip-nd6.o
LOAD obj_zoul/sicslowpan.o
LOAD obj_zoul/slipdev.o
LOAD obj_zoul/dhcpc.o
LOAD obj_zoul/uip-debug.o
LOAD obj_zoul/uip-packetqueue.o
LOAD obj_zoul/tcp-socket.o
LOAD obj_zoul/uiplib.o
LOAD obj_zoul/ip64-addr.o
LOAD obj_zoul/uip-udp-packet.o
LOAD obj_zoul/psock.o
LOAD obj_zoul/tcpip.o
LOAD obj_zoul/resolv.o
LOAD obj_zoul/uip-nameserver.o
LOAD obj_zoul/uip-split.o
LOAD obj_zoul/udp-socket.o
LOAD obj_zoul/simple-udp.o
LOAD obj_zoul/rpl-icmp6.o
LOAD obj_zoul/rpl-of0.o
LOAD obj_zoul/rpl-dag.o
LOAD obj_zoul/rpl-timers.o
LOAD obj_zoul/rpl-ext-header.o
LOAD obj_zoul/rpl.o
LOAD obj_zoul/rpl-nbr-policy.o
LOAD obj_zoul/rpl-mrhof.o
LOAD obj_zoul/rpl-ns.o
LOAD obj_zoul/rpl-dag-root.o
LOAD obj_zoul/syscalls.o
LOAD obj_zoul/queuebuf.o
LOAD obj_zoul/nbr-table.o
LOAD obj_zoul/packetbuf.o
LOAD obj_zoul/netstack.o
LOAD obj_zoul/linkaddr.o
LOAD obj_zoul/net-debug.o
LOAD obj_zoul/link-stats.o
LOAD obj_zoul/framer-nullmac.o
LOAD obj_zoul/nullmac.o
LOAD obj_zoul/nullrdc-noframer.o
LOAD obj_zoul/nordc.o
LOAD obj_zoul/frame802154e-ie.o
LOAD obj_zoul/mac-sequence.o
LOAD obj_zoul/framer-802154.o
LOAD obj_zoul/frame802154.o
LOAD obj_zoul/mac.o
LOAD obj_zoul/csma.o
LOAD obj_zoul/phase.o
LOAD obj_zoul/nullrdc.o
LOAD obj_zoul/contikimac.o
LOAD obj_zoul/contikimac-framer.o
LOAD obj_zoul/nullsec.o
LOAD obj_zoul/anti-replay.o
LOAD obj_zoul/ccm-star-packetbuf.o
LOAD obj_zoul/noncoresec.o
LOAD obj_zoul/cc1200-868-fsk-1-2kbps.o
LOAD obj_zoul/cc1200-802154g-863-870-fsk-50kbps.o
LOAD obj_zoul/cc1200.o
LOAD border-router.co
LOAD obj_zoul/slip-bridge.o
LOAD obj_zoul/httpd-simple.o
START GROUP
LOAD /usr/lib/gcc/arm-none-eabi/5.4.1/armv7-m/libgcc.a
LOAD /usr/lib/gcc/arm-none-eabi/5.4.1/../../../arm-none-eabi/lib/armv7-m/libc.a
END GROUP

.text           0x00202000     0xbb3c
                0x00202000                _text = .
 *(SORT(.vectors))
 .vectors       0x00202000      0x28c obj_zoul/startup-gcc.o
                0x00202000                vectors
 *(SORT(.text*))
 .text.reset_handler
                0x0020228c       0x40 obj_zoul/startup-gcc.o
                0x0020228c                reset_handler
 .text.startup.main
                0x002022cc      0x1b4 obj_zoul/contiki-main.o
                0x002022cc                main
 .text.leds_init
                0x00202480       0x14 obj_zoul/leds.o
                0x00202480                leds_init
 .text.leds_on  0x00202494       0x10 obj_zoul/leds.o
                0x00202494                leds_on
 .text.leds_off
                0x002024a4       0x14 obj_zoul/leds.o
                0x002024a4                leds_off
 .text.value    0x002024b8       0x20 obj_zoul/button-sensor.o
 .text.duration_exceeded_callback
                0x002024d8       0x3c obj_zoul/button-sensor.o
 .text.config_user
                0x00202514       0xa0 obj_zoul/button-sensor.o
 .text.btn_callback
                0x002025b4       0x5c obj_zoul/button-sensor.o
 .text.antenna_sw_config
                0x00202610       0x30 obj_zoul/antenna-sw.o
                0x00202610                antenna_sw_config
 .text.leds_arch_init
                0x00202640       0x48 obj_zoul/leds-res-arch.o
                0x00202640                leds_arch_init
 .text.leds_arch_set
                0x00202688       0x44 obj_zoul/leds-res-arch.o
                0x00202688                leds_arch_set
 .text.soc_get_rev
                0x002026cc       0x18 obj_zoul/soc.o
                0x002026cc                soc_get_rev
 .text.soc_get_sram_size
                0x002026e4       0x1c obj_zoul/soc.o
                0x002026e4                soc_get_sram_size
 .text.soc_print_info
                0x00202700       0x70 obj_zoul/soc.o
                0x00202700                soc_print_info
 .text.update_ticks
                0x00202770       0x4c obj_zoul/clock.o
 .text.clock_init
                0x002027bc       0x50 obj_zoul/clock.o
                0x002027bc                clock_init
 .text.clock_time
                0x0020280c       0x14 obj_zoul/clock.o
                0x0020280c                clock_time
 .text.clock_seconds
                0x00202820       0x14 obj_zoul/clock.o
                0x00202820                clock_seconds
 .text.clock_delay_usec
                0x00202834       0x1c obj_zoul/clock.o
                0x00202834                clock_delay_usec
 .text.clock_adjust
                0x00202850       0x20 obj_zoul/clock.o
                0x00202850                clock_adjust
 .text.rtimer_arch_next_trigger
                0x00202870        0xc obj_zoul/rtimer-arch.o
                0x00202870                rtimer_arch_next_trigger
 .text.rtimer_arch_now
                0x0020287c       0x2c obj_zoul/rtimer-arch.o
                0x0020287c                rtimer_arch_now
 .text.rtimer_arch_schedule
                0x002028a8       0x58 obj_zoul/rtimer-arch.o
                0x002028a8                rtimer_arch_schedule
 .text.rtimer_isr
                0x00202900       0x24 obj_zoul/rtimer-arch.o
                0x00202900                rtimer_isr
 .text.permit_pm1
                0x00202924       0x24 obj_zoul/uart.o
 .text.uart_isr
                0x00202948       0x64 obj_zoul/uart.o
 .text.uart_init
                0x002029ac      0x18c obj_zoul/uart.o
                0x002029ac                uart_init
 .text.uart_set_input
                0x00202b38       0x10 obj_zoul/uart.o
                0x00202b38                uart_set_input
 .text.uart_write_byte
                0x00202b48       0x1c obj_zoul/uart.o
                0x00202b48                uart_write_byte
 .text.watchdog_init
                0x00202b64        0xc obj_zoul/watchdog.o
                0x00202b64                watchdog_init
 .text.watchdog_start
                0x00202b70        0xc obj_zoul/watchdog.o
                0x00202b70                watchdog_start
 .text.watchdog_periodic
                0x00202b7c       0x10 obj_zoul/watchdog.o
                0x00202b7c                watchdog_periodic
 .text.nvic_init
                0x00202b8c       0x3c obj_zoul/nvic.o
                0x00202b8c                nvic_init
 .text.nvic_interrupt_enable
                0x00202bc8       0x1c obj_zoul/nvic.o
                0x00202bc8                nvic_interrupt_enable
 .text.nvic_interrupt_disable
                0x00202be4       0x1c obj_zoul/nvic.o
                0x00202be4                nvic_interrupt_disable
 .text.nvic_interrupt_unpend
                0x00202c00       0x1c obj_zoul/nvic.o
                0x00202c00                nvic_interrupt_unpend
 .text.sys_ctrl_get_reset_cause
                0x00202c1c       0x10 obj_zoul/sys-ctrl.o
                0x00202c1c                sys_ctrl_get_reset_cause
 .text.sys_ctrl_get_reset_cause_str
                0x00202c2c       0x14 obj_zoul/sys-ctrl.o
                0x00202c2c                sys_ctrl_get_reset_cause_str
 .text.sys_ctrl_init
                0x00202c40       0x74 obj_zoul/sys-ctrl.o
                0x00202c40                sys_ctrl_init
 .text.sys_ctrl_get_sys_clock
                0x00202cb4       0x18 obj_zoul/sys-ctrl.o
                0x00202cb4                sys_ctrl_get_sys_clock
 .text.sys_ctrl_get_io_clock
                0x00202ccc       0x18 obj_zoul/sys-ctrl.o
                0x00202ccc                sys_ctrl_get_io_clock
 .text.gpio_register_callback
                0x00202ce4       0x10 obj_zoul/gpio.o
                0x00202ce4                gpio_register_callback
 .text.notify   0x00202cf4       0x30 obj_zoul/gpio.o
                0x00202cf4                notify
 .text.gpio_port_isr
                0x00202d24       0x50 obj_zoul/gpio.o
 .text.gpio_init
                0x00202d74       0x10 obj_zoul/gpio.o
                0x00202d74                gpio_init
 .text.ioc_init
                0x00202d84       0x1c obj_zoul/ioc.o
                0x00202d84                ioc_init
 .text.ioc_set_over
                0x00202da0       0x14 obj_zoul/ioc.o
                0x00202da0                ioc_set_over
 .text.ioc_set_sel
                0x00202db4       0x14 obj_zoul/ioc.o
                0x00202db4                ioc_set_sel
 .text.adc_get  0x00202dc8       0x74 obj_zoul/adc.o
                0x00202dc8                adc_get
 .text.permit_pm1
                0x00202e3c       0x10 obj_zoul/crypto.o
 .text.crypto_isr
                0x00202e4c       0x24 obj_zoul/crypto.o
                0x00202e4c                crypto_isr
 .text.crypto_enable
                0x00202e70       0x20 obj_zoul/crypto.o
                0x00202e70                crypto_enable
 .text.crypto_init
                0x00202e90       0x3c obj_zoul/crypto.o
                0x00202e90                crypto_init
 .text.crypto_disable
                0x00202ecc       0x20 obj_zoul/crypto.o
                0x00202ecc                crypto_disable
 .text.on       0x00202eec       0x2c obj_zoul/cc2538-rf.o
 .text.off      0x00202f18       0x44 obj_zoul/cc2538-rf.o
 .text.set_channel
                0x00202f5c       0x48 obj_zoul/cc2538-rf.o
 .text.channel_clear
                0x00202fa4       0x3c obj_zoul/cc2538-rf.o
 .text.receiving_packet
                0x00202fe0       0x18 obj_zoul/cc2538-rf.o
 .text.pending_packet
                0x00202ff8       0x10 obj_zoul/cc2538-rf.o
 .text.get_value
                0x00203008      0x164 obj_zoul/cc2538-rf.o
 .text.prepare  0x0020316c       0x64 obj_zoul/cc2538-rf.o
 .text.transmit
                0x002031d0       0x98 obj_zoul/cc2538-rf.o
 .text.set_object
                0x00203268       0x30 obj_zoul/cc2538-rf.o
 .text.read     0x00203298       0xe0 obj_zoul/cc2538-rf.o
 .text.set_poll_mode
                0x00203378       0x8c obj_zoul/cc2538-rf.o
 .text.set_value
                0x00203404       0xf8 obj_zoul/cc2538-rf.o
 .text.init     0x002034fc       0xc4 obj_zoul/cc2538-rf.o
 .text.process_thread_cc2538_rf_process
                0x002035c0       0x90 obj_zoul/cc2538-rf.o
 .text.get_object
                0x00203650      0x144 obj_zoul/cc2538-rf.o
 .text.cc2538_rf_rx_tx_isr
                0x00203794       0x24 obj_zoul/cc2538-rf.o
                0x00203794                cc2538_rf_rx_tx_isr
 .text.cc2538_rf_err_isr
                0x002037b8       0x28 obj_zoul/cc2538-rf.o
                0x002037b8                cc2538_rf_err_isr
 .text.udma_init
                0x002037e0       0x30 obj_zoul/udma.o
                0x002037e0                udma_init
 .text.udma_set_channel_src
                0x00203810       0x10 obj_zoul/udma.o
                0x00203810                udma_set_channel_src
 .text.udma_set_channel_dst
                0x00203820       0x14 obj_zoul/udma.o
                0x00203820                udma_set_channel_dst
 .text.udma_set_channel_control_word
                0x00203834       0x14 obj_zoul/udma.o
                0x00203834                udma_set_channel_control_word
 .text.udma_channel_enable
                0x00203848       0x18 obj_zoul/udma.o
                0x00203848                udma_channel_enable
 .text.udma_channel_mask_set
                0x00203860       0x18 obj_zoul/udma.o
                0x00203860                udma_channel_mask_set
 .text.udma_channel_sw_request
                0x00203878       0x18 obj_zoul/udma.o
                0x00203878                udma_channel_sw_request
 .text.udma_channel_get_mode
                0x00203890       0x1c obj_zoul/udma.o
                0x00203890                udma_channel_get_mode
 .text.udma_isr
                0x002038ac       0x10 obj_zoul/udma.o
                0x002038ac                udma_isr
 .text.udma_err_isr
                0x002038bc        0xc obj_zoul/udma.o
                0x002038bc                udma_err_isr
 .text.select_32_mhz_xosc
                0x002038c8       0x30 obj_zoul/lpm.o
 .text.lpm_exit
                0x002038f8       0x38 obj_zoul/lpm.o
                0x002038f8                lpm_exit
 .text.lpm_enter
                0x00203930       0xb4 obj_zoul/lpm.o
                0x00203930                lpm_enter
 .text.lpm_register_peripheral
                0x002039e4       0x24 obj_zoul/lpm.o
                0x002039e4                lpm_register_peripheral
 .text.lpm_init
                0x00203a08       0x24 obj_zoul/lpm.o
                0x00203a08                lpm_init
 .text.pka_isr  0x00203a2c       0x24 obj_zoul/pka.o
                0x00203a2c                pka_isr
 .text.putchar  0x00203a50       0x40 obj_zoul/dbg.o
                0x00203a50                putchar
 .text.ieee_addr_cpy_to
                0x00203a90       0x74 obj_zoul/ieee-addr.o
                0x00203a90                ieee_addr_cpy_to
 .text.slip_arch_init
                0x00203b04        0xc obj_zoul/slip-arch.o
                0x00203b04                slip_arch_init
 .text.process_thread_slip_process
                0x00203b10      0x224 obj_zoul/slip.o
 .text.slip_set_input_callback
                0x00203d34        0xc obj_zoul/slip.o
                0x00203d34                slip_set_input_callback
 .text.slip_send
                0x00203d40       0x5c obj_zoul/slip.o
                0x00203d40                slip_send
 .text.slip_input_byte
                0x00203d9c       0xb0 obj_zoul/slip.o
                0x00203d9c                slip_input_byte
 .text.printf   0x00203e4c       0x20 obj_zoul/dbg-printf.o
                0x00203e4c                printf
 .text.vsnprintf
                0x00203e6c       0x28 obj_zoul/dbg-snprintf.o
                0x00203e6c                vsnprintf
 .text.fill_space
                0x00203e94       0x34 obj_zoul/strformat.o
 .text.format_str_v
                0x00203ec8      0x6c8 obj_zoul/strformat.o
                0x00203ec8                format_str_v
 .text.process_thread_ctimer_process
                0x00204590       0x80 obj_zoul/ctimer.o
 .text.ctimer_init
                0x00204610       0x28 obj_zoul/ctimer.o
                0x00204610                ctimer_init
 .text.ctimer_set_with_process
                0x00204638       0x44 obj_zoul/ctimer.o
                0x00204638                ctimer_set_with_process
 .text.ctimer_set
                0x0020467c       0x14 obj_zoul/ctimer.o
                0x0020467c                ctimer_set
 .text.ctimer_reset
                0x00204690       0x38 obj_zoul/ctimer.o
                0x00204690                ctimer_reset
 .text.ctimer_restart
                0x002046c8       0x38 obj_zoul/ctimer.o
                0x002046c8                ctimer_restart
 .text.ctimer_stop
                0x00204700       0x2c obj_zoul/ctimer.o
                0x00204700                ctimer_stop
 .text.stimer_expired
                0x0020472c       0x20 obj_zoul/stimer.o
                0x0020472c                stimer_expired
 .text.update_time
                0x0020474c       0x44 obj_zoul/etimer.o
 .text.etimer_request_poll
                0x00204790        0xc obj_zoul/etimer.o
                0x00204790                etimer_request_poll
 .text.process_thread_etimer_process
                0x0020479c       0xac obj_zoul/etimer.o
 .text.add_timer
                0x00204848       0x40 obj_zoul/etimer.o
 .text.etimer_pending
                0x00204888       0x10 obj_zoul/etimer.o
                0x00204888                etimer_pending
 .text.etimer_stop
                0x00204898       0x34 obj_zoul/etimer.o
                0x00204898                etimer_stop
 .text.call_process.part.0
                0x002048cc       0x38 obj_zoul/process.o
 .text.exit_process
                0x00204904       0x80 obj_zoul/process.o
 .text.do_poll  0x00204984       0x34 obj_zoul/process.o
 .text.process_alloc_event
                0x002049b8       0x10 obj_zoul/process.o
                0x002049b8                process_alloc_event
 .text.process_init
                0x002049c8       0x30 obj_zoul/process.o
                0x002049c8                process_init
 .text.process_run
                0x002049f8       0x84 obj_zoul/process.o
                0x002049f8                process_run
 .text.process_nevents
                0x00204a7c       0x14 obj_zoul/process.o
                0x00204a7c                process_nevents
 .text.process_post
                0x00204a90       0x3c obj_zoul/process.o
                0x00204a90                process_post
 .text.process_post_synch
                0x00204acc       0x14 obj_zoul/process.o
                0x00204acc                process_post_synch
 .text.process_start
                0x00204ae0       0x30 obj_zoul/process.o
                0x00204ae0                process_start
 .text.process_poll
                0x00204b10       0x18 obj_zoul/process.o
                0x00204b10                process_poll
 .text.rtimer_set
                0x00204b28       0x24 obj_zoul/rtimer.o
                0x00204b28                rtimer_set
 .text.rtimer_run_next
                0x00204b4c       0x28 obj_zoul/rtimer.o
                0x00204b4c                rtimer_run_next
 .text.process_thread_serial_line_process
                0x00204b74       0x9c obj_zoul/serial-line.o
 .text.serial_line_input_byte
                0x00204c10       0x44 obj_zoul/serial-line.o
                0x00204c10                serial_line_input_byte
 .text.serial_line_init
                0x00204c54       0x24 obj_zoul/serial-line.o
                0x00204c54                serial_line_init
 .text.process_thread_sensors_process
                0x00204c78       0xdc obj_zoul/sensors.o
 .text.sensors_changed
                0x00204d54       0x3c obj_zoul/sensors.o
                0x00204d54                sensors_changed
 .text.random_rand
                0x00204d90       0x20 obj_zoul/random.o
                0x00204d90                random_rand
 .text.random_init
                0x00204db0       0x7c obj_zoul/random.o
                0x00204db0                random_init
 .text.echo_reply_input
                0x00204e2c       0xa0 obj_zoul/uip-icmp6.o
 .text.echo_request_input
                0x00204ecc       0xcc obj_zoul/uip-icmp6.o
 .text.uip_icmp6_input
                0x00204f98       0x38 obj_zoul/uip-icmp6.o
                0x00204f98                uip_icmp6_input
 .text.uip_icmp6_register_input_handler
                0x00204fd0        0xc obj_zoul/uip-icmp6.o
                0x00204fd0                uip_icmp6_register_input_handler
 .text.uip_icmp6_error_output
                0x00204fdc      0x140 obj_zoul/uip-icmp6.o
                0x00204fdc                uip_icmp6_error_output
 .text.uip_icmp6_send
                0x0020511c       0x8c obj_zoul/uip-icmp6.o
                0x0020511c                uip_icmp6_send
 .text.uip_icmp6_init
                0x002051a8       0x1c obj_zoul/uip-icmp6.o
                0x002051a8                uip_icmp6_init
 .text.uip_ds6_prefix_add
                0x002051c4       0x64 obj_zoul/uip-ds6.o
                0x002051c4                uip_ds6_prefix_add
 .text.uip_ds6_is_addr_onlink
                0x00205228       0x3c obj_zoul/uip-ds6.o
                0x00205228                uip_ds6_is_addr_onlink
 .text.uip_ds6_addr_lookup
                0x00205264       0x2c obj_zoul/uip-ds6.o
                0x00205264                uip_ds6_addr_lookup
 .text.uip_ds6_get_link_local
                0x00205290       0x40 obj_zoul/uip-ds6.o
                0x00205290                uip_ds6_get_link_local
 .text.uip_ds6_maddr_add
                0x002052d0       0x4c obj_zoul/uip-ds6.o
                0x002052d0                uip_ds6_maddr_add
 .text.uip_ds6_addr_add
                0x0020531c       0x94 obj_zoul/uip-ds6.o
                0x0020531c                uip_ds6_addr_add
 .text.uip_ds6_maddr_lookup
                0x002053b0       0x2c obj_zoul/uip-ds6.o
                0x002053b0                uip_ds6_maddr_lookup
 .text.uip_ds6_addr_rm
                0x002053dc       0x44 obj_zoul/uip-ds6.o
                0x002053dc                uip_ds6_addr_rm
 .text.uip_ds6_periodic
                0x00205420       0x4c obj_zoul/uip-ds6.o
                0x00205420                uip_ds6_periodic
 .text.uip_ds6_select_src
                0x0020546c       0x94 obj_zoul/uip-ds6.o
                0x0020546c                uip_ds6_select_src
 .text.uip_ds6_compute_reachable_time
                0x00205500       0x2c obj_zoul/uip-ds6.o
                0x00205500                uip_ds6_compute_reachable_time
 .text.uip_ds6_init
                0x0020552c       0xe0 obj_zoul/uip-ds6.o
                0x0020552c                uip_ds6_init
 .text.call_route_callback
                0x0020560c       0x50 obj_zoul/uip-ds6-route.o
 .text.uip_ds6_route_init
                0x0020565c       0x4c obj_zoul/uip-ds6-route.o
                0x0020565c                uip_ds6_route_init
 .text.uip_ds6_route_nexthop
                0x002056a8       0x1c obj_zoul/uip-ds6-route.o
                0x002056a8                uip_ds6_route_nexthop
 .text.uip_ds6_route_head
                0x002056c4        0xc obj_zoul/uip-ds6-route.o
                0x002056c4                uip_ds6_route_head
 .text.uip_ds6_route_is_nexthop
                0x002056d0       0x20 obj_zoul/uip-ds6-route.o
                0x002056d0                uip_ds6_route_is_nexthop
 .text.uip_ds6_route_lookup
                0x002056f0       0x64 obj_zoul/uip-ds6-route.o
                0x002056f0                uip_ds6_route_lookup
 .text.uip_ds6_route_rm
                0x00205754       0x9c obj_zoul/uip-ds6-route.o
                0x00205754                uip_ds6_route_rm
 .text.rm_routelist
                0x002057f0       0x30 obj_zoul/uip-ds6-route.o
 .text.uip_ds6_route_add
                0x00205820      0x100 obj_zoul/uip-ds6-route.o
                0x00205820                uip_ds6_route_add
 .text.uip_ds6_defrt_rm
                0x00205920       0x44 obj_zoul/uip-ds6-route.o
                0x00205920                uip_ds6_defrt_rm
 .text.uip_ds6_defrt_lookup
                0x00205964       0x2c obj_zoul/uip-ds6-route.o
                0x00205964                uip_ds6_defrt_lookup
 .text.uip_ds6_defrt_add
                0x00205990       0x64 obj_zoul/uip-ds6-route.o
                0x00205990                uip_ds6_defrt_add
 .text.uip_ds6_defrt_choose
                0x002059f4       0x30 obj_zoul/uip-ds6-route.o
                0x002059f4                uip_ds6_defrt_choose
 .text.uip_ds6_defrt_periodic
                0x00205a24       0x30 obj_zoul/uip-ds6-route.o
                0x00205a24                uip_ds6_defrt_periodic
 .text.upper_layer_chksum
                0x00205a54       0x54 obj_zoul/uip6.o
 .text.ext_hdr_options_process
                0x00205aa8       0xc0 obj_zoul/uip6.o
 .text.uip_add32
                0x00205b68       0x54 obj_zoul/uip6.o
                0x00205b68                uip_add32
 .text.unlikely.uip_add_rcv_nxt
                0x00205bbc       0x30 obj_zoul/uip6.o
 .text.uip_init
                0x00205bec       0x60 obj_zoul/uip6.o
                0x00205bec                uip_init
 .text.remove_ext_hdr
                0x00205c4c       0x50 obj_zoul/uip6.o
                0x00205c4c                remove_ext_hdr
 .text.uip_unlisten
                0x00205c9c       0x24 obj_zoul/uip6.o
                0x00205c9c                uip_unlisten
 .text.uip_listen
                0x00205cc0       0x20 obj_zoul/uip6.o
                0x00205cc0                uip_listen
 .text.uip_process
                0x00205ce0      0xd30 obj_zoul/uip6.o
                0x00205ce0                uip_process
 .text.uip_send
                0x00206a10       0x48 obj_zoul/uip6.o
                0x00206a10                uip_send
 .text.uip_ds6_nbr_rm
                0x00206a58       0x20 obj_zoul/uip-ds6-nbr.o
                0x00206a58                uip_ds6_nbr_rm
 .text.uip_ds6_neighbors_init
                0x00206a78       0x1c obj_zoul/uip-ds6-nbr.o
                0x00206a78                uip_ds6_neighbors_init
 .text.uip_ds6_nbr_add
                0x00206a94       0x3c obj_zoul/uip-ds6-nbr.o
                0x00206a94                uip_ds6_nbr_add
 .text.uip_ds6_nbr_get_ll
                0x00206ad0       0x10 obj_zoul/uip-ds6-nbr.o
                0x00206ad0                uip_ds6_nbr_get_ll
 .text.uip_ds6_nbr_lookup
                0x00206ae0       0x38 obj_zoul/uip-ds6-nbr.o
                0x00206ae0                uip_ds6_nbr_lookup
 .text.uip_ds6_nbr_ll_lookup
                0x00206b18       0x10 obj_zoul/uip-ds6-nbr.o
                0x00206b18                uip_ds6_nbr_ll_lookup
 .text.uip_ds6_link_neighbor_callback
                0x00206b28       0x34 obj_zoul/uip-ds6-nbr.o
                0x00206b28                uip_ds6_link_neighbor_callback
 .text.clear_fragments
                0x00206b5c       0x3c obj_zoul/sicslowpan.o
 .text.sicslowpan_init
                0x00206b98       0x24 obj_zoul/sicslowpan.o
                0x00206b98                sicslowpan_init
 .text.compress_addr_64
                0x00206bbc       0x90 obj_zoul/sicslowpan.o
 .text.set_packet_attrs
                0x00206c4c       0x40 obj_zoul/sicslowpan.o
 .text.addr_context_lookup_by_prefix
                0x00206c8c       0x28 obj_zoul/sicslowpan.o
 .text.send_packet
                0x00206cb4       0x24 obj_zoul/sicslowpan.o
 .text.packet_sent
                0x00206cd8       0x28 obj_zoul/sicslowpan.o
 .text.store_fragment
                0x00206d00       0x58 obj_zoul/sicslowpan.o
 .text.uncompress_addr
                0x00206d58       0x94 obj_zoul/sicslowpan.o
 .text.output   0x00206dec      0x698 obj_zoul/sicslowpan.o
 .text.add_fragment
                0x00207484      0x11c obj_zoul/sicslowpan.o
 .text.input    0x002075a0      0x590 obj_zoul/sicslowpan.o
 .text.uip_debug_ipaddr_print
                0x00207b30       0xa0 obj_zoul/uip-debug.o
                0x00207b30                uip_debug_ipaddr_print
 .text.psock_send
                0x00207bd0       0x98 obj_zoul/psock.o
                0x00207bd0                psock_send
 .text.psock_newdata
                0x00207c68       0x28 obj_zoul/psock.o
                0x00207c68                psock_newdata
 .text.psock_readto
                0x00207c90       0xa0 obj_zoul/psock.o
                0x00207c90                psock_readto
 .text.start_periodic_tcp_timer
                0x00207d30       0x1c obj_zoul/tcpip.o
 .text.tcpip_output
                0x00207d4c       0x10 obj_zoul/tcpip.o
                0x00207d4c                tcpip_output
 .text.tcpip_set_outputfunc
                0x00207d5c        0xc obj_zoul/tcpip.o
                0x00207d5c                tcpip_set_outputfunc
 .text.tcp_listen
                0x00207d68       0x2c obj_zoul/tcpip.o
                0x00207d68                tcp_listen
 .text.tcp_attach
                0x00207d94       0x10 obj_zoul/tcpip.o
                0x00207d94                tcp_attach
 .text.tcpip_icmp6_call
                0x00207da4       0x28 obj_zoul/tcpip.o
                0x00207da4                tcpip_icmp6_call
 .text.tcpip_input
                0x00207dcc       0x24 obj_zoul/tcpip.o
                0x00207dcc                tcpip_input
 .text.tcpip_ipv6_output
                0x00207df0       0xe4 obj_zoul/tcpip.o
                0x00207df0                tcpip_ipv6_output
 .text.process_thread_tcpip_process
                0x00207ed4      0x1bc obj_zoul/tcpip.o
 .text.tcpip_uipcall
                0x00208090       0x68 obj_zoul/tcpip.o
                0x00208090                tcpip_uipcall
 .text.dao_ack_input
                0x002080f8       0x14 obj_zoul/rpl-icmp6.o
 .text.dio_input
                0x0020810c      0x254 obj_zoul/rpl-icmp6.o
 .text.dao_input
                0x00208360      0x270 obj_zoul/rpl-icmp6.o
 .text.dis_output
                0x002085d0       0x54 obj_zoul/rpl-icmp6.o
                0x002085d0                dis_output
 .text.dio_output
                0x00208624      0x210 obj_zoul/rpl-icmp6.o
                0x00208624                dio_output
 .text.dis_input
                0x00208834       0x50 obj_zoul/rpl-icmp6.o
 .text.dao_output_target
                0x00208884      0x100 obj_zoul/rpl-icmp6.o
                0x00208884                dao_output_target
 .text.dao_output
                0x00208984       0x90 obj_zoul/rpl-icmp6.o
                0x00208984                dao_output
 .text.rpl_icmp6_register_handlers
                0x00208a14       0x30 obj_zoul/rpl-icmp6.o
                0x00208a14                rpl_icmp6_register_handlers
 .text.rpl_set_preferred_parent
                0x00208a44       0x28 obj_zoul/rpl-dag.o
 .text.set_ip_from_prefix
                0x00208a6c       0x2c obj_zoul/rpl-dag.o
 .text.find_parent_any_dag_any_instance
                0x00208a98       0x1c obj_zoul/rpl-dag.o
 .text.rpl_dag_init
                0x00208ab4       0x14 obj_zoul/rpl-dag.o
                0x00208ab4                rpl_dag_init
 .text.rpl_get_parent
                0x00208ac8       0x10 obj_zoul/rpl-dag.o
                0x00208ac8                rpl_get_parent
 .text.rpl_get_parent_lladdr
                0x00208ad8       0x10 obj_zoul/rpl-dag.o
                0x00208ad8                rpl_get_parent_lladdr
 .text.best_parent
                0x00208ae8       0x74 obj_zoul/rpl-dag.o
 .text.rpl_alloc_instance
                0x00208b5c       0x34 obj_zoul/rpl-dag.o
                0x00208b5c                rpl_alloc_instance
 .text.rpl_add_parent
                0x00208b90       0x30 obj_zoul/rpl-dag.o
                0x00208b90                rpl_add_parent
 .text.rpl_remove_parent
                0x00208bc0       0x1c obj_zoul/rpl-dag.o
                0x00208bc0                rpl_remove_parent
 .text.remove_parents.constprop.6
                0x00208bdc       0x2c obj_zoul/rpl-dag.o
 .text.rpl_get_any_dag
                0x00208c08       0x18 obj_zoul/rpl-dag.o
                0x00208c08                rpl_get_any_dag
 .text.rpl_get_instance
                0x00208c20       0x20 obj_zoul/rpl-dag.o
                0x00208c20                rpl_get_instance
 .text.rpl_find_of
                0x00208c40       0x14 obj_zoul/rpl-dag.o
                0x00208c40                rpl_find_of
 .text.rpl_set_root
                0x00208c54      0x118 obj_zoul/rpl-dag.o
                0x00208c54                rpl_set_root
 .text.rpl_join_instance
                0x00208d6c      0x13c obj_zoul/rpl-dag.o
                0x00208d6c                rpl_join_instance
 .text.rpl_local_repair
                0x00208ea8       0x78 obj_zoul/rpl-dag.o
                0x00208ea8                rpl_local_repair
 .text.rpl_recalculate_ranks
                0x00208f20       0x3c obj_zoul/rpl-dag.o
                0x00208f20                rpl_recalculate_ranks
 .text.new_dio_interval
                0x00208f5c       0x5c obj_zoul/rpl-timers.o
 .text.handle_periodic_timer
                0x00208fb8       0x4c obj_zoul/rpl-timers.o
 .text.set_dao_lifetime_timer
                0x00209004       0x4c obj_zoul/rpl-timers.o
 .text.handle_dio_timer
                0x00209050       0x80 obj_zoul/rpl-timers.o
 .text.schedule_dao
                0x002090d0       0x54 obj_zoul/rpl-timers.o
 .text.handle_dao_timer
                0x00209124       0x58 obj_zoul/rpl-timers.o
 .text.rpl_reset_periodic_timer
                0x0020917c       0x34 obj_zoul/rpl-timers.o
                0x0020917c                rpl_reset_periodic_timer
 .text.rpl_schedule_unicast_dio_immediately
                0x002091b0       0x14 obj_zoul/rpl-timers.o
                0x002091b0                rpl_schedule_unicast_dio_immediately
 .text.get_probing_target
                0x002091c4       0xd4 obj_zoul/rpl-timers.o
                0x002091c4                get_probing_target
 .text.rpl_schedule_probing
                0x00209298       0x20 obj_zoul/rpl-timers.o
                0x00209298                rpl_schedule_probing
 .text.update_hbh_header
                0x002092b8       0xc8 obj_zoul/rpl-ext-header.o
 .text.insert_hbh_header
                0x00209380       0xa4 obj_zoul/rpl-ext-header.o
 .text.rpl_verify_hbh_header
                0x00209424      0x104 obj_zoul/rpl-ext-header.o
                0x00209424                rpl_verify_hbh_header
 .text.rpl_remove_header
                0x00209528       0x7c obj_zoul/rpl-ext-header.o
                0x00209528                rpl_remove_header
 .text.rpl_update_header
                0x002095a4       0x64 obj_zoul/rpl-ext-header.o
                0x002095a4                rpl_update_header
 .text.rpl_get_mode
                0x00209608        0xc obj_zoul/rpl.o
                0x00209608                rpl_get_mode
 .text.rpl_purge_routes
                0x00209614       0x68 obj_zoul/rpl.o
                0x00209614                rpl_purge_routes
 .text.rpl_link_neighbor_callback
                0x0020967c       0x54 obj_zoul/rpl.o
                0x0020967c                rpl_link_neighbor_callback
 .text.rpl_ipv6_neighbor_callback
                0x002096d0       0x28 obj_zoul/rpl.o
                0x002096d0                rpl_ipv6_neighbor_callback
 .text.rpl_purge_dags
                0x002096f8       0x3c obj_zoul/rpl.o
                0x002096f8                rpl_purge_dags
 .text.rpl_init
                0x00209734       0x4c obj_zoul/rpl.o
                0x00209734                rpl_init
 .text.update_nbr
                0x00209780       0xf4 obj_zoul/rpl-nbr-policy.o
 .text.handle_periodic_timer
                0x00209874       0x14 obj_zoul/rpl-nbr-policy.o
 .text.find_removable_dis
                0x00209888       0x20 obj_zoul/rpl-nbr-policy.o
                0x00209888                find_removable_dis
 .text.find_removable_dio
                0x002098a8       0x40 obj_zoul/rpl-nbr-policy.o
                0x002098a8                find_removable_dio
 .text.find_removable_dao
                0x002098e8       0x38 obj_zoul/rpl-nbr-policy.o
                0x002098e8                find_removable_dao
 .text.rpl_nbr_policy_find_removable
                0x00209920       0x28 obj_zoul/rpl-nbr-policy.o
                0x00209920                rpl_nbr_policy_find_removable
 .text.queuebuf_init
                0x00209948       0x1c obj_zoul/queuebuf.o
                0x00209948                queuebuf_init
 .text.queuebuf_numfree
                0x00209964        0xc obj_zoul/queuebuf.o
                0x00209964                queuebuf_numfree
 .text.queuebuf_new_from_packetbuf
                0x00209970       0x44 obj_zoul/queuebuf.o
                0x00209970                queuebuf_new_from_packetbuf
 .text.queuebuf_free
                0x002099b4       0x2c obj_zoul/queuebuf.o
                0x002099b4                queuebuf_free
 .text.queuebuf_to_packetbuf
                0x002099e0       0x30 obj_zoul/queuebuf.o
                0x002099e0                queuebuf_to_packetbuf
 .text.key_from_index
                0x00209a10       0x18 obj_zoul/nbr-table.o
 .text.index_from_key
                0x00209a28       0x20 obj_zoul/nbr-table.o
 .text.index_from_lladdr
                0x00209a48       0x40 obj_zoul/nbr-table.o
 .text.nbr_get_bit.constprop.0
                0x00209a88       0x2c obj_zoul/nbr-table.o
 .text.remove_key
                0x00209ab4       0x60 obj_zoul/nbr-table.o
 .text.nbr_table_register
                0x00209b14       0x28 obj_zoul/nbr-table.o
                0x00209b14                nbr_table_register
 .text.nbr_table_head
                0x00209b3c       0x38 obj_zoul/nbr-table.o
                0x00209b3c                nbr_table_head
 .text.nbr_table_add_lladdr
                0x00209b74      0x108 obj_zoul/nbr-table.o
                0x00209b74                nbr_table_add_lladdr
 .text.nbr_table_remove
                0x00209c7c       0x2c obj_zoul/nbr-table.o
                0x00209c7c                nbr_table_remove
 .text.nbr_table_lock
                0x00209ca8       0x10 obj_zoul/nbr-table.o
                0x00209ca8                nbr_table_lock
 .text.nbr_table_unlock
                0x00209cb8       0x10 obj_zoul/nbr-table.o
                0x00209cb8                nbr_table_unlock
 .text.packetbuf_hdrreduce
                0x00209cc8       0x28 obj_zoul/packetbuf.o
                0x00209cc8                packetbuf_hdrreduce
 .text.packetbuf_set_datalen
                0x00209cf0        0xc obj_zoul/packetbuf.o
                0x00209cf0                packetbuf_set_datalen
 .text.packetbuf_hdrptr
                0x00209cfc        0x8 obj_zoul/packetbuf.o
                0x00209cfc                packetbuf_hdrptr
 .text.packetbuf_datalen
                0x00209d04        0xc obj_zoul/packetbuf.o
                0x00209d04                packetbuf_datalen
 .text.packetbuf_hdrlen
                0x00209d10       0x18 obj_zoul/packetbuf.o
                0x00209d10                packetbuf_hdrlen
 .text.packetbuf_dataptr
                0x00209d28       0x10 obj_zoul/packetbuf.o
                0x00209d28                packetbuf_dataptr
 .text.packetbuf_copyto
                0x00209d38       0x40 obj_zoul/packetbuf.o
                0x00209d38                packetbuf_copyto
 .text.packetbuf_totlen
                0x00209d78       0x14 obj_zoul/packetbuf.o
                0x00209d78                packetbuf_totlen
 .text.packetbuf_hdralloc
                0x00209d8c       0x3c obj_zoul/packetbuf.o
                0x00209d8c                packetbuf_hdralloc
 .text.packetbuf_attr_clear
                0x00209dc8       0x34 obj_zoul/packetbuf.o
                0x00209dc8                packetbuf_attr_clear
 .text.packetbuf_clear
                0x00209dfc       0x20 obj_zoul/packetbuf.o
                0x00209dfc                packetbuf_clear
 .text.packetbuf_copyfrom
                0x00209e1c       0x2c obj_zoul/packetbuf.o
                0x00209e1c                packetbuf_copyfrom
 .text.packetbuf_attr_copyto
                0x00209e48       0x34 obj_zoul/packetbuf.o
                0x00209e48                packetbuf_attr_copyto
 .text.packetbuf_attr_copyfrom
                0x00209e7c       0x34 obj_zoul/packetbuf.o
                0x00209e7c                packetbuf_attr_copyfrom
 .text.packetbuf_set_attr
                0x00209eb0       0x10 obj_zoul/packetbuf.o
                0x00209eb0                packetbuf_set_attr
 .text.packetbuf_attr
                0x00209ec0        0xc obj_zoul/packetbuf.o
                0x00209ec0                packetbuf_attr
 .text.packetbuf_set_addr
                0x00209ecc       0x18 obj_zoul/packetbuf.o
                0x00209ecc                packetbuf_set_addr
 .text.packetbuf_addr
                0x00209ee4       0x10 obj_zoul/packetbuf.o
                0x00209ee4                packetbuf_addr
 .text.packetbuf_holds_broadcast
                0x00209ef4       0x10 obj_zoul/packetbuf.o
                0x00209ef4                packetbuf_holds_broadcast
 .text.netstack_init
                0x00209f04       0x38 obj_zoul/netstack.o
                0x00209f04                netstack_init
 .text.periodic
                0x00209f3c       0x2c obj_zoul/link-stats.o
 .text.link_stats_from_lladdr
                0x00209f68        0xc obj_zoul/link-stats.o
                0x00209f68                link_stats_from_lladdr
 .text.link_stats_packet_sent
                0x00209f74       0x78 obj_zoul/link-stats.o
                0x00209f74                link_stats_packet_sent
 .text.link_stats_input_callback
                0x00209fec       0x4c obj_zoul/link-stats.o
                0x00209fec                link_stats_input_callback
 .text.link_stats_init
                0x0020a038       0x28 obj_zoul/link-stats.o
                0x0020a038                link_stats_init
 .text.mac_sequence_is_duplicate
                0x0020a060       0x4c obj_zoul/mac-sequence.o
                0x0020a060                mac_sequence_is_duplicate
 .text.mac_sequence_register_seqno
                0x0020a0ac       0x68 obj_zoul/mac-sequence.o
                0x0020a0ac                mac_sequence_register_seqno
 .text.create_frame.isra.0
                0x0020a114      0x128 obj_zoul/framer-802154.o
 .text.frame802154_get_pan_id
                0x0020a23c        0xc obj_zoul/frame802154.o
                0x0020a23c                frame802154_get_pan_id
 .text.frame802154_parse
                0x0020a248      0x16c obj_zoul/frame802154.o
                0x0020a248                frame802154_parse
 .text.input_packet
                0x0020a3b4        0xc obj_zoul/csma.o
 .text.on       0x0020a3c0        0xc obj_zoul/csma.o
 .text.off      0x0020a3cc        0xc obj_zoul/csma.o
 .text.channel_check_interval
                0x0020a3d8       0x10 obj_zoul/csma.o
 .text.transmit_packet_list
                0x0020a3e8       0x30 obj_zoul/csma.o
 .text.schedule_transmission
                0x0020a418       0x4c obj_zoul/csma.o
 .text.send_packet
                0x0020a464      0x138 obj_zoul/csma.o
 .text.init     0x0020a59c       0x24 obj_zoul/csma.o
 .text.tx_done  0x0020a5c0       0x80 obj_zoul/csma.o
 .text.init     0x0020a640       0x40 obj_zoul/contikimac.o
 .text.on       0x0020a680       0x2c obj_zoul/contikimac.o
 .text.off      0x0020a6ac       0x38 obj_zoul/contikimac.o
 .text.recv_burst_off
                0x0020a6e4       0x14 obj_zoul/contikimac.o
 .text.powercycle_turn_radio_off
                0x0020a6f8       0x1c obj_zoul/contikimac.o
 .text.turn_off
                0x0020a714       0x38 obj_zoul/contikimac.o
 .text.turn_on  0x0020a74c       0x40 obj_zoul/contikimac.o
 .text.schedule_powercycle_fixed
                0x0020a78c       0x34 obj_zoul/contikimac.o
 .text.input_packet
                0x0020a7c0       0xa8 obj_zoul/contikimac.o
 .text.send_packet.isra.8
                0x0020a868      0x1f4 obj_zoul/contikimac.o
 .text.qsend_list
                0x0020aa5c       0xc4 obj_zoul/contikimac.o
 .text.powercycle_wrapper
                0x0020ab20      0x1ec obj_zoul/contikimac.o
 .text.input    0x0020ad0c        0xc obj_zoul/nullsec.o
 .text.send     0x0020ad18       0x20 obj_zoul/nullsec.o
 .text.process_thread_webserver_nogui_process
                0x0020ad38       0x34 border-router.co
 .text.ipaddr_add
                0x0020ad6c       0x98 border-router.co
 .text.generate_routes
                0x0020ae04      0x204 border-router.co
 .text.httpd_simple_get_script
                0x0020b008        0x8 border-router.co
                0x0020b008                httpd_simple_get_script
 .text.request_prefix
                0x0020b010       0x2c border-router.co
                0x0020b010                request_prefix
 .text.process_thread_border_router_process
                0x0020b03c       0xf0 border-router.co
 .text.set_prefix_64
                0x0020b12c       0x68 border-router.co
                0x0020b12c                set_prefix_64
 .text.init     0x0020b194       0x24 obj_zoul/slip-bridge.o
 .text.slip_input_callback
                0x0020b1b8       0xe8 obj_zoul/slip-bridge.o
 .text.output   0x0020b2a0       0x4c obj_zoul/slip-bridge.o
 .text.handle_input
                0x0020b2ec       0xc8 obj_zoul/httpd-simple.o
 .text.send_headers
                0x0020b3b4       0x50 obj_zoul/httpd-simple.o
 .text.handle_output
                0x0020b404       0xcc obj_zoul/httpd-simple.o
 .text.httpd_appcall
                0x0020b4d0       0xd0 obj_zoul/httpd-simple.o
                0x0020b4d0                httpd_appcall
 .text.httpd_init
                0x0020b5a0       0x18 obj_zoul/httpd-simple.o
                0x0020b5a0                httpd_init
 .text          0x0020b5b8       0x30 /usr/lib/gcc/arm-none-eabi/5.4.1/armv7-m/libgcc.a(_aeabi_uldivmod.o)
                0x0020b5b8                __aeabi_uldivmod
 .text          0x0020b5e8      0x2ec /usr/lib/gcc/arm-none-eabi/5.4.1/armv7-m/libgcc.a(_udivmoddi4.o)
                0x0020b5e8                __udivmoddi4
 .text          0x0020b8d4        0x4 /usr/lib/gcc/arm-none-eabi/5.4.1/armv7-m/libgcc.a(_dvmd_tls.o)
                0x0020b8d4                __aeabi_ldiv0
                0x0020b8d4                __aeabi_idiv0
 .text          0x0020b8d8       0x64 /usr/lib/gcc/arm-none-eabi/5.4.1/../../../arm-none-eabi/lib/armv7-m/libc.a(lib_a-memcmp.o)
                0x0020b8d8                memcmp
 .text          0x0020b93c       0xec /usr/lib/gcc/arm-none-eabi/5.4.1/../../../arm-none-eabi/lib/armv7-m/libc.a(lib_a-memcpy.o)
                0x0020b93c                memcpy
 .text          0x0020ba28       0xc8 /usr/lib/gcc/arm-none-eabi/5.4.1/../../../arm-none-eabi/lib/armv7-m/libc.a(lib_a-memmove.o)
                0x0020ba28                memmove
 .text          0x0020baf0       0x9c /usr/lib/gcc/arm-none-eabi/5.4.1/../../../arm-none-eabi/lib/armv7-m/libc.a(lib_a-memset.o)
                0x0020baf0                memset
 .text          0x0020bb8c       0xbc /usr/lib/gcc/arm-none-eabi/5.4.1/../../../arm-none-eabi/lib/armv7-m/libc.a(lib_a-strcpy.o)
                0x0020bb8c                strcpy
 .text          0x0020bc48       0x5c /usr/lib/gcc/arm-none-eabi/5.4.1/../../../arm-none-eabi/lib/armv7-m/libc.a(lib_a-strlen-stub.o)
                0x0020bc48                strlen
 .text          0x0020bca4       0x9c /usr/lib/gcc/arm-none-eabi/5.4.1/../../../arm-none-eabi/lib/armv7-m/libc.a(lib_a-strncmp.o)
                0x0020bca4                strncmp
 .text          0x0020bd40       0x68 /usr/lib/gcc/arm-none-eabi/5.4.1/../../../arm-none-eabi/lib/armv7-m/libc.a(lib_a-strncpy.o)
                0x0020bd40                strncpy
 .text.default_handler
                0x0020bda8        0x2 obj_zoul/startup-gcc.o
                0x0020bda8                default_handler
 .text.nmi_handler
                0x0020bdaa        0x6 obj_zoul/startup-gcc.o
                0x0020bdaa                nmi_handler
 .text.fade     0x0020bdb0       0x58 obj_zoul/contiki-main.o
 .text.board_init
                0x0020be08        0x4 obj_zoul/board.o
                0x0020be08                board_init
 .text.clock_isr
                0x0020be0c        0x4 obj_zoul/clock.o
                0x0020be0c                clock_isr
 .text.rtimer_arch_init
                0x0020be10        0x2 obj_zoul/rtimer-arch.o
                0x0020be10                rtimer_arch_init
 .text.uart0_isr
                0x0020be12        0x6 obj_zoul/uart.o
                0x0020be12                uart0_isr
 .text.uart1_isr
                0x0020be18        0x6 obj_zoul/uart.o
                0x0020be18                uart1_isr
 .text.cpu_cpsie
                0x0020be1e        0x8 obj_zoul/cpu.o
                0x0020be1e                cpu_cpsie
 .text.cpu_cpsid
                0x0020be26        0x8 obj_zoul/cpu.o
                0x0020be26                cpu_cpsid
 .text.gpio_port_a_isr
                0x0020be2e        0x6 obj_zoul/gpio.o
                0x0020be2e                gpio_port_a_isr
 .text.gpio_port_b_isr
                0x0020be34        0x6 obj_zoul/gpio.o
                0x0020be34                gpio_port_b_isr
 .text.gpio_port_c_isr
                0x0020be3a        0x6 obj_zoul/gpio.o
                0x0020be3a                gpio_port_c_isr
 .text.gpio_port_d_isr
                0x0020be40        0x6 obj_zoul/gpio.o
                0x0020be40                gpio_port_d_isr
 .text.send     0x0020be46       0x12 obj_zoul/cc2538-rf.o
 .text.dbg_send_bytes
                0x0020be58       0x20 obj_zoul/dbg.o
                0x0020be58                dbg_send_bytes
 .text.puts     0x0020be78       0x20 obj_zoul/dbg.o
                0x0020be78                puts
 .text.slip_arch_writeb
                0x0020be98        0x8 obj_zoul/slip-arch.o
                0x0020be98                slip_arch_writeb
 .text.configure
                0x0020bea0        0x4 obj_zoul/cc2538-temp-sensor.o
 .text.status   0x0020bea4        0x4 obj_zoul/cc2538-temp-sensor.o
 .text.value    0x0020bea8       0x34 obj_zoul/cc2538-temp-sensor.o
 .text.configure
                0x0020bedc        0x4 obj_zoul/vdd3-sensor.o
 .text.status   0x0020bee0        0x4 obj_zoul/vdd3-sensor.o
 .text.value    0x0020bee4       0x2a obj_zoul/vdd3-sensor.o
 .text.write_str
                0x0020bf0e       0x10 obj_zoul/dbg-printf.o
 .text.buffer_str
                0x0020bf1e       0x28 obj_zoul/dbg-snprintf.o
 .text.snprintf
                0x0020bf46       0x1a obj_zoul/dbg-snprintf.o
                0x0020bf46                snprintf
 .text.autostart_start
                0x0020bf60       0x14 obj_zoul/autostart.o
                0x0020bf60                autostart_start
 .text.energest_init
                0x0020bf74        0x2 obj_zoul/energest.o
                0x0020bf74                energest_init
 .text.stimer_set
                0x0020bf76        0xe obj_zoul/stimer.o
                0x0020bf76                stimer_set
 .text.etimer_set
                0x0020bf84       0x12 obj_zoul/etimer.o
                0x0020bf84                etimer_set
 .text.etimer_reset
                0x0020bf96       0x12 obj_zoul/etimer.o
                0x0020bf96                etimer_reset
 .text.etimer_restart
                0x0020bfa8       0x12 obj_zoul/etimer.o
                0x0020bfa8                etimer_restart
 .text.etimer_expired
                0x0020bfba        0xa obj_zoul/etimer.o
                0x0020bfba                etimer_expired
 .text.etimer_expiration_time
                0x0020bfc4        0x6 obj_zoul/etimer.o
                0x0020bfc4                etimer_expiration_time
 .text.call_process
                0x0020bfca        0xc obj_zoul/process.o
 .text.rtimer_init
                0x0020bfd6        0x4 obj_zoul/rtimer.o
                0x0020bfd6                rtimer_init
 .text.timer_set
                0x0020bfda        0xe obj_zoul/timer.o
                0x0020bfda                timer_set
 .text.timer_reset
                0x0020bfe8        0xa obj_zoul/timer.o
                0x0020bfe8                timer_reset
 .text.timer_restart
                0x0020bff2        0xc obj_zoul/timer.o
                0x0020bff2                timer_restart
 .text.timer_expired
                0x0020bffe       0x1c obj_zoul/timer.o
                0x0020bffe                timer_expired
 .text.list_init
                0x0020c01a        0x6 obj_zoul/list.o
                0x0020c01a                list_init
 .text.list_head
                0x0020c020        0x4 obj_zoul/list.o
                0x0020c020                list_head
 .text.list_tail
                0x0020c024       0x10 obj_zoul/list.o
                0x0020c024                list_tail
 .text.list_remove
                0x0020c034       0x26 obj_zoul/list.o
                0x0020c034                list_remove
 .text.list_add
                0x0020c05a       0x1a obj_zoul/list.o
                0x0020c05a                list_add
 .text.list_push
                0x0020c074       0x10 obj_zoul/list.o
                0x0020c074                list_push
 .text.list_length
                0x0020c084        0xe obj_zoul/list.o
                0x0020c084                list_length
 .text.list_item_next
                0x0020c092        0x6 obj_zoul/list.o
                0x0020c092                list_item_next
 .text.memb_init
                0x0020c098       0x20 obj_zoul/memb.o
                0x0020c098                memb_init
 .text.memb_alloc
                0x0020c0b8       0x28 obj_zoul/memb.o
                0x0020c0b8                memb_alloc
 .text.memb_free
                0x0020c0e0       0x2c obj_zoul/memb.o
                0x0020c0e0                memb_free
 .text.memb_inmemb
                0x0020c10c       0x1c obj_zoul/memb.o
                0x0020c10c                memb_inmemb
 .text.memb_numfree
                0x0020c128       0x1c obj_zoul/memb.o
                0x0020c128                memb_numfree
 .text.ringbuf_init
                0x0020c144        0xe obj_zoul/ringbuf.o
                0x0020c144                ringbuf_init
 .text.ringbuf_put
                0x0020c152       0x26 obj_zoul/ringbuf.o
                0x0020c152                ringbuf_put
 .text.ringbuf_get
                0x0020c178       0x20 obj_zoul/ringbuf.o
                0x0020c178                ringbuf_get
 .text.uip_ds6_list_loop
                0x0020c198       0x48 obj_zoul/uip-ds6.o
                0x0020c198                uip_ds6_list_loop
 .text.uip_ds6_maddr_rm
                0x0020c1e0        0x8 obj_zoul/uip-ds6.o
                0x0020c1e0                uip_ds6_maddr_rm
 .text.uip_ds6_set_addr_iid
                0x0020c1e8       0x12 obj_zoul/uip-ds6.o
                0x0020c1e8                uip_ds6_set_addr_iid
 .text.get_match_length
                0x0020c1fa       0x3e obj_zoul/uip-ds6.o
                0x0020c1fa                get_match_length
 .text.uip_ds6_route_next
                0x0020c238        0x8 obj_zoul/uip-ds6-route.o
                0x0020c238                uip_ds6_route_next
 .text.rm_routelist_callback
                0x0020c240        0x4 obj_zoul/uip-ds6-route.o
 .text.chksum   0x0020c244       0x38 obj_zoul/uip6.o
 .text.uip_icmp6chksum
                0x0020c27c        0x6 obj_zoul/uip6.o
                0x0020c27c                uip_icmp6chksum
 .text.uip_tcpchksum
                0x0020c282        0x6 obj_zoul/uip6.o
                0x0020c282                uip_tcpchksum
 .text.uip_udpchksum
                0x0020c288        0x6 obj_zoul/uip6.o
                0x0020c288                uip_udpchksum
 .text.uip_htonl
                0x0020c28e       0x18 obj_zoul/uip6.o
                0x0020c28e                uip_htonl
 .text.uip_ds6_nbr_ipaddr_from_lladdr
                0x0020c2a6        0x4 obj_zoul/uip-ds6-nbr.o
                0x0020c2a6                uip_ds6_nbr_ipaddr_from_lladdr
 .text.uip_ds6_nbr_lladdr_from_ipaddr
                0x0020c2aa       0x12 obj_zoul/uip-ds6-nbr.o
                0x0020c2aa                uip_ds6_nbr_lladdr_from_ipaddr
 .text.uip_nd6_init
                0x0020c2bc        0x2 obj_zoul/uip-nd6.o
                0x0020c2bc                uip_nd6_init
 .text.psock_datalen
                0x0020c2be        0xa obj_zoul/psock.o
                0x0020c2be                psock_datalen
 .text.psock_init
                0x0020c2c8       0x16 obj_zoul/psock.o
                0x0020c2c8                psock_init
 .text.get32    0x0020c2de       0x18 obj_zoul/rpl-icmp6.o
 .text.set32    0x0020c2f6       0x12 obj_zoul/rpl-icmp6.o
 .text.get16    0x0020c308        0xc obj_zoul/rpl-icmp6.o
 .text.set16    0x0020c314        0xa obj_zoul/rpl-icmp6.o
 .text.rpl_icmp6_update_nbr_table
                0x0020c31e       0x2e obj_zoul/rpl-icmp6.o
                0x0020c31e                rpl_icmp6_update_nbr_table
 .text.check_prefix
                0x0020c34c       0x58 obj_zoul/rpl-dag.o
 .text.lollipop_greater_than
                0x0020c3a4       0x34 obj_zoul/rpl-dag.o
 .text.rpl_rank_via_parent
                0x0020c3d8       0x1a obj_zoul/rpl-dag.o
                0x0020c3d8                rpl_rank_via_parent
 .text.rpl_get_parent_ipaddr
                0x0020c3f2        0xe obj_zoul/rpl-dag.o
                0x0020c3f2                rpl_get_parent_ipaddr
 .text.rpl_get_parent_link_stats
                0x0020c400        0xe obj_zoul/rpl-dag.o
                0x0020c400                rpl_get_parent_link_stats
 .text.rpl_parent_is_fresh
                0x0020c40e        0xe obj_zoul/rpl-dag.o
                0x0020c40e                rpl_parent_is_fresh
 .text.rpl_parent_is_reachable
                0x0020c41c       0x36 obj_zoul/rpl-dag.o
                0x0020c41c                rpl_parent_is_reachable
 .text.rpl_set_prefix
                0x0020c452       0x6c obj_zoul/rpl-dag.o
                0x0020c452                rpl_set_prefix
 .text.rpl_set_default_route
                0x0020c4be       0x30 obj_zoul/rpl-dag.o
                0x0020c4be                rpl_set_default_route
 .text.rpl_find_parent
                0x0020c4ee       0x16 obj_zoul/rpl-dag.o
                0x0020c4ee                rpl_find_parent
 .text.rpl_find_parent_any_dag
                0x0020c504       0x1e obj_zoul/rpl-dag.o
                0x0020c504                rpl_find_parent_any_dag
 .text.rpl_select_parent
                0x0020c522       0x4a obj_zoul/rpl-dag.o
                0x0020c522                rpl_select_parent
 .text.rpl_select_dag
                0x0020c56c      0x15a obj_zoul/rpl-dag.o
                0x0020c56c                rpl_select_dag
 .text.rpl_nullify_parent
                0x0020c6c6       0x54 obj_zoul/rpl-dag.o
                0x0020c6c6                rpl_nullify_parent
 .text.nbr_callback
                0x0020c71a        0x4 obj_zoul/rpl-dag.o
 .text.rpl_free_dag
                0x0020c71e       0x3a obj_zoul/rpl-dag.o
                0x0020c71e                rpl_free_dag
 .text.rpl_move_parent
                0x0020c758       0x54 obj_zoul/rpl-dag.o
                0x0020c758                rpl_move_parent
 .text.rpl_repair_root
                0x0020c7ac       0x48 obj_zoul/rpl-dag.o
                0x0020c7ac                rpl_repair_root
 .text.rpl_alloc_dag
                0x0020c7f4       0x48 obj_zoul/rpl-dag.o
                0x0020c7f4                rpl_alloc_dag
 .text.rpl_process_parent_event
                0x0020c83c       0x96 obj_zoul/rpl-dag.o
                0x0020c83c                rpl_process_parent_event
 .text.rpl_add_dag
                0x0020c8d2      0x112 obj_zoul/rpl-dag.o
                0x0020c8d2                rpl_add_dag
 .text.rpl_process_dio
                0x0020c9e4      0x306 obj_zoul/rpl-dag.o
                0x0020c9e4                rpl_process_dio
 .text.handle_unicast_dio_timer
                0x0020ccea       0x1c obj_zoul/rpl-timers.o
 .text.rpl_reset_dio_timer
                0x0020cd06       0x1c obj_zoul/rpl-timers.o
                0x0020cd06                rpl_reset_dio_timer
 .text.rpl_schedule_dao
                0x0020cd22        0x8 obj_zoul/rpl-timers.o
                0x0020cd22                rpl_schedule_dao
 .text.get_probing_delay
                0x0020cd2a       0x3a obj_zoul/rpl-timers.o
                0x0020cd2a                get_probing_delay
 .text.handle_probing_timer
                0x0020cd64       0x32 obj_zoul/rpl-timers.o
 .text.rpl_remove_routes
                0x0020cd96       0x1e obj_zoul/rpl.o
                0x0020cd96                rpl_remove_routes
 .text.rpl_remove_routes_by_nexthop
                0x0020cdb4       0x30 obj_zoul/rpl.o
                0x0020cdb4                rpl_remove_routes_by_nexthop
 .text.rpl_add_route
                0x0020cde4       0x2e obj_zoul/rpl.o
                0x0020cde4                rpl_add_route
 .text.reset    0x0020ce12        0x2 obj_zoul/rpl-mrhof.o
 .text.update_metric_container
                0x0020ce14        0x6 obj_zoul/rpl-mrhof.o
 .text.parent_link_metric
                0x0020ce1a       0x12 obj_zoul/rpl-mrhof.o
 .text.parent_has_usable_link
                0x0020ce2c       0x12 obj_zoul/rpl-mrhof.o
 .text.best_dag
                0x0020ce3e       0x2c obj_zoul/rpl-mrhof.o
 .text.parent_path_cost
                0x0020ce6a       0x34 obj_zoul/rpl-mrhof.o
 .text.parent_is_acceptable
                0x0020ce9e       0x26 obj_zoul/rpl-mrhof.o
 .text.rank_via_parent
                0x0020cec4       0x34 obj_zoul/rpl-mrhof.o
 .text.best_parent
                0x0020cef8       0x62 obj_zoul/rpl-mrhof.o
 .text.queuebuf_update_attr_from_packetbuf
                0x0020cf5a        0xc obj_zoul/queuebuf.o
                0x0020cf5a                queuebuf_update_attr_from_packetbuf
 .text.queuebuf_update_from_packetbuf
                0x0020cf66       0x1c obj_zoul/queuebuf.o
                0x0020cf66                queuebuf_update_from_packetbuf
 .text.queuebuf_attr
                0x0020cf82        0xc obj_zoul/queuebuf.o
                0x0020cf82                queuebuf_attr
 .text.item_from_index
                0x0020cf8e       0x14 obj_zoul/nbr-table.o
 .text.index_from_item
                0x0020cfa2       0x16 obj_zoul/nbr-table.o
 .text.nbr_set_bit
                0x0020cfb8       0x38 obj_zoul/nbr-table.o
 .text.nbr_table_next
                0x0020cff0       0x36 obj_zoul/nbr-table.o
                0x0020cff0                nbr_table_next
 .text.nbr_table_get_from_lladdr
                0x0020d026       0x26 obj_zoul/nbr-table.o
                0x0020d026                nbr_table_get_from_lladdr
 .text.nbr_table_get_lladdr
                0x0020d04c       0x10 obj_zoul/nbr-table.o
                0x0020d04c                nbr_table_get_lladdr
 .text.linkaddr_copy
                0x0020d05c        0xa obj_zoul/linkaddr.o
                0x0020d05c                linkaddr_copy
 .text.linkaddr_cmp
                0x0020d066       0x10 obj_zoul/linkaddr.o
                0x0020d066                linkaddr_cmp
 .text.link_stats_is_fresh
                0x0020d076       0x24 obj_zoul/link-stats.o
                0x0020d076                link_stats_is_fresh
 .text.parse    0x0020d09a       0x94 obj_zoul/framer-802154.o
 .text.create   0x0020d12e        0x6 obj_zoul/framer-802154.o
 .text.hdr_length
                0x0020d134        0x6 obj_zoul/framer-802154.o
 .text.frame802154_has_panid
                0x0020d13a       0x62 obj_zoul/frame802154.o
                0x0020d13a                frame802154_has_panid
 .text.field_len
                0x0020d19c       0x80 obj_zoul/frame802154.o
 .text.frame802154_is_broadcast_addr
                0x0020d21c       0x1e obj_zoul/frame802154.o
                0x0020d21c                frame802154_is_broadcast_addr
 .text.frame802154_hdrlen
                0x0020d23a       0x32 obj_zoul/frame802154.o
                0x0020d23a                frame802154_hdrlen
 .text.frame802154_create
                0x0020d26c       0xe6 obj_zoul/frame802154.o
                0x0020d26c                frame802154_create
 .text.mac_call_sent_callback
                0x0020d352       0x18 obj_zoul/mac.o
                0x0020d352                mac_call_sent_callback
 .text.packet_sent
                0x0020d36a       0xd6 obj_zoul/csma.o
 .text.duty_cycle
                0x0020d440        0x4 obj_zoul/contikimac.o
 .text.qsend_packet
                0x0020d444       0x22 obj_zoul/contikimac.o
 .text.init     0x0020d466        0x2 obj_zoul/nullsec.o
 *(SORT(.rodata*))
 .rodata.button_sensor
                0x0020d468       0x10 obj_zoul/button-sensor.o
                0x0020d468                button_sensor
 .rodata.uart_regs
                0x0020d478       0x58 obj_zoul/uart.o
 .rodata.reset_cause.4814
                0x0020d4d0       0x10 obj_zoul/sys-ctrl.o
 .rodata.output_power
                0x0020d4e0       0x70 obj_zoul/cc2538-rf.o
 .rodata.cc2538_rf_driver
                0x0020d550       0x38 obj_zoul/cc2538-rf.o
                0x0020d550                cc2538_rf_driver
 .rodata.cc2538_temp_sensor
                0x0020d588       0x10 obj_zoul/cc2538-temp-sensor.o
                0x0020d588                cc2538_temp_sensor
 .rodata.vdd3_sensor
                0x0020d598       0x10 obj_zoul/vdd3-sensor.o
                0x0020d598                vdd3_sensor
 .rodata.sicslowpan_driver
                0x0020d5a8        0xc obj_zoul/sicslowpan.o
                0x0020d5a8                sicslowpan_driver
 .rodata.framer_802154
                0x0020d5b4        0xc obj_zoul/framer-802154.o
                0x0020d5b4                framer_802154
 .rodata.csma_driver
                0x0020d5c0       0x1c obj_zoul/csma.o
                0x0020d5c0                csma_driver
 .rodata.contikimac_driver
                0x0020d5dc       0x20 obj_zoul/contikimac.o
                0x0020d5dc                contikimac_driver
 .rodata.nullsec_driver
                0x0020d5fc       0x10 obj_zoul/nullsec.o
                0x0020d5fc                nullsec_driver
 .rodata.autostart_processes
                0x0020d60c        0xc border-router.co
                0x0020d60c                autostart_processes
 .rodata.rpl_interface
                0x0020d618        0x8 obj_zoul/slip-bridge.o
                0x0020d618                rpl_interface
 .rodata.str1.1
                0x0020d620       0x80 obj_zoul/contiki-main.o
 .rodata.str1.1
                0x0020d6a0        0x7 obj_zoul/button-sensor.o
 .rodata.str1.1
                0x0020d6a7       0x94 obj_zoul/soc.o
 .rodata.str1.1
                0x0020d73b       0x2d obj_zoul/sys-ctrl.o
 .rodata.str1.1
                0x0020d768       0x11 obj_zoul/cc2538-rf.o
 .rodata.str1.1
                0x0020d779       0x21 obj_zoul/slip.o
 .rodata.str1.1
                0x0020d79a       0x14 obj_zoul/cc2538-temp-sensor.o
 .rodata.str1.1
                0x0020d7ae        0x5 obj_zoul/vdd3-sensor.o
 .rodata.str1.1
                0x0020d7b3       0x35 obj_zoul/strformat.o
                                 0x37 (size before relaxing)
 .rodata.buffer.4238
                0x0020d7e8       0x10 obj_zoul/strformat.o
 .rodata.buffer.4247
                0x0020d7f8       0x10 obj_zoul/strformat.o
 .rodata.str1.1
                0x0020d808        0xf obj_zoul/ctimer.o
 .rodata.str1.1
                0x0020d817        0xc obj_zoul/etimer.o
 .rodata.str1.1
                0x0020d823        0xe obj_zoul/serial-line.o
 .rodata.str1.1
                0x0020d831        0x8 obj_zoul/sensors.o
 .rodata        0x0020d839        0x2 obj_zoul/sicslowpan.o
 .rodata.ttl_values
                0x0020d83b        0x4 obj_zoul/sicslowpan.o
 .rodata.unc_llconf
                0x0020d83f        0x4 obj_zoul/sicslowpan.o
                0x0020d83f                unc_llconf
 .rodata.llprefix
                0x0020d843        0x2 obj_zoul/sicslowpan.o
                0x0020d843                llprefix
 .rodata.unc_mxconf
                0x0020d845        0x4 obj_zoul/sicslowpan.o
                0x0020d845                unc_mxconf
 .rodata.str1.1
                0x0020d849        0xb obj_zoul/sicslowpan.o
 .rodata.unc_ctxconf
                0x0020d854        0x4 obj_zoul/sicslowpan.o
                0x0020d854                unc_ctxconf
 .rodata.str1.1
                0x0020d858       0x28 obj_zoul/uip-debug.o
 .rodata.str1.1
                0x0020d880        0xd obj_zoul/tcpip.o
 .rodata.linkaddr_null
                0x0020d88d        0x8 obj_zoul/linkaddr.o
                0x0020d88d                linkaddr_null
 .rodata.str1.1
                0x0020d895        0x5 obj_zoul/csma.o
 .rodata.str1.1
                0x0020d89a        0xb obj_zoul/contikimac.o
 .rodata.str1.1
                0x0020d8a5        0x8 obj_zoul/nullsec.o
 .rodata.str1.1
                0x0020d8ad       0xb7 border-router.co
                                 0xc1 (size before relaxing)
 .rodata.str1.1
                0x0020d964       0x90 obj_zoul/slip-bridge.o
                                 0xa1 (size before relaxing)
 .rodata.http_index_html
                0x0020d9f4        0xc obj_zoul/httpd-simple.o
                0x0020d9f4                http_index_html
 .rodata.http_header_404
                0x0020da00       0x5d obj_zoul/httpd-simple.o
                0x0020da00                http_header_404
 .rodata.http_header_200
                0x0020da5d       0x56 obj_zoul/httpd-simple.o
                0x0020da5d                http_header_200
 .rodata.http_content_type_html
                0x0020dab3       0x1c obj_zoul/httpd-simple.o
                0x0020dab3                http_content_type_html
 .rodata.str1.1
                0x0020dacf       0x68 obj_zoul/httpd-simple.o
 .rodata.http_get
                0x0020db37        0x5 obj_zoul/httpd-simple.o
                0x0020db37                http_get
                0x0020db3c                _etext = .

.glue_7         0x0020db3c        0x0
 .glue_7        0x0020db3c        0x0 linker stubs

.glue_7t        0x0020db3c        0x0
 .glue_7t       0x0020db3c        0x0 linker stubs

.vfp11_veneer   0x0020db3c        0x0
 .vfp11_veneer  0x0020db3c        0x0 linker stubs

.v4_bx          0x0020db3c        0x0
 .v4_bx         0x0020db3c        0x0 linker stubs

.iplt           0x0020db3c        0x0
 .iplt          0x0020db3c        0x0 obj_zoul/startup-gcc.o

.socdata        0x20004000       0x40
 *(SORT(.udma_channel_control_table))
 .udma_channel_control_table
                0x20004000       0x40 obj_zoul/udma.o

.data           0x20004040      0x1dd load address 0x0020db3c
                0x20004040                _data = .
 *(SORT(.data*))
 .data.sensors  0x20004040       0x10 obj_zoul/zoul-sensors.o
                0x20004040                sensors
 .data.cc2538_rf_process
                0x20004050       0x10 obj_zoul/cc2538-rf.o
                0x20004050                cc2538_rf_process
 .data.slip_process
                0x20004060       0x10 obj_zoul/slip.o
                0x20004060                slip_process
 .data.ctxt     0x20004070        0x8 obj_zoul/dbg-printf.o
 .data.ctimer_process
                0x20004078       0x10 obj_zoul/ctimer.o
                0x20004078                ctimer_process
 .data.etimer_process
                0x20004088       0x10 obj_zoul/etimer.o
                0x20004088                etimer_process
 .data.serial_line_process
                0x20004098       0x10 obj_zoul/serial-line.o
                0x20004098                serial_line_process
 .data.sensors_process
                0x200040a8       0x10 obj_zoul/sensors.o
                0x200040a8                sensors_process
 .data.echo_request_handler
                0x200040b8        0xc obj_zoul/uip-icmp6.o
 .data.echo_reply_handler
                0x200040c4        0xc obj_zoul/uip-icmp6.o
 .data.defaultroutermemb
                0x200040d0        0xc obj_zoul/uip-ds6-route.o
 .data.nbr_routes_struct
                0x200040dc       0x10 obj_zoul/uip-ds6-route.o
 .data.nbr_routes
                0x200040ec        0x4 obj_zoul/uip-ds6-route.o
                0x200040ec                nbr_routes
 .data.routememb
                0x200040f0        0xc obj_zoul/uip-ds6-route.o
 .data.neighborroutememb
                0x200040fc        0xc obj_zoul/uip-ds6-route.o
 .data.ds6_neighbors
                0x20004108        0x4 obj_zoul/uip-ds6-nbr.o
                0x20004108                ds6_neighbors
 .data.ds6_neighbors_struct
                0x2000410c       0x10 obj_zoul/uip-ds6-nbr.o
 .data.tcpip_process
                0x2000411c       0x10 obj_zoul/tcpip.o
                0x2000411c                tcpip_process
 .data.dao_ack_handler
                0x2000412c        0xc obj_zoul/rpl-icmp6.o
 .data.dis_handler
                0x20004138        0xc obj_zoul/rpl-icmp6.o
 .data.dao_handler
                0x20004144        0xc obj_zoul/rpl-icmp6.o
 .data.dio_handler
                0x20004150        0xc obj_zoul/rpl-icmp6.o
 .data.rpl_parents
                0x2000415c        0x4 obj_zoul/rpl-dag.o
                0x2000415c                rpl_parents
 .data.rpl_parents_struct
                0x20004160       0x10 obj_zoul/rpl-dag.o
 .data.rpl_mrhof
                0x20004170       0x24 obj_zoul/rpl-mrhof.o
                0x20004170                rpl_mrhof
 .data.bufmem   0x20004194        0xc obj_zoul/queuebuf.o
 .data.buframmem
                0x200041a0        0xc obj_zoul/queuebuf.o
 .data.neighbor_addr_mem
                0x200041ac        0xc obj_zoul/nbr-table.o
 .data.link_stats_struct
                0x200041b8       0x10 obj_zoul/link-stats.o
 .data.metadata_memb
                0x200041c8        0xc obj_zoul/csma.o
 .data.packet_memb
                0x200041d4        0xc obj_zoul/csma.o
 .data.neighbor_memb
                0x200041e0        0xc obj_zoul/csma.o
 .data.border_router_process
                0x200041ec       0x10 border-router.co
                0x200041ec                border_router_process
 .data.webserver_nogui_process
                0x200041fc       0x10 border-router.co
                0x200041fc                webserver_nogui_process
 .data.conns    0x2000420c        0xc obj_zoul/httpd-simple.o
 .data.mac_pan_id
                0x20004218        0x2 obj_zoul/frame802154.o
 .data.send_on_cca
                0x2000421a        0x1 obj_zoul/cc2538-rf.o
 .data.rf_channel
                0x2000421b        0x1 obj_zoul/cc2538-rf.o
 .data.dao_sequence
                0x2000421c        0x1 obj_zoul/rpl-icmp6.o
                0x2000421d                _edata = .
                0x0020db3c                _ldata = LOADADDR (.data)

.igot.plt       0x20004220        0x0 load address 0x0020dd19
 .igot.plt      0x20004220        0x0 obj_zoul/startup-gcc.o

.ARM.exidx      0x0020dd1c        0x8
 *(SORT(.ARM.exidx*))
 .ARM.exidx     0x0020dd1c        0x8 /usr/lib/gcc/arm-none-eabi/5.4.1/armv7-m/libgcc.a(_udivmoddi4.o)

.bss            0x20004220     0x2268
                0x20004220                _bss = .
 *(SORT(.bss*))
 .bss.rt_ticks_startup
                0x20004220        0x8 obj_zoul/clock.o
 .bss.rt_ticks_epoch
                0x20004228        0x8 obj_zoul/clock.o
 .bss.press_counter
                0x20004230       0x20 obj_zoul/button-sensor.o
 .bss.debouncetimer
                0x20004250        0x8 obj_zoul/button-sensor.o
 .bss.press_duration
                0x20004258        0x4 obj_zoul/button-sensor.o
 .bss.next_trigger
                0x2000425c        0x4 obj_zoul/rtimer-arch.o
 .bss.input_handler
                0x20004260        0x8 obj_zoul/uart.o
 .bss.interrupt_disable
                0x20004268        0x4 obj_zoul/nvic.o
 .bss.interrupt_pend
                0x2000426c        0x4 obj_zoul/nvic.o
 .bss.interrupt_unpend
                0x20004270        0x4 obj_zoul/nvic.o
 .bss.interrupt_enable
                0x20004274        0x4 obj_zoul/nvic.o
 .bss.gpio_callbacks
                0x20004278       0x80 obj_zoul/gpio.o
 .bss.ioc_sel   0x200042f8        0x4 obj_zoul/ioc.o
 .bss.ioc_over  0x200042fc        0x4 obj_zoul/ioc.o
 .bss.notification_process
                0x20004300        0x4 obj_zoul/crypto.o
 .bss.periph_permit_pm1_funcs
                0x20004304       0x14 obj_zoul/lpm.o
 .bss.notification_process
                0x20004318        0x4 obj_zoul/pka.o
 .bss.input_callback
                0x2000431c        0x4 obj_zoul/slip.o
 .bss.ctimer_list_list
                0x20004320        0x4 obj_zoul/ctimer.o
 .bss.timerlist
                0x20004324        0x4 obj_zoul/etimer.o
 .bss.next_expiration
                0x20004328        0x4 obj_zoul/etimer.o
 .bss.process_current
                0x2000432c        0x4 obj_zoul/process.o
                0x2000432c                process_current
 .bss.process_list
                0x20004330        0x4 obj_zoul/process.o
                0x20004330                process_list
 .bss.events    0x20004334      0x180 obj_zoul/process.o
 .bss.next_rtimer
                0x200044b4        0x4 obj_zoul/rtimer.o
 .bss.rxbuf     0x200044b8        0x8 obj_zoul/serial-line.o
 .bss.ptr.4829  0x200044c0        0x4 obj_zoul/serial-line.o
 .bss.events.4845
                0x200044c4        0x4 obj_zoul/sensors.o
 .bss.i.4844    0x200044c8        0x4 obj_zoul/sensors.o
 .bss.echo_reply_callback_list_list
                0x200044cc        0x4 obj_zoul/uip-icmp6.o
 .bss.input_handler_list_list
                0x200044d0        0x4 obj_zoul/uip-icmp6.o
 .bss.locmaddr  0x200044d4        0x4 obj_zoul/uip-ds6.o
 .bss.locprefix
                0x200044d8        0x4 obj_zoul/uip-ds6.o
 .bss.locaddr   0x200044dc        0x4 obj_zoul/uip-ds6.o
 .bss.defaultroutermemb_memb_mem
                0x200044e0       0x40 obj_zoul/uip-ds6-route.o
 .bss.num_routes
                0x20004520        0x4 obj_zoul/uip-ds6-route.o
 .bss.defaultrouterlist_list
                0x20004524        0x4 obj_zoul/uip-ds6-route.o
 .bss._nbr_routes_mem
                0x20004528       0x80 obj_zoul/uip-ds6-route.o
 .bss.routelist_list
                0x200045a8        0x4 obj_zoul/uip-ds6-route.o
 .bss.routememb_memb_mem
                0x200045ac      0x280 obj_zoul/uip-ds6-route.o
 .bss.neighborroutememb_memb_mem
                0x2000482c       0x80 obj_zoul/uip-ds6-route.o
 .bss.notificationlist_list
                0x200048ac        0x4 obj_zoul/uip-ds6-route.o
 .bss.context   0x200048b0        0x4 obj_zoul/sicslowpan.o
 .bss.last_rssi
                0x200048b4        0x4 obj_zoul/sicslowpan.o
 .bss.hc06_ptr  0x200048b8        0x4 obj_zoul/sicslowpan.o
 .bss.packetbuf_ptr
                0x200048bc        0x4 obj_zoul/sicslowpan.o
 .bss.packetbuf_payload_len
                0x200048c0        0x4 obj_zoul/sicslowpan.o
 .bss.last_tx_status
                0x200048c4        0x4 obj_zoul/sicslowpan.o
 .bss.callback  0x200048c8        0x4 obj_zoul/sicslowpan.o
 .bss.frag_info
                0x200048cc      0x170 obj_zoul/sicslowpan.o
 .bss.s         0x20004a3c       0x44 obj_zoul/tcpip.o
 .bss.periodic  0x20004a80       0x10 obj_zoul/tcpip.o
 .bss.outputfunc
                0x20004a90        0x4 obj_zoul/tcpip.o
 .bss._rpl_parents_mem
                0x20004a94       0x80 obj_zoul/rpl-dag.o
 .bss.periodic_timer
                0x20004b14       0x20 obj_zoul/rpl-timers.o
 .bss.periodic_timer
                0x20004b34       0x20 obj_zoul/rpl-nbr-policy.o
 .bss.timer_init
                0x20004b54        0x4 obj_zoul/rpl-nbr-policy.o
 .bss.num_children
                0x20004b58        0x4 obj_zoul/rpl-nbr-policy.o
 .bss.worst_rank_nbr
                0x20004b5c        0x4 obj_zoul/rpl-nbr-policy.o
 .bss.num_parents
                0x20004b60        0x4 obj_zoul/rpl-nbr-policy.o
 .bss.bufmem_memb_mem
                0x20004b64       0x10 obj_zoul/queuebuf.o
 .bss.nbr_table_keys_list
                0x20004b74        0x4 obj_zoul/nbr-table.o
 .bss.neighbor_addr_mem_memb_mem
                0x20004b78       0xc0 obj_zoul/nbr-table.o
 .bss.all_tables
                0x20004c38       0x20 obj_zoul/nbr-table.o
 .bss.num_tables
                0x20004c58        0x4 obj_zoul/nbr-table.o
 .bss.packetbuf_aligned
                0x20004c5c       0x80 obj_zoul/packetbuf.o
 .bss._link_stats_mem
                0x20004cdc       0xc0 obj_zoul/link-stats.o
 .bss.received_seqnos
                0x20004d9c      0x100 obj_zoul/mac-sequence.o
 .bss.metadata_memb_memb_mem
                0x20004e9c       0x30 obj_zoul/csma.o
 .bss.neighbor_list_list
                0x20004ecc        0x4 obj_zoul/csma.o
 .bss.packet_memb_memb_mem
                0x20004ed0       0x30 obj_zoul/csma.o
 .bss.neighbor_memb_memb_mem
                0x20004f00       0x70 obj_zoul/csma.o
 .bss.cycle_start
                0x20004f70        0x4 obj_zoul/contikimac.o
 .bss.we_are_receiving_burst
                0x20004f74        0x4 obj_zoul/contikimac.o
 .bss.rt        0x20004f78        0xc obj_zoul/contikimac.o
 .bss.ct.7197   0x20004f84       0x20 obj_zoul/contikimac.o
 .bss.start.7122
                0x20004fa4        0x4 obj_zoul/contikimac.o
 .bss.et.8650   0x20004fa8       0x10 border-router.co
 .bss.blen      0x20004fb8        0x4 border-router.co
 .bss.nbr.8611  0x20004fbc        0x4 border-router.co
 .bss.r.8610    0x20004fc0        0x4 border-router.co
 .bss.conns_memb_mem
                0x20004fc4       0xf0 obj_zoul/httpd-simple.o
 .bss.next_free
                0x200050b4        0x2 obj_zoul/slip.o
 .bss.pkt_end   0x200050b6        0x2 obj_zoul/slip.o
 .bss.begin     0x200050b8        0x2 obj_zoul/slip.o
 .bss.tmp_ipaddr
                0x200050ba       0x10 obj_zoul/uip-icmp6.o
 .bss.loc_fipaddr
                0x200050ca       0x10 obj_zoul/uip-ds6.o
 .bss.lastport  0x200050da        0x2 obj_zoul/uip6.o
 .bss._ds6_neighbors_mem
                0x200050dc      0x120 obj_zoul/uip-ds6-nbr.o
 .bss.my_tag    0x200051fc        0x2 obj_zoul/sicslowpan.o
 .bss.next_dis  0x200051fe        0x2 obj_zoul/rpl-timers.o
 .bss.worst_rank
                0x20005200        0x2 obj_zoul/rpl-nbr-policy.o
 .bss.buframmem_memb_mem
                0x20005202      0x2c0 obj_zoul/queuebuf.o
 .bss.buflen    0x200054c2        0x2 obj_zoul/packetbuf.o
 .bss.bufptr    0x200054c4        0x2 obj_zoul/packetbuf.o
 .bss.seqno.6396
                0x200054c6        0x2 obj_zoul/csma.o
 .bss.pt        0x200054c8        0x2 obj_zoul/contikimac.o
 .bss.prefix    0x200054ca       0x10 border-router.co
 .bss.last_sender
                0x200054da       0x10 obj_zoul/slip-bridge.o
 .bss.leds      0x200054ea        0x1 obj_zoul/leds.o
 .bss.press_event_counter
                0x200054eb        0x1 obj_zoul/button-sensor.o
 .bss.initialized
                0x200054ec        0x1 obj_zoul/antenna-sw.o
 .bss.crc_corr  0x200054ed        0x1 obj_zoul/cc2538-rf.o
 .bss.rssi      0x200054ee        0x1 obj_zoul/cc2538-rf.o
 .bss.poll_mode
                0x200054ef        0x1 obj_zoul/cc2538-rf.o
 .bss.rf_flags  0x200054f0        0x1 obj_zoul/cc2538-rf.o
 .bss.max_pm    0x200054f1        0x1 obj_zoul/lpm.o
 .bss.debug_frame.5590
                0x200054f2        0x1 obj_zoul/dbg.o
 .bss.state     0x200054f3        0x1 obj_zoul/slip.o
 .bss.rxbuf     0x200054f4       0x9c obj_zoul/slip.o
 .bss.initialized
                0x20005590        0x1 obj_zoul/ctimer.o
 .bss.fevent    0x20005591        0x1 obj_zoul/process.o
 .bss.nevents   0x20005592        0x1 obj_zoul/process.o
 .bss.poll_requested
                0x20005593        0x1 obj_zoul/process.o
 .bss.lastevent
                0x20005594        0x1 obj_zoul/process.o
 .bss.rxbuf_data
                0x20005595       0x80 obj_zoul/serial-line.o
 .bss.overflow.4822
                0x20005615        0x1 obj_zoul/serial-line.o
 .bss.buf.4828  0x20005616       0x80 obj_zoul/serial-line.o
 .bss.num_sensors
                0x20005696        0x1 obj_zoul/sensors.o
 .bss.defaultroutermemb_memb_count
                0x20005697        0x2 obj_zoul/uip-ds6-route.o
 .bss.neighborroutememb_memb_count
                0x20005699       0x10 obj_zoul/uip-ds6-route.o
 .bss.routememb_memb_count
                0x200056a9       0x10 obj_zoul/uip-ds6-route.o
 .bss.uip_ext_len
                0x200056b9        0x1 obj_zoul/uip6.o
                0x200056b9                uip_ext_len
 .bss.uip_ext_bitmap
                0x200056ba        0x1 obj_zoul/uip6.o
                0x200056ba                uip_ext_bitmap
 .bss.iss       0x200056bb        0x4 obj_zoul/uip6.o
 .bss.uip_ext_opt_offset
                0x200056bf        0x1 obj_zoul/uip6.o
                0x200056bf                uip_ext_opt_offset
 .bss.uncomp_hdr_len
                0x200056c0        0x1 obj_zoul/sicslowpan.o
 .bss.addr_contexts
                0x200056c1        0xa obj_zoul/sicslowpan.o
 .bss.frag_buf  0x200056cb      0x54c obj_zoul/sicslowpan.o
 .bss.packetbuf_hdr_len
                0x20005c17        0x1 obj_zoul/sicslowpan.o
 .bss.dio_send_ok
                0x20005c18        0x1 obj_zoul/rpl-timers.o
 .bss.mode      0x20005c19        0x1 obj_zoul/rpl.o
 .bss.buframmem_memb_count
                0x20005c1a        0x4 obj_zoul/queuebuf.o
 .bss.bufmem_memb_count
                0x20005c1e        0x4 obj_zoul/queuebuf.o
 .bss.neighbor_addr_mem_memb_count
                0x20005c22       0x10 obj_zoul/nbr-table.o
 .bss.locked_map
                0x20005c32       0x10 obj_zoul/nbr-table.o
 .bss.used_map  0x20005c42       0x10 obj_zoul/nbr-table.o
 .bss.hdrlen    0x20005c52        0x1 obj_zoul/packetbuf.o
 .bss.mac_dsn   0x20005c53        0x1 obj_zoul/framer-802154.o
 .bss.initialized
                0x20005c54        0x1 obj_zoul/framer-802154.o
 .bss.packet_memb_memb_count
                0x20005c55        0x4 obj_zoul/csma.o
 .bss.metadata_memb_memb_count
                0x20005c59        0x4 obj_zoul/csma.o
 .bss.initialized.6395
                0x20005c5d        0x1 obj_zoul/csma.o
 .bss.neighbor_memb_memb_count
                0x20005c5e        0x2 obj_zoul/csma.o
 .bss.packet_seen.7116
                0x20005c60        0x1 obj_zoul/contikimac.o
 .bss.radio_is_on
                0x20005c61        0x1 obj_zoul/contikimac.o
 .bss.we_are_sending
                0x20005c62        0x1 obj_zoul/contikimac.o
 .bss.contikimac_keep_radio_on
                0x20005c63        0x1 obj_zoul/contikimac.o
 .bss.silence_periods.7123
                0x20005c64        0x1 obj_zoul/contikimac.o
 .bss.count.7117
                0x20005c65        0x1 obj_zoul/contikimac.o
 .bss.periods.7124
                0x20005c66        0x1 obj_zoul/contikimac.o
 .bss.contikimac_is_on
                0x20005c67        0x1 obj_zoul/contikimac.o
 .bss.prefix_set
                0x20005c68        0x1 border-router.co
 .bss.buf       0x20005c69      0x100 border-router.co
 .bss.conns_memb_count
                0x20005d69        0x2 obj_zoul/httpd-simple.o
 *(SORT(COMMON))
 *fill*         0x20005d6b        0x1 
 COMMON         0x20005d6c      0x174 obj_zoul/uip-ds6.o
                0x20005d6c                uip_ds6_timer_ra
                0x20005d74                uip_ds6_if
                0x20005e6c                uip_ds6_netif_addr_list_offset
                0x20005e6d                uip_ds6_addr_size
                0x20005e70                uip_ds6_prefix_list
                0x20005ed0                uip_ds6_timer_periodic
 COMMON         0x20005ee0      0x3f0 obj_zoul/uip6.o
                0x20005ee0                uip_len
                0x20005ee4                uip_sappdata
                0x20005ee8                uip_acc32
                0x20005eec                uip_lladdr
                0x20005ef4                uip_aligned_buf
                0x20005f80                uip_flags
                0x20005f84                uip_next_hdr
                0x20005f88                uip_udp_conn
                0x20005f8c                uip_appdata
                0x20005f90                uip_conn
                0x20005f94                uip_conns
                0x20006174                uip_icmp6_conns
                0x2000617c                uip_listenports
                0x2000618c                uip_slen
                0x20006190                uip_udp_conns
 COMMON         0x200062d0      0x158 obj_zoul/rpl-dag.o
                0x200062d0                default_instance
                0x200062d4                instance_table
 COMMON         0x20006428       0x20 obj_zoul/link-stats.o
                0x20006428                periodic_timer
 COMMON         0x20006448       0x2e obj_zoul/packetbuf.o
                0x20006448                packetbuf_addrs
                0x20006458                packetbuf_attrs
 COMMON         0x20006476        0x1 obj_zoul/button-sensor.o
                0x20006476                button_press_duration_exceeded
 COMMON         0x20006477        0x4 obj_zoul/zoul-sensors.o
                0x20006477                sensors_flags
 COMMON         0x2000647b        0x1 obj_zoul/slip.o
                0x2000647b                slip_active
 COMMON         0x2000647c        0x1 obj_zoul/serial-line.o
                0x2000647c                serial_line_event_message
 COMMON         0x2000647d        0x1 obj_zoul/sensors.o
                0x2000647d                sensors_event
 COMMON         0x2000647e        0x2 obj_zoul/tcpip.o
                0x2000647e                tcpip_event
                0x2000647f                tcpip_icmp6_event
 COMMON         0x20006480        0x8 obj_zoul/linkaddr.o
                0x20006480                linkaddr_node_addr
                0x20006488                _ebss = .

.stack          0x20006488      0x800
 *(SORT(.stack))
 .stack         0x20006488      0x800 obj_zoul/startup-gcc.o
                0x20006c88                _heap = .
                0x20008000                _eheap = (ORIGIN (FRSRAM) + LENGTH (FRSRAM))

.nrdata         0x20000000        0x0
                0x20000000                _nrdata = .
 *(SORT(.nrdata*))
                0x20000000                _enrdata = .

.flashcca       0x0027ffd4       0x2c
 *(SORT(.flashcca))
 .flashcca      0x0027ffd4       0x2c obj_zoul/startup-gcc.o
                0x0027ffd4                flash_cca_lock_page
OUTPUT(border-router.elf elf32-littlearm)

.rel.dyn        0x00280000        0x0
 .rel.iplt      0x00280000        0x0 obj_zoul/startup-gcc.o

.comment        0x00000000       0x2b
 .comment       0x00000000       0x2b obj_zoul/startup-gcc.o
                                 0x2c (size before relaxing)
 .comment       0x0000002b       0x2c obj_zoul/contiki-main.o
 .comment       0x0000002b       0x2c obj_zoul/leds.o
 .comment       0x0000002b       0x2c obj_zoul/button-sensor.o
 .comment       0x0000002b       0x2c obj_zoul/zoul-sensors.o
 .comment       0x0000002b       0x2c obj_zoul/board.o
 .comment       0x0000002b       0x2c obj_zoul/antenna-sw.o
 .comment       0x0000002b       0x2c obj_zoul/leds-res-arch.o
 .comment       0x0000002b       0x2c obj_zoul/soc.o
 .comment       0x0000002b       0x2c obj_zoul/clock.o
 .comment       0x0000002b       0x2c obj_zoul/rtimer-arch.o
 .comment       0x0000002b       0x2c obj_zoul/uart.o
 .comment       0x0000002b       0x2c obj_zoul/watchdog.o
 .comment       0x0000002b       0x2c obj_zoul/nvic.o
 .comment       0x0000002b       0x2c obj_zoul/cpu.o
 .comment       0x0000002b       0x2c obj_zoul/sys-ctrl.o
 .comment       0x0000002b       0x2c obj_zoul/gpio.o
 .comment       0x0000002b       0x2c obj_zoul/ioc.o
 .comment       0x0000002b       0x2c obj_zoul/adc.o
 .comment       0x0000002b       0x2c obj_zoul/crypto.o
 .comment       0x0000002b       0x2c obj_zoul/cc2538-rf.o
 .comment       0x0000002b       0x2c obj_zoul/udma.o
 .comment       0x0000002b       0x2c obj_zoul/lpm.o
 .comment       0x0000002b       0x2c obj_zoul/pka.o
 .comment       0x0000002b       0x2c obj_zoul/dbg.o
 .comment       0x0000002b       0x2c obj_zoul/ieee-addr.o
 .comment       0x0000002b       0x2c obj_zoul/slip-arch.o
 .comment       0x0000002b       0x2c obj_zoul/slip.o
 .comment       0x0000002b       0x2c obj_zoul/cc2538-temp-sensor.o
 .comment       0x0000002b       0x2c obj_zoul/vdd3-sensor.o
 .comment       0x0000002b       0x2c obj_zoul/dbg-printf.o
 .comment       0x0000002b       0x2c obj_zoul/dbg-snprintf.o
 .comment       0x0000002b       0x2c obj_zoul/strformat.o
 .comment       0x0000002b       0x2c obj_zoul/ctimer.o
 .comment       0x0000002b       0x2c obj_zoul/autostart.o
 .comment       0x0000002b       0x2c obj_zoul/energest.o
 .comment       0x0000002b       0x2c obj_zoul/stimer.o
 .comment       0x0000002b       0x2c obj_zoul/etimer.o
 .comment       0x0000002b       0x2c obj_zoul/process.o
 .comment       0x0000002b       0x2c obj_zoul/rtimer.o
 .comment       0x0000002b       0x2c obj_zoul/timer.o
 .comment       0x0000002b       0x2c obj_zoul/serial-line.o
 .comment       0x0000002b       0x2c obj_zoul/sensors.o
 .comment       0x0000002b       0x2c obj_zoul/list.o
 .comment       0x0000002b       0x2c obj_zoul/memb.o
 .comment       0x0000002b       0x2c obj_zoul/random.o
 .comment       0x0000002b       0x2c obj_zoul/ringbuf.o
 .comment       0x0000002b       0x2c obj_zoul/uip-icmp6.o
 .comment       0x0000002b       0x2c obj_zoul/uip-ds6.o
 .comment       0x0000002b       0x2c obj_zoul/uip-ds6-route.o
 .comment       0x0000002b       0x2c obj_zoul/uip6.o
 .comment       0x0000002b       0x2c obj_zoul/uip-ds6-nbr.o
 .comment       0x0000002b       0x2c obj_zoul/uip-nd6.o
 .comment       0x0000002b       0x2c obj_zoul/sicslowpan.o
 .comment       0x0000002b       0x2c obj_zoul/uip-debug.o
 .comment       0x0000002b       0x2c obj_zoul/psock.o
 .comment       0x0000002b       0x2c obj_zoul/tcpip.o
 .comment       0x0000002b       0x2c obj_zoul/rpl-icmp6.o
 .comment       0x0000002b       0x2c obj_zoul/rpl-dag.o
 .comment       0x0000002b       0x2c obj_zoul/rpl-timers.o
 .comment       0x0000002b       0x2c obj_zoul/rpl-ext-header.o
 .comment       0x0000002b       0x2c obj_zoul/rpl.o
 .comment       0x0000002b       0x2c obj_zoul/rpl-nbr-policy.o