Archive member included because of file (symbol)

/usr/bin/../lib/gcc/arm-none-eabi/4.9.3/armv7-m/libgcc.a(_aeabi_uldivmod.o)
                              obj_zoul/cc2538-rf.o (__aeabi_uldivmod)
/usr/bin/../lib/gcc/arm-none-eabi/4.9.3/armv7-m/libgcc.a(bpabi.o)
                              /usr/bin/../lib/gcc/arm-none-eabi/4.9.3/armv7-m/libgcc.a(_aeabi_uldivmod.o) (__gnu_uldivmod_helper)
/usr/bin/../lib/gcc/arm-none-eabi/4.9.3/armv7-m/libgcc.a(_dvmd_tls.o)
                              /usr/bin/../lib/gcc/arm-none-eabi/4.9.3/armv7-m/libgcc.a(_aeabi_uldivmod.o) (__aeabi_ldiv0)
/usr/bin/../lib/gcc/arm-none-eabi/4.9.3/armv7-m/libgcc.a(_divdi3.o)
                              /usr/bin/../lib/gcc/arm-none-eabi/4.9.3/armv7-m/libgcc.a(bpabi.o) (__divdi3)
/usr/bin/../lib/gcc/arm-none-eabi/4.9.3/armv7-m/libgcc.a(_udivdi3.o)
                              /usr/bin/../lib/gcc/arm-none-eabi/4.9.3/armv7-m/libgcc.a(bpabi.o) (__udivdi3)
/usr/bin/../lib/gcc/arm-none-eabi/4.9.3/../../../../arm-none-eabi/lib/armv7-m/libc.a(lib_a-ctype_.o)
                              obj_zoul/resolv.o (__ctype_ptr__)
/usr/bin/../lib/gcc/arm-none-eabi/4.9.3/../../../../arm-none-eabi/lib/armv7-m/libc.a(lib_a-memcmp.o)
                              obj_zoul/slip.o (memcmp)
/usr/bin/../lib/gcc/arm-none-eabi/4.9.3/../../../../arm-none-eabi/lib/armv7-m/libc.a(lib_a-memcpy.o)
                              obj_zoul/mqtt.o (memcpy)
/usr/bin/../lib/gcc/arm-none-eabi/4.9.3/../../../../arm-none-eabi/lib/armv7-m/libc.a(lib_a-memmove.o)
                              obj_zoul/mmem.o (memmove)
/usr/bin/../lib/gcc/arm-none-eabi/4.9.3/../../../../arm-none-eabi/lib/armv7-m/libc.a(lib_a-memset.o)
                              obj_zoul/mqtt.o (memset)
/usr/bin/../lib/gcc/arm-none-eabi/4.9.3/../../../../arm-none-eabi/lib/armv7-m/libc.a(lib_a-reent.o)
                              obj_zoul/syscalls.o (errno)
/usr/bin/../lib/gcc/arm-none-eabi/4.9.3/../../../../arm-none-eabi/lib/armv7-m/libc.a(lib_a-strcasecmp.o)
                              obj_zoul/resolv.o (strcasecmp)
/usr/bin/../lib/gcc/arm-none-eabi/4.9.3/../../../../arm-none-eabi/lib/armv7-m/libc.a(lib_a-strcat.o)
                              obj_zoul/resolv.o (strcat)
/usr/bin/../lib/gcc/arm-none-eabi/4.9.3/../../../../arm-none-eabi/lib/armv7-m/libc.a(lib_a-strcmp.o)
                              obj_zoul/cfs-coffee.o (strcmp)
/usr/bin/../lib/gcc/arm-none-eabi/4.9.3/../../../../arm-none-eabi/lib/armv7-m/libc.a(lib_a-strcpy.o)
                              /usr/bin/../lib/gcc/arm-none-eabi/4.9.3/../../../../arm-none-eabi/lib/armv7-m/libc.a(lib_a-strcat.o) (strcpy)
/usr/bin/../lib/gcc/arm-none-eabi/4.9.3/../../../../arm-none-eabi/lib/armv7-m/libc.a(lib_a-strlen.o)
                              obj_zoul/mqtt.o (strlen)
/usr/bin/../lib/gcc/arm-none-eabi/4.9.3/../../../../arm-none-eabi/lib/armv7-m/libc.a(lib_a-strncasecmp.o)
                              obj_zoul/resolv.o (strncasecmp)
/usr/bin/../lib/gcc/arm-none-eabi/4.9.3/../../../../arm-none-eabi/lib/armv7-m/libc.a(lib_a-strncat.o)
                              obj_zoul/resolv.o (strncat)
/usr/bin/../lib/gcc/arm-none-eabi/4.9.3/../../../../arm-none-eabi/lib/armv7-m/libc.a(lib_a-strncmp.o)
                              obj_zoul/sensors.o (strncmp)
/usr/bin/../lib/gcc/arm-none-eabi/4.9.3/../../../../arm-none-eabi/lib/armv7-m/libc.a(lib_a-strncpy.o)
                              obj_zoul/cfs-coffee.o (strncpy)
/usr/bin/../lib/gcc/arm-none-eabi/4.9.3/../../../../arm-none-eabi/lib/armv7-m/libc.a(lib_a-freer.o)
                              /usr/bin/../lib/gcc/arm-none-eabi/4.9.3/../../../../arm-none-eabi/lib/armv7-m/libc.a(lib_a-reent.o) (_free_r)
/usr/bin/../lib/gcc/arm-none-eabi/4.9.3/../../../../arm-none-eabi/lib/armv7-m/libc.a(lib_a-impure.o)
                              /usr/bin/../lib/gcc/arm-none-eabi/4.9.3/../../../../arm-none-eabi/lib/armv7-m/libc.a(lib_a-reent.o) (_impure_ptr)
/usr/bin/../lib/gcc/arm-none-eabi/4.9.3/../../../../arm-none-eabi/lib/armv7-m/libc.a(lib_a-mallocr.o)
                              /usr/bin/../lib/gcc/arm-none-eabi/4.9.3/../../../../arm-none-eabi/lib/armv7-m/libc.a(lib_a-freer.o) (__malloc_current_mallinfo)
/usr/bin/../lib/gcc/arm-none-eabi/4.9.3/../../../../arm-none-eabi/lib/armv7-m/libc.a(lib_a-mlock.o)
                              /usr/bin/../lib/gcc/arm-none-eabi/4.9.3/../../../../arm-none-eabi/lib/armv7-m/libc.a(lib_a-freer.o) (__malloc_lock)
/usr/bin/../lib/gcc/arm-none-eabi/4.9.3/../../../../arm-none-eabi/lib/armv7-m/libc.a(lib_a-sbrkr.o)
                              /usr/bin/../lib/gcc/arm-none-eabi/4.9.3/../../../../arm-none-eabi/lib/armv7-m/libc.a(lib_a-freer.o) (_sbrk_r)

Allocating common symbols
Common symbol       size              file

compower_idle_activity
                    0x8               obj_zoul/compower.o
uip_ds6_timer_ra    0x8               obj_zoul/uip-ds6.o
rtcc_int1_callback  0x4               obj_zoul/rtcc.o
usb_setup_buffer    0x8               obj_zoul/usb-core.o
[...]
Memory Configuration

Name             Origin             Length             Attributes
FLASH_FW         0x00202000         0x0007dfd4         xr
FLASH_CCA        0x0027ffd4         0x0000002c         xr
NRSRAM           0x20000000         0x00004000         xrw
FRSRAM           0x20004000         0x00004000         xrw
*default*        0x00000000         0xffffffff

Linker script and memory map

LOAD obj_zoul/startup-gcc.o
LOAD obj_zoul/mqtt.o
LOAD obj_zoul/adc-sensors.o
LOAD obj_zoul/dht22.o
LOAD obj_zoul/contiki-main.o
LOAD obj_zoul/leds.o
LOAD obj_zoul/cc1200-zoul-arch.o
LOAD obj_zoul/adc-zoul.o
LOAD obj_zoul/button-sensor.o
LOAD obj_zoul/zoul-sensors.o
LOAD obj_zoul/board.o
LOAD obj_zoul/antenna-sw.o
LOAD obj_zoul/rtcc.o
LOAD obj_zoul/leds-res-arch.o
LOAD obj_zoul/power-mgmt.o
LOAD obj_zoul/soc.o
LOAD obj_zoul/clock.o
LOAD obj_zoul/rtimer-arch.o
LOAD obj_zoul/uart.o
LOAD obj_zoul/watchdog.o
LOAD obj_zoul/nvic.o
LOAD obj_zoul/cpu.o
LOAD obj_zoul/sys-ctrl.o
LOAD obj_zoul/gpio.o
LOAD obj_zoul/ioc.o
LOAD obj_zoul/spi.o
LOAD obj_zoul/adc.o
LOAD obj_zoul/crypto.o
LOAD obj_zoul/aes.o
LOAD obj_zoul/ecb.o
LOAD obj_zoul/cbc.o
LOAD obj_zoul/ctr.o
LOAD obj_zoul/cbc-mac.o
LOAD obj_zoul/gcm.o
LOAD obj_zoul/ccm.o
LOAD obj_zoul/sha256.o
LOAD obj_zoul/cc2538-aes-128.o
LOAD obj_zoul/cc2538-ccm-star.o
LOAD obj_zoul/cc2538-rf.o
LOAD obj_zoul/udma.o
LOAD obj_zoul/lpm.o
LOAD obj_zoul/pka.o
LOAD obj_zoul/bignum-driver.o
LOAD obj_zoul/ecc-driver.o
LOAD obj_zoul/ecc-algorithm.o
LOAD obj_zoul/ecc-curve.o
LOAD obj_zoul/dbg.o
LOAD obj_zoul/ieee-addr.o
LOAD obj_zoul/slip-arch.o
LOAD obj_zoul/slip.o
LOAD obj_zoul/i2c.o
LOAD obj_zoul/cc2538-temp-sensor.o
LOAD obj_zoul/vdd3-sensor.o
LOAD obj_zoul/cfs-coffee.o
LOAD obj_zoul/cfs-coffee-arch.o
LOAD obj_zoul/pwm.o
LOAD obj_zoul/dbg-printf.o
LOAD obj_zoul/dbg-snprintf.o
LOAD obj_zoul/dbg-sprintf.o
LOAD obj_zoul/strformat.o
LOAD obj_zoul/usb-core.o
LOAD obj_zoul/cdc-acm.o
LOAD obj_zoul/usb-arch.o
LOAD obj_zoul/usb-serial.o
LOAD obj_zoul/cdc-acm-descriptors.o
LOAD obj_zoul/arg.o
LOAD obj_zoul/autostart.o
LOAD obj_zoul/compower.o
LOAD obj_zoul/ctimer.o
LOAD obj_zoul/energest.o
LOAD obj_zoul/etimer.o
LOAD obj_zoul/mt.o
LOAD obj_zoul/process.o
LOAD obj_zoul/procinit.o
LOAD obj_zoul/rtimer.o
LOAD obj_zoul/stimer.o
LOAD obj_zoul/timer.o
LOAD obj_zoul/nullradio.o
LOAD obj_zoul/serial-line.o
LOAD obj_zoul/aes-128.o
LOAD obj_zoul/assert.o
LOAD obj_zoul/ccm-star.o
LOAD obj_zoul/crc16.o
LOAD obj_zoul/gcr.o
LOAD obj_zoul/ifft.o
LOAD obj_zoul/list.o
LOAD obj_zoul/me.o
LOAD obj_zoul/memb.o
LOAD obj_zoul/me_tabs.o
LOAD obj_zoul/mmem.o
LOAD obj_zoul/petsciiconv.o
LOAD obj_zoul/print-stats.o
LOAD obj_zoul/random.o
LOAD obj_zoul/ringbuf.o
LOAD obj_zoul/ringbufindex.o
LOAD obj_zoul/sensors.o
LOAD obj_zoul/settings.o
LOAD obj_zoul/trickle-timer.o
LOAD obj_zoul/sicslowpan.o
LOAD obj_zoul/uip6.o
LOAD obj_zoul/uip-ds6.o
LOAD obj_zoul/uip-ds6-nbr.o
LOAD obj_zoul/uip-ds6-route.o
LOAD obj_zoul/uip-icmp6.o
LOAD obj_zoul/uip-nd6.o
LOAD obj_zoul/dhcpc.o
LOAD obj_zoul/ip64-addr.o
LOAD obj_zoul/psock.o
LOAD obj_zoul/resolv.o
LOAD obj_zoul/simple-udp.o
LOAD obj_zoul/slipdev.o
LOAD obj_zoul/tcpip.o
LOAD obj_zoul/tcp-socket.o
LOAD obj_zoul/udp-socket.o
LOAD obj_zoul/uip-debug.o
LOAD obj_zoul/uiplib.o
LOAD obj_zoul/uip-nameserver.o
LOAD obj_zoul/uip-packetqueue.o
LOAD obj_zoul/uip-split.o
LOAD obj_zoul/uip-udp-packet.o
LOAD obj_zoul/rpl.o
LOAD obj_zoul/rpl-dag.o
LOAD obj_zoul/rpl-dag-root.o
LOAD obj_zoul/rpl-ext-header.o
LOAD obj_zoul/rpl-icmp6.o
LOAD obj_zoul/rpl-mrhof.o
LOAD obj_zoul/rpl-nbr-policy.o
LOAD obj_zoul/rpl-ns.o
LOAD obj_zoul/rpl-of0.o
LOAD obj_zoul/rpl-timers.o
LOAD obj_zoul/syscalls.o
LOAD obj_zoul/linkaddr.o
LOAD obj_zoul/link-stats.o
LOAD obj_zoul/nbr-table.o
LOAD obj_zoul/net-debug.o
LOAD obj_zoul/netstack.o
LOAD obj_zoul/packetbuf.o
LOAD obj_zoul/queuebuf.o
LOAD obj_zoul/csma.o
LOAD obj_zoul/frame802154.o
LOAD obj_zoul/frame802154e-ie.o
LOAD obj_zoul/framer-802154.o
LOAD obj_zoul/framer-nullmac.o
LOAD obj_zoul/mac.o
LOAD obj_zoul/mac-sequence.o
LOAD obj_zoul/nordc.o
LOAD obj_zoul/nullmac.o
LOAD obj_zoul/nullrdc.o
LOAD obj_zoul/nullrdc-noframer.o
LOAD obj_zoul/phase.o
LOAD obj_zoul/contikimac.o
LOAD obj_zoul/contikimac-framer.o
LOAD obj_zoul/anti-replay.o
LOAD obj_zoul/ccm-star-packetbuf.o
LOAD obj_zoul/nullsec.o
LOAD obj_zoul/noncoresec.o
LOAD obj_zoul/cc1200-802154g-863-870-fsk-50kbps.o
LOAD obj_zoul/cc1200-868-fsk-1-2kbps.o
LOAD obj_zoul/cc1200.o
LOAD mqtt-example.co
START GROUP
LOAD /usr/bin/../lib/gcc/arm-none-eabi/4.9.3/armv7-m/libgcc.a
LOAD /usr/bin/../lib/gcc/arm-none-eabi/4.9.3/../../../../arm-none-eabi/lib/armv7-m/libc.a
END GROUP

.text           0x00202000     0xd9c4
                0x00202000                _text = .
 *(SORT(.vectors))
 .vectors       0x00202000      0x28c obj_zoul/startup-gcc.o
                0x00202000                vectors
 *(SORT(.text*))
 .text.reset_handler
                0x0020228c       0x40 obj_zoul/startup-gcc.o
                0x0020228c                reset_handler
 .text.call_event
                0x002022cc       0x1c obj_zoul/mqtt.o
 .text.tcp_input
                0x002022e8      0x2f0 obj_zoul/mqtt.o
 .text.keep_alive_callback
                0x002025d8       0x44 obj_zoul/mqtt.o
 .text.connect_tcp
                0x0020261c       0x68 obj_zoul/mqtt.o
 .text.tcp_event
                0x00202684       0x94 obj_zoul/mqtt.o
 .text.mqtt_init
                0x00202718       0xb4 obj_zoul/mqtt.o
                0x00202718                mqtt_init
 .text.mqtt_register
                0x002027cc       0x64 obj_zoul/mqtt.o
                0x002027cc                mqtt_register
 .text.mqtt_connect
                0x00202830       0x58 obj_zoul/mqtt.o
                0x00202830                mqtt_connect
 .text.mqtt_disconnect
                0x00202888       0x24 obj_zoul/mqtt.o
                0x00202888                mqtt_disconnect
 .text.process_thread_mqtt_process
                0x002028ac     0x1014 obj_zoul/mqtt.o
 .text.mqtt_subscribe
                0x002038c0       0x60 obj_zoul/mqtt.o
                0x002038c0                mqtt_subscribe
 .text.mqtt_publish
                0x00203920       0x78 obj_zoul/mqtt.o
                0x00203920                mqtt_publish
 .text.configure
                0x00203998       0x5c obj_zoul/dht22.o
 .text.value    0x002039f4      0x194 obj_zoul/dht22.o
 .text.startup.main
                0x00203b88      0x1b4 obj_zoul/contiki-main.o
                0x00203b88                main
 .text.leds_init
                0x00203d3c       0x14 obj_zoul/leds.o
                0x00203d3c                leds_init
 .text.leds_on  0x00203d50       0x10 obj_zoul/leds.o
                0x00203d50                leds_on
 .text.leds_off
                0x00203d60       0x14 obj_zoul/leds.o
                0x00203d60                leds_off
 .text.value    0x00203d74       0x20 obj_zoul/button-sensor.o
 .text.duration_exceeded_callback
                0x00203d94       0x3c obj_zoul/button-sensor.o
 .text.config_user
                0x00203dd0       0xa0 obj_zoul/button-sensor.o
 .text.btn_callback
                0x00203e70       0x5c obj_zoul/button-sensor.o
 .text.antenna_sw_config
                0x00203ecc       0x30 obj_zoul/antenna-sw.o
                0x00203ecc                antenna_sw_config
 .text.leds_arch_init
                0x00203efc       0x48 obj_zoul/leds-res-arch.o
                0x00203efc                leds_arch_init
 .text.leds_arch_set
                0x00203f44       0x44 obj_zoul/leds-res-arch.o
                0x00203f44                leds_arch_set
 .text.soc_get_rev
                0x00203f88       0x18 obj_zoul/soc.o
                0x00203f88                soc_get_rev
 .text.soc_get_sram_size
                0x00203fa0       0x1c obj_zoul/soc.o
                0x00203fa0                soc_get_sram_size
 .text.soc_print_info
                0x00203fbc       0x70 obj_zoul/soc.o
                0x00203fbc                soc_print_info
 .text.update_ticks
                0x0020402c       0x4c obj_zoul/clock.o
 .text.clock_init
                0x00204078       0x50 obj_zoul/clock.o
                0x00204078                clock_init
 .text.clock_time
                0x002040c8       0x14 obj_zoul/clock.o
                0x002040c8                clock_time
 .text.clock_seconds
                0x002040dc       0x14 obj_zoul/clock.o
                0x002040dc                clock_seconds
 .text.clock_delay_usec
                0x002040f0       0x1c obj_zoul/clock.o
                0x002040f0                clock_delay_usec
 .text.clock_adjust
                0x0020410c       0x20 obj_zoul/clock.o
                0x0020410c                clock_adjust
 .text.rtimer_arch_next_trigger
                0x0020412c        0xc obj_zoul/rtimer-arch.o
                0x0020412c                rtimer_arch_next_trigger
 .text.rtimer_arch_now
                0x00204138       0x2c obj_zoul/rtimer-arch.o
                0x00204138                rtimer_arch_now
 .text.rtimer_arch_schedule
                0x00204164       0x58 obj_zoul/rtimer-arch.o
                0x00204164                rtimer_arch_schedule
 .text.rtimer_isr
                0x002041bc       0x24 obj_zoul/rtimer-arch.o
                0x002041bc                rtimer_isr
 .text.permit_pm1
                0x002041e0       0x24 obj_zoul/uart.o
 .text.uart_isr
                0x00204204       0x64 obj_zoul/uart.o
 .text.uart_init
                0x00204268      0x1ac obj_zoul/uart.o
                0x00204268                uart_init
 .text.uart_set_input
                0x00204414       0x10 obj_zoul/uart.o
                0x00204414                uart_set_input
 .text.uart_write_byte
                0x00204424       0x1c obj_zoul/uart.o
                0x00204424                uart_write_byte
 .text.watchdog_init
                0x00204440        0xc obj_zoul/watchdog.o
                0x00204440                watchdog_init
 .text.watchdog_start
                0x0020444c        0xc obj_zoul/watchdog.o
                0x0020444c                watchdog_start
 .text.watchdog_periodic
                0x00204458       0x10 obj_zoul/watchdog.o
                0x00204458                watchdog_periodic
 .text.nvic_init
                0x00204468       0x3c obj_zoul/nvic.o
                0x00204468                nvic_init
 .text.nvic_interrupt_enable
                0x002044a4       0x18 obj_zoul/nvic.o
                0x002044a4                nvic_interrupt_enable
 .text.nvic_interrupt_disable
                0x002044bc       0x18 obj_zoul/nvic.o
                0x002044bc                nvic_interrupt_disable
 .text.nvic_interrupt_unpend
                0x002044d4       0x18 obj_zoul/nvic.o
                0x002044d4                nvic_interrupt_unpend
 .text.sys_ctrl_get_reset_cause
                0x002044ec       0x10 obj_zoul/sys-ctrl.o
                0x002044ec                sys_ctrl_get_reset_cause
 .text.sys_ctrl_get_reset_cause_str
                0x002044fc       0x14 obj_zoul/sys-ctrl.o
                0x002044fc                sys_ctrl_get_reset_cause_str
 .text.sys_ctrl_init
                0x00204510       0x74 obj_zoul/sys-ctrl.o
                0x00204510                sys_ctrl_init
 .text.sys_ctrl_reset
                0x00204584        0xc obj_zoul/sys-ctrl.o
                0x00204584                sys_ctrl_reset
 .text.sys_ctrl_get_sys_clock
                0x00204590       0x18 obj_zoul/sys-ctrl.o
                0x00204590                sys_ctrl_get_sys_clock
 .text.sys_ctrl_get_io_clock
                0x002045a8       0x18 obj_zoul/sys-ctrl.o
                0x002045a8                sys_ctrl_get_io_clock
 .text.gpio_register_callback
                0x002045c0       0x10 obj_zoul/gpio.o
                0x002045c0                gpio_register_callback
 .text.notify   0x002045d0       0x30 obj_zoul/gpio.o
                0x002045d0                notify
 .text.gpio_port_isr
                0x00204600       0x50 obj_zoul/gpio.o
 .text.gpio_init
                0x00204650       0x10 obj_zoul/gpio.o
                0x00204650                gpio_init
 .text.ioc_init
                0x00204660       0x1c obj_zoul/ioc.o
                0x00204660                ioc_init
 .text.ioc_set_over
                0x0020467c       0x14 obj_zoul/ioc.o
                0x0020467c                ioc_set_over
 .text.ioc_set_sel
                0x00204690       0x14 obj_zoul/ioc.o
                0x00204690                ioc_set_sel
 .text.adc_get  0x002046a4       0x78 obj_zoul/adc.o
                0x002046a4                adc_get
 .text.permit_pm1
                0x0020471c       0x10 obj_zoul/crypto.o
 .text.crypto_isr
                0x0020472c       0x24 obj_zoul/crypto.o
                0x0020472c                crypto_isr
 .text.crypto_enable
                0x00204750       0x20 obj_zoul/crypto.o
                0x00204750                crypto_enable
 .text.crypto_init
                0x00204770       0x3c obj_zoul/crypto.o
                0x00204770                crypto_init
 .text.crypto_disable
                0x002047ac       0x20 obj_zoul/crypto.o
                0x002047ac                crypto_disable
 .text.crypto_register_process_notification
                0x002047cc        0xc obj_zoul/crypto.o
                0x002047cc                crypto_register_process_notification
 .text.aes_load_keys
                0x002047d8      0x11c obj_zoul/aes.o
                0x002047d8                aes_load_keys
 .text.aes_auth_crypt_start
                0x002048f4      0x140 obj_zoul/aes.o
                0x002048f4                aes_auth_crypt_start
 .text.aes_auth_crypt_check_status
                0x00204a34       0x18 obj_zoul/aes.o
                0x00204a34                aes_auth_crypt_check_status
 .text.aes_auth_crypt_get_result
                0x00204a4c       0xb4 obj_zoul/aes.o
                0x00204a4c                aes_auth_crypt_get_result
 .text.encrypt  0x00204b00       0x4c obj_zoul/cc2538-aes-128.o
 .text.set_key  0x00204b4c       0x34 obj_zoul/cc2538-aes-128.o
 .text.set_key  0x00204b80        0xc obj_zoul/cc2538-ccm-star.o
 .text.aead     0x00204b8c       0xac obj_zoul/cc2538-ccm-star.o
 .text.on       0x00204c38       0x2c obj_zoul/cc2538-rf.o
 .text.off      0x00204c64       0x40 obj_zoul/cc2538-rf.o
 .text.set_channel
                0x00204ca4       0x48 obj_zoul/cc2538-rf.o
 .text.channel_clear
                0x00204cec       0x3c obj_zoul/cc2538-rf.o
 .text.receiving_packet
                0x00204d28       0x18 obj_zoul/cc2538-rf.o
 .text.pending_packet
                0x00204d40       0x10 obj_zoul/cc2538-rf.o
 .text.get_value
                0x00204d50      0x164 obj_zoul/cc2538-rf.o
 .text.prepare  0x00204eb4       0x64 obj_zoul/cc2538-rf.o
 .text.transmit
                0x00204f18       0x98 obj_zoul/cc2538-rf.o
 .text.set_frame_filtering
                0x00204fb0       0x18 obj_zoul/cc2538-rf.o
 .text.set_object
                0x00204fc8       0x30 obj_zoul/cc2538-rf.o
 .text.read     0x00204ff8       0xe4 obj_zoul/cc2538-rf.o
 .text.set_poll_mode
                0x002050dc       0x8c obj_zoul/cc2538-rf.o
 .text.set_value
                0x00205168       0xe8 obj_zoul/cc2538-rf.o
 .text.init     0x00205250       0xc4 obj_zoul/cc2538-rf.o
 .text.process_thread_cc2538_rf_process
                0x00205314       0x90 obj_zoul/cc2538-rf.o
 .text.get_object
                0x002053a4      0x144 obj_zoul/cc2538-rf.o
 .text.cc2538_rf_rx_tx_isr
                0x002054e8       0x24 obj_zoul/cc2538-rf.o
                0x002054e8                cc2538_rf_rx_tx_isr
 .text.cc2538_rf_err_isr
                0x0020550c       0x28 obj_zoul/cc2538-rf.o
                0x0020550c                cc2538_rf_err_isr
 .text.udma_init
                0x00205534       0x30 obj_zoul/udma.o
                0x00205534                udma_init
 .text.udma_set_channel_src
                0x00205564       0x10 obj_zoul/udma.o
                0x00205564                udma_set_channel_src
 .text.udma_set_channel_dst
                0x00205574       0x14 obj_zoul/udma.o
                0x00205574                udma_set_channel_dst
 .text.udma_set_channel_control_word
                0x00205588       0x14 obj_zoul/udma.o
                0x00205588                udma_set_channel_control_word
 .text.udma_channel_enable
                0x0020559c       0x18 obj_zoul/udma.o
                0x0020559c                udma_channel_enable
 .text.udma_channel_mask_set
                0x002055b4       0x18 obj_zoul/udma.o
                0x002055b4                udma_channel_mask_set
 .text.udma_channel_sw_request
                0x002055cc       0x18 obj_zoul/udma.o
                0x002055cc                udma_channel_sw_request
 .text.udma_channel_get_mode
                0x002055e4       0x1c obj_zoul/udma.o
                0x002055e4                udma_channel_get_mode
 .text.udma_isr
                0x00205600       0x10 obj_zoul/udma.o
                0x00205600                udma_isr
 .text.udma_err_isr
                0x00205610        0xc obj_zoul/udma.o
                0x00205610                udma_err_isr
 .text.select_32_mhz_xosc
                0x0020561c       0x2c obj_zoul/lpm.o
 .text.lpm_exit
                0x00205648       0x34 obj_zoul/lpm.o
                0x00205648                lpm_exit
 .text.lpm_enter
                0x0020567c       0xb0 obj_zoul/lpm.o
                0x0020567c                lpm_enter
 .text.lpm_register_peripheral
                0x0020572c       0x20 obj_zoul/lpm.o
                0x0020572c                lpm_register_peripheral
 .text.lpm_init
                0x0020574c       0x24 obj_zoul/lpm.o
                0x0020574c                lpm_init
 .text.pka_isr  0x00205770       0x24 obj_zoul/pka.o
                0x00205770                pka_isr
 .text.ieee_addr_cpy_to
                0x00205794       0x74 obj_zoul/ieee-addr.o
                0x00205794                ieee_addr_cpy_to
 .text.printf   0x00205808       0x20 obj_zoul/dbg-printf.o
                0x00205808                printf
 .text.vsnprintf
                0x00205828       0x28 obj_zoul/dbg-snprintf.o
                0x00205828                vsnprintf
 .text.fill_space
                0x00205850       0x34 obj_zoul/strformat.o
 .text.format_str_v
                0x00205884      0x6e8 obj_zoul/strformat.o
                0x00205884                format_str_v
 .text.process_thread_ctimer_process
                0x00205f6c       0x80 obj_zoul/ctimer.o
 .text.ctimer_init
                0x00205fec       0x28 obj_zoul/ctimer.o
                0x00205fec                ctimer_init
 .text.ctimer_set_with_process
                0x00206014       0x44 obj_zoul/ctimer.o
                0x00206014                ctimer_set_with_process
 .text.ctimer_set
                0x00206058       0x14 obj_zoul/ctimer.o
                0x00206058                ctimer_set
 .text.ctimer_reset
                0x0020606c       0x38 obj_zoul/ctimer.o
                0x0020606c                ctimer_reset
 .text.ctimer_restart
                0x002060a4       0x38 obj_zoul/ctimer.o
                0x002060a4                ctimer_restart
 .text.ctimer_stop
                0x002060dc       0x2c obj_zoul/ctimer.o
                0x002060dc                ctimer_stop
 .text.update_time
                0x00206108       0x44 obj_zoul/etimer.o
 .text.etimer_request_poll
                0x0020614c        0xc obj_zoul/etimer.o
                0x0020614c                etimer_request_poll
 .text.process_thread_etimer_process
                0x00206158       0x94 obj_zoul/etimer.o
 .text.add_timer
                0x002061ec       0x40 obj_zoul/etimer.o
 .text.etimer_pending
                0x0020622c       0x10 obj_zoul/etimer.o
                0x0020622c                etimer_pending
 .text.etimer_stop
                0x0020623c       0x34 obj_zoul/etimer.o
                0x0020623c                etimer_stop
 .text.call_process.part.0
                0x00206270       0x38 obj_zoul/process.o
 .text.exit_process
                0x002062a8       0x80 obj_zoul/process.o
 .text.do_poll  0x00206328       0x30 obj_zoul/process.o
 .text.process_alloc_event
                0x00206358       0x10 obj_zoul/process.o
                0x00206358                process_alloc_event
 .text.process_init
                0x00206368       0x30 obj_zoul/process.o
                0x00206368                process_init
 .text.process_run
                0x00206398       0x84 obj_zoul/process.o
                0x00206398                process_run
 .text.process_nevents
                0x0020641c       0x14 obj_zoul/process.o
                0x0020641c                process_nevents
 .text.process_post
                0x00206430       0x3c obj_zoul/process.o
                0x00206430                process_post
 .text.process_post_synch
                0x0020646c       0x14 obj_zoul/process.o
                0x0020646c                process_post_synch
 .text.process_start
                0x00206480       0x30 obj_zoul/process.o
                0x00206480                process_start
 .text.process_poll
                0x002064b0       0x18 obj_zoul/process.o
                0x002064b0                process_poll
 .text.rtimer_run_next
                0x002064c8       0x28 obj_zoul/rtimer.o
                0x002064c8                rtimer_run_next
 .text.stimer_expired
                0x002064f0       0x20 obj_zoul/stimer.o
                0x002064f0                stimer_expired
 .text.process_thread_serial_line_process
                0x00206510       0x98 obj_zoul/serial-line.o
 .text.serial_line_input_byte
                0x002065a8       0x44 obj_zoul/serial-line.o
                0x002065a8                serial_line_input_byte
 .text.serial_line_init
                0x002065ec       0x24 obj_zoul/serial-line.o
                0x002065ec                serial_line_init
 .text.random_rand
                0x00206610       0x20 obj_zoul/random.o
                0x00206610                random_rand
 .text.random_init
                0x00206630       0x78 obj_zoul/random.o
                0x00206630                random_init
 .text.process_thread_sensors_process
                0x002066a8       0xd4 obj_zoul/sensors.o
 .text.sensors_changed
                0x0020677c       0x38 obj_zoul/sensors.o
                0x0020677c                sensors_changed
 .text.clear_fragments
                0x002067b4       0x3c obj_zoul/sicslowpan.o
 .text.sicslowpan_init
                0x002067f0       0x24 obj_zoul/sicslowpan.o
                0x002067f0                sicslowpan_init
 .text.compress_addr_64
                0x00206814       0x90 obj_zoul/sicslowpan.o
 .text.set_packet_attrs
                0x002068a4       0x44 obj_zoul/sicslowpan.o
 .text.addr_context_lookup_by_prefix
                0x002068e8       0x28 obj_zoul/sicslowpan.o
 .text.send_packet
                0x00206910       0x24 obj_zoul/sicslowpan.o
 .text.packet_sent
                0x00206934       0x28 obj_zoul/sicslowpan.o
 .text.store_fragment
                0x0020695c       0x58 obj_zoul/sicslowpan.o
 .text.uncompress_addr
                0x002069b4       0xa4 obj_zoul/sicslowpan.o
 .text.output   0x00206a58      0x69c obj_zoul/sicslowpan.o
 .text.add_fragment
                0x002070f4      0x124 obj_zoul/sicslowpan.o
 .text.input    0x00207218      0x5b0 obj_zoul/sicslowpan.o
 .text.upper_layer_chksum
                0x002077c8       0x54 obj_zoul/uip6.o
 .text.ext_hdr_options_process
                0x0020781c       0xac obj_zoul/uip6.o
 .text.uip_add32
                0x002078c8       0x54 obj_zoul/uip6.o
                0x002078c8                uip_add32
 .text.unlikely.uip_add_rcv_nxt
                0x0020791c       0x2c obj_zoul/uip6.o
 .text.uip_init
                0x00207948       0x5c obj_zoul/uip6.o
                0x00207948                uip_init
 .text.uip_connect
                0x002079a4       0xe0 obj_zoul/uip6.o
                0x002079a4                uip_connect
 .text.remove_ext_hdr
                0x00207a84       0x5c obj_zoul/uip6.o
                0x00207a84                remove_ext_hdr
 .text.uip_unlisten
                0x00207ae0       0x20 obj_zoul/uip6.o
                0x00207ae0                uip_unlisten
 .text.uip_process
                0x00207b00      0xd50 obj_zoul/uip6.o
                0x00207b00                uip_process
 .text.uip_send
                0x00208850       0x48 obj_zoul/uip6.o
                0x00208850                uip_send
 .text.uip_ds6_prefix_add
                0x00208898       0x64 obj_zoul/uip-ds6.o
                0x00208898                uip_ds6_prefix_add
 .text.uip_ds6_is_addr_onlink
                0x002088fc       0x40 obj_zoul/uip-ds6.o
                0x002088fc                uip_ds6_is_addr_onlink
 .text.uip_ds6_addr_lookup
                0x0020893c       0x2c obj_zoul/uip-ds6.o
                0x0020893c                uip_ds6_addr_lookup
 .text.uip_ds6_get_link_local
                0x00208968       0x40 obj_zoul/uip-ds6.o
                0x00208968                uip_ds6_get_link_local
 .text.uip_ds6_get_global
                0x002089a8       0x40 obj_zoul/uip-ds6.o
                0x002089a8                uip_ds6_get_global
 .text.uip_ds6_maddr_add
                0x002089e8       0x4c obj_zoul/uip-ds6.o
                0x002089e8                uip_ds6_maddr_add
 .text.uip_ds6_addr_add
                0x00208a34       0x94 obj_zoul/uip-ds6.o
                0x00208a34                uip_ds6_addr_add
 .text.uip_ds6_maddr_lookup
                0x00208ac8       0x2c obj_zoul/uip-ds6.o
                0x00208ac8                uip_ds6_maddr_lookup
 .text.uip_ds6_addr_rm
                0x00208af4       0x44 obj_zoul/uip-ds6.o
                0x00208af4                uip_ds6_addr_rm
 .text.uip_ds6_periodic
                0x00208b38       0x4c obj_zoul/uip-ds6.o
                0x00208b38                uip_ds6_periodic
 .text.uip_ds6_select_src
                0x00208b84       0x94 obj_zoul/uip-ds6.o
                0x00208b84                uip_ds6_select_src
 .text.uip_ds6_compute_reachable_time
                0x00208c18       0x28 obj_zoul/uip-ds6.o
                0x00208c18                uip_ds6_compute_reachable_time
 .text.uip_ds6_init
                0x00208c40       0xe0 obj_zoul/uip-ds6.o
                0x00208c40                uip_ds6_init
 .text.uip_ds6_nbr_rm
                0x00208d20       0x20 obj_zoul/uip-ds6-nbr.o
                0x00208d20                uip_ds6_nbr_rm
 .text.uip_ds6_neighbors_init
                0x00208d40       0x1c obj_zoul/uip-ds6-nbr.o
                0x00208d40                uip_ds6_neighbors_init
 .text.uip_ds6_nbr_add
                0x00208d5c       0x3c obj_zoul/uip-ds6-nbr.o
                0x00208d5c                uip_ds6_nbr_add
 .text.uip_ds6_nbr_get_ll
                0x00208d98       0x10 obj_zoul/uip-ds6-nbr.o
                0x00208d98                uip_ds6_nbr_get_ll
 .text.uip_ds6_nbr_lookup
                0x00208da8       0x38 obj_zoul/uip-ds6-nbr.o
                0x00208da8                uip_ds6_nbr_lookup
 .text.uip_ds6_nbr_ll_lookup
                0x00208de0       0x10 obj_zoul/uip-ds6-nbr.o
                0x00208de0                uip_ds6_nbr_ll_lookup
 .text.uip_ds6_link_neighbor_callback
                0x00208df0       0x34 obj_zoul/uip-ds6-nbr.o
                0x00208df0                uip_ds6_link_neighbor_callback
 .text.call_route_callback
                0x00208e24       0x48 obj_zoul/uip-ds6-route.o
 .text.uip_ds6_route_init
                0x00208e6c       0x4c obj_zoul/uip-ds6-route.o
                0x00208e6c                uip_ds6_route_init
 .text.uip_ds6_route_nexthop
                0x00208eb8       0x20 obj_zoul/uip-ds6-route.o
                0x00208eb8                uip_ds6_route_nexthop
 .text.uip_ds6_route_head
                0x00208ed8        0xc obj_zoul/uip-ds6-route.o
                0x00208ed8                uip_ds6_route_head
 .text.uip_ds6_route_is_nexthop
                0x00208ee4       0x20 obj_zoul/uip-ds6-route.o
                0x00208ee4                uip_ds6_route_is_nexthop
 .text.uip_ds6_route_lookup
                0x00208f04       0x64 obj_zoul/uip-ds6-route.o
                0x00208f04                uip_ds6_route_lookup
 .text.uip_ds6_route_rm
                0x00208f68       0x9c obj_zoul/uip-ds6-route.o
                0x00208f68                uip_ds6_route_rm
 .text.rm_routelist
                0x00209004       0x30 obj_zoul/uip-ds6-route.o
 .text.uip_ds6_route_add
                0x00209034      0x108 obj_zoul/uip-ds6-route.o
                0x00209034                uip_ds6_route_add
 .text.uip_ds6_defrt_rm
                0x0020913c       0x44 obj_zoul/uip-ds6-route.o
                0x0020913c                uip_ds6_defrt_rm
 .text.uip_ds6_defrt_lookup
                0x00209180       0x2c obj_zoul/uip-ds6-route.o
                0x00209180                uip_ds6_defrt_lookup
 .text.uip_ds6_defrt_add
                0x002091ac       0x64 obj_zoul/uip-ds6-route.o
                0x002091ac                uip_ds6_defrt_add
 .text.uip_ds6_defrt_choose
                0x00209210       0x30 obj_zoul/uip-ds6-route.o
                0x00209210                uip_ds6_defrt_choose
 .text.uip_ds6_defrt_periodic
                0x00209240       0x30 obj_zoul/uip-ds6-route.o
                0x00209240                uip_ds6_defrt_periodic
 .text.echo_reply_input
                0x00209270       0x94 obj_zoul/uip-icmp6.o
 .text.echo_request_input
                0x00209304       0xc8 obj_zoul/uip-icmp6.o
 .text.uip_icmp6_input
                0x002093cc       0x38 obj_zoul/uip-icmp6.o
                0x002093cc                uip_icmp6_input
 .text.uip_icmp6_register_input_handler
                0x00209404        0xc obj_zoul/uip-icmp6.o
                0x00209404                uip_icmp6_register_input_handler
 .text.uip_icmp6_error_output
                0x00209410      0x144 obj_zoul/uip-icmp6.o
                0x00209410                uip_icmp6_error_output
 .text.uip_icmp6_send
                0x00209554       0x8c obj_zoul/uip-icmp6.o
                0x00209554                uip_icmp6_send
 .text.uip_icmp6_init
                0x002095e0       0x1c obj_zoul/uip-icmp6.o
                0x002095e0                uip_icmp6_init
 .text.start_periodic_tcp_timer
                0x002095fc       0x1c obj_zoul/tcpip.o
 .text.tcpip_output
                0x00209618       0x10 obj_zoul/tcpip.o
                0x00209618                tcpip_output
 .text.tcpip_set_outputfunc
                0x00209628        0xc obj_zoul/tcpip.o
                0x00209628                tcpip_set_outputfunc
 .text.tcp_unlisten
                0x00209634       0x34 obj_zoul/tcpip.o
                0x00209634                tcp_unlisten
 .text.tcp_attach
                0x00209668       0x10 obj_zoul/tcpip.o
                0x00209668                tcp_attach
 .text.tcpip_icmp6_call
                0x00209678       0x28 obj_zoul/tcpip.o
                0x00209678                tcpip_icmp6_call
 .text.tcpip_input
                0x002096a0       0x24 obj_zoul/tcpip.o
                0x002096a0                tcpip_input
 .text.tcpip_ipv6_output
                0x002096c4       0xb0 obj_zoul/tcpip.o
                0x002096c4                tcpip_ipv6_output
 .text.process_thread_tcpip_process
                0x00209774      0x1ac obj_zoul/tcpip.o
 .text.tcpip_poll_tcp
                0x00209920       0x10 obj_zoul/tcpip.o
                0x00209920                tcpip_poll_tcp
 .text.tcp_connect
                0x00209930       0x20 obj_zoul/tcpip.o
                0x00209930                tcp_connect
 .text.tcpip_uipcall
                0x00209950       0x68 obj_zoul/tcpip.o
                0x00209950                tcpip_uipcall
 .text.newdata  0x002099b8       0x54 obj_zoul/tcp-socket.o
 .text.senddata
                0x00209a0c       0x28 obj_zoul/tcp-socket.o
 .text.process_thread_tcp_socket_process
                0x00209a34      0x1cc obj_zoul/tcp-socket.o
 .text.tcp_socket_register
                0x00209c00       0x6c obj_zoul/tcp-socket.o
                0x00209c00                tcp_socket_register
 .text.tcp_socket_connect
                0x00209c6c       0x4c obj_zoul/tcp-socket.o
                0x00209c6c                tcp_socket_connect
 .text.tcp_socket_unlisten
                0x00209cb8       0x3c obj_zoul/tcp-socket.o
                0x00209cb8                tcp_socket_unlisten
 .text.tcp_socket_unregister
                0x00209cf4       0x2c obj_zoul/tcp-socket.o
                0x00209cf4                tcp_socket_unregister
 .text.uip_debug_ipaddr_print
                0x00209d20       0xa0 obj_zoul/uip-debug.o
                0x00209d20                uip_debug_ipaddr_print
 .text.rpl_get_mode
                0x00209dc0        0xc obj_zoul/rpl.o
                0x00209dc0                rpl_get_mode
 .text.rpl_purge_routes
                0x00209dcc       0x64 obj_zoul/rpl.o
                0x00209dcc                rpl_purge_routes
 .text.rpl_link_neighbor_callback
                0x00209e30       0x54 obj_zoul/rpl.o
                0x00209e30                rpl_link_neighbor_callback
 .text.rpl_ipv6_neighbor_callback
                0x00209e84       0x28 obj_zoul/rpl.o
                0x00209e84                rpl_ipv6_neighbor_callback
 .text.rpl_purge_dags
                0x00209eac       0x3c obj_zoul/rpl.o
                0x00209eac                rpl_purge_dags
 .text.rpl_init
                0x00209ee8       0x4c obj_zoul/rpl.o
                0x00209ee8                rpl_init
 .text.rpl_set_preferred_parent
                0x00209f34       0x28 obj_zoul/rpl-dag.o
 .text.set_ip_from_prefix
                0x00209f5c       0x2c obj_zoul/rpl-dag.o
 .text.find_parent_any_dag_any_instance
                0x00209f88       0x1c obj_zoul/rpl-dag.o
 .text.rpl_dag_init
                0x00209fa4       0x14 obj_zoul/rpl-dag.o
                0x00209fa4                rpl_dag_init
 .text.rpl_get_parent
                0x00209fb8       0x10 obj_zoul/rpl-dag.o
                0x00209fb8                rpl_get_parent
 .text.rpl_get_parent_lladdr
                0x00209fc8       0x10 obj_zoul/rpl-dag.o
                0x00209fc8                rpl_get_parent_lladdr
 .text.best_parent
                0x00209fd8       0x74 obj_zoul/rpl-dag.o
 .text.rpl_alloc_instance
                0x0020a04c       0x34 obj_zoul/rpl-dag.o
                0x0020a04c                rpl_alloc_instance
 .text.rpl_add_parent
                0x0020a080       0x30 obj_zoul/rpl-dag.o
                0x0020a080                rpl_add_parent
 .text.rpl_remove_parent
                0x0020a0b0       0x1c obj_zoul/rpl-dag.o
                0x0020a0b0                rpl_remove_parent
 .text.remove_parents.constprop.5
                0x0020a0cc       0x2c obj_zoul/rpl-dag.o
 .text.rpl_get_any_dag
                0x0020a0f8       0x18 obj_zoul/rpl-dag.o
                0x0020a0f8                rpl_get_any_dag
 .text.rpl_get_instance
                0x0020a110       0x20 obj_zoul/rpl-dag.o
                0x0020a110                rpl_get_instance
 .text.rpl_find_of
                0x0020a130       0x14 obj_zoul/rpl-dag.o
                0x0020a130                rpl_find_of
 .text.rpl_join_instance
                0x0020a144      0x140 obj_zoul/rpl-dag.o
                0x0020a144                rpl_join_instance
 .text.rpl_local_repair
                0x0020a284       0x70 obj_zoul/rpl-dag.o
                0x0020a284                rpl_local_repair
 .text.rpl_recalculate_ranks
                0x0020a2f4       0x3c obj_zoul/rpl-dag.o
                0x0020a2f4                rpl_recalculate_ranks
 .text.update_hbh_header
                0x0020a330       0xc4 obj_zoul/rpl-ext-header.o
 .text.insert_hbh_header
                0x0020a3f4       0xb0 obj_zoul/rpl-ext-header.o
 .text.rpl_verify_hbh_header
                0x0020a4a4      0x100 obj_zoul/rpl-ext-header.o
                0x0020a4a4                rpl_verify_hbh_header
 .text.rpl_remove_header
                0x0020a5a4       0x7c obj_zoul/rpl-ext-header.o
                0x0020a5a4                rpl_remove_header
 .text.rpl_update_header
                0x0020a620       0x64 obj_zoul/rpl-ext-header.o
                0x0020a620                rpl_update_header
 .text.dao_ack_input
                0x0020a684       0x14 obj_zoul/rpl-icmp6.o
 .text.dio_input
                0x0020a698      0x250 obj_zoul/rpl-icmp6.o
 .text.dao_input
                0x0020a8e8      0x270 obj_zoul/rpl-icmp6.o
 .text.dis_output
                0x0020ab58       0x54 obj_zoul/rpl-icmp6.o
                0x0020ab58                dis_output
 .text.dio_output
                0x0020abac      0x218 obj_zoul/rpl-icmp6.o
                0x0020abac                dio_output
 .text.dis_input
                0x0020adc4       0x50 obj_zoul/rpl-icmp6.o
 .text.dao_output_target
                0x0020ae14      0x100 obj_zoul/rpl-icmp6.o
                0x0020ae14                dao_output_target
 .text.dao_output
                0x0020af14       0x90 obj_zoul/rpl-icmp6.o
                0x0020af14                dao_output
 .text.rpl_icmp6_register_handlers
                0x0020afa4       0x30 obj_zoul/rpl-icmp6.o
                0x0020afa4                rpl_icmp6_register_handlers
 .text.update_nbr
                0x0020afd4      0x10c obj_zoul/rpl-nbr-policy.o
 .text.handle_periodic_timer
                0x0020b0e0       0x14 obj_zoul/rpl-nbr-policy.o
 .text.find_removable_dis
                0x0020b0f4       0x20 obj_zoul/rpl-nbr-policy.o
                0x0020b0f4                find_removable_dis
 .text.find_removable_dio
                0x0020b114       0x40 obj_zoul/rpl-nbr-policy.o
                0x0020b114                find_removable_dio
 .text.find_removable_dao
                0x0020b154       0x38 obj_zoul/rpl-nbr-policy.o
                0x0020b154                find_removable_dao
 .text.rpl_nbr_policy_find_removable
                0x0020b18c       0x28 obj_zoul/rpl-nbr-policy.o
                0x0020b18c                rpl_nbr_policy_find_removable
 .text.new_dio_interval
                0x0020b1b4       0x58 obj_zoul/rpl-timers.o
 .text.handle_periodic_timer
                0x0020b20c       0x4c obj_zoul/rpl-timers.o
 .text.set_dao_lifetime_timer
                0x0020b258       0x4c obj_zoul/rpl-timers.o
 .text.handle_dio_timer
                0x0020b2a4       0x80 obj_zoul/rpl-timers.o
 .text.schedule_dao
                0x0020b324       0x54 obj_zoul/rpl-timers.o
 .text.handle_dao_timer
                0x0020b378       0x58 obj_zoul/rpl-timers.o
 .text.rpl_reset_periodic_timer
                0x0020b3d0       0x34 obj_zoul/rpl-timers.o
                0x0020b3d0                rpl_reset_periodic_timer
 .text.rpl_schedule_unicast_dio_immediately
                0x0020b404       0x14 obj_zoul/rpl-timers.o
                0x0020b404                rpl_schedule_unicast_dio_immediately
 .text.get_probing_target
                0x0020b418       0xd4 obj_zoul/rpl-timers.o
                0x0020b418                get_probing_target
 .text.rpl_schedule_probing
                0x0020b4ec       0x20 obj_zoul/rpl-timers.o
                0x0020b4ec                rpl_schedule_probing
 .text.periodic
                0x0020b50c       0x2c obj_zoul/link-stats.o
 .text.link_stats_from_lladdr
                0x0020b538        0xc obj_zoul/link-stats.o
                0x0020b538                link_stats_from_lladdr
 .text.link_stats_packet_sent
                0x0020b544       0x78 obj_zoul/link-stats.o
                0x0020b544                link_stats_packet_sent
 .text.link_stats_input_callback
                0x0020b5bc       0x4c obj_zoul/link-stats.o
                0x0020b5bc                link_stats_input_callback
 .text.link_stats_init
                0x0020b608       0x28 obj_zoul/link-stats.o
                0x0020b608                link_stats_init
 .text.key_from_index
                0x0020b630       0x18 obj_zoul/nbr-table.o
 .text.index_from_key
                0x0020b648       0x20 obj_zoul/nbr-table.o
 .text.index_from_lladdr
                0x0020b668       0x40 obj_zoul/nbr-table.o
 .text.nbr_get_bit.constprop.0
                0x0020b6a8       0x30 obj_zoul/nbr-table.o
 .text.remove_key
                0x0020b6d8       0x58 obj_zoul/nbr-table.o
 .text.nbr_table_register
                0x0020b730       0x28 obj_zoul/nbr-table.o
                0x0020b730                nbr_table_register
 .text.nbr_table_head
                0x0020b758       0x34 obj_zoul/nbr-table.o
                0x0020b758                nbr_table_head
 .text.nbr_table_add_lladdr
                0x0020b78c      0x114 obj_zoul/nbr-table.o
                0x0020b78c                nbr_table_add_lladdr
 .text.nbr_table_remove
                0x0020b8a0       0x2c obj_zoul/nbr-table.o
                0x0020b8a0                nbr_table_remove
 .text.nbr_table_lock
                0x0020b8cc       0x14 obj_zoul/nbr-table.o
                0x0020b8cc                nbr_table_lock
 .text.nbr_table_unlock
                0x0020b8e0       0x14 obj_zoul/nbr-table.o
                0x0020b8e0                nbr_table_unlock
 .text.netstack_init
                0x0020b8f4       0x38 obj_zoul/netstack.o
                0x0020b8f4                netstack_init
 .text.packetbuf_hdrreduce
                0x0020b92c       0x2c obj_zoul/packetbuf.o
                0x0020b92c                packetbuf_hdrreduce
 .text.packetbuf_set_datalen
                0x0020b958        0xc obj_zoul/packetbuf.o
                0x0020b958                packetbuf_set_datalen
 .text.packetbuf_hdrptr
                0x0020b964        0x8 obj_zoul/packetbuf.o
                0x0020b964                packetbuf_hdrptr
 .text.packetbuf_datalen
                0x0020b96c        0xc obj_zoul/packetbuf.o
                0x0020b96c                packetbuf_datalen
 .text.packetbuf_hdrlen
                0x0020b978       0x18 obj_zoul/packetbuf.o
                0x0020b978                packetbuf_hdrlen
 .text.packetbuf_dataptr
                0x0020b990       0x10 obj_zoul/packetbuf.o
                0x0020b990                packetbuf_dataptr
 .text.packetbuf_copyto
                0x0020b9a0       0x40 obj_zoul/packetbuf.o
                0x0020b9a0                packetbuf_copyto
 .text.packetbuf_totlen
                0x0020b9e0       0x14 obj_zoul/packetbuf.o
                0x0020b9e0                packetbuf_totlen
 .text.packetbuf_hdralloc
                0x0020b9f4       0x3c obj_zoul/packetbuf.o
                0x0020b9f4                packetbuf_hdralloc
 .text.packetbuf_attr_clear
                0x0020ba30       0x34 obj_zoul/packetbuf.o
                0x0020ba30                packetbuf_attr_clear
 .text.packetbuf_clear
                0x0020ba64       0x20 obj_zoul/packetbuf.o
                0x0020ba64                packetbuf_clear
 .text.packetbuf_copyfrom
                0x0020ba84       0x2c obj_zoul/packetbuf.o
                0x0020ba84                packetbuf_copyfrom
 .text.packetbuf_attr_copyto
                0x0020bab0       0x30 obj_zoul/packetbuf.o
                0x0020bab0                packetbuf_attr_copyto
 .text.packetbuf_attr_copyfrom
                0x0020bae0       0x30 obj_zoul/packetbuf.o
                0x0020bae0                packetbuf_attr_copyfrom
 .text.packetbuf_set_attr
                0x0020bb10       0x10 obj_zoul/packetbuf.o
                0x0020bb10                packetbuf_set_attr
 .text.packetbuf_attr
                0x0020bb20        0xc obj_zoul/packetbuf.o
                0x0020bb20                packetbuf_attr
 .text.packetbuf_set_addr
                0x0020bb2c       0x18 obj_zoul/packetbuf.o
                0x0020bb2c                packetbuf_set_addr
 .text.packetbuf_addr
                0x0020bb44       0x10 obj_zoul/packetbuf.o
                0x0020bb44                packetbuf_addr
 .text.packetbuf_holds_broadcast
                0x0020bb54       0x10 obj_zoul/packetbuf.o
                0x0020bb54                packetbuf_holds_broadcast
 .text.queuebuf_init
                0x0020bb64       0x1c obj_zoul/queuebuf.o
                0x0020bb64                queuebuf_init
 .text.queuebuf_numfree
                0x0020bb80        0xc obj_zoul/queuebuf.o
                0x0020bb80                queuebuf_numfree
 .text.queuebuf_new_from_packetbuf
                0x0020bb8c       0x44 obj_zoul/queuebuf.o
                0x0020bb8c                queuebuf_new_from_packetbuf
 .text.queuebuf_free
                0x0020bbd0       0x2c obj_zoul/queuebuf.o
                0x0020bbd0                queuebuf_free
 .text.queuebuf_to_packetbuf
                0x0020bbfc       0x30 obj_zoul/queuebuf.o
                0x0020bbfc                queuebuf_to_packetbuf
 .text.input_packet
                0x0020bc2c        0xc obj_zoul/csma.o
 .text.on       0x0020bc38        0xc obj_zoul/csma.o
 .text.off      0x0020bc44        0xc obj_zoul/csma.o
 .text.channel_check_interval
                0x0020bc50       0x10 obj_zoul/csma.o
 .text.transmit_packet_list
                0x0020bc60       0x30 obj_zoul/csma.o
 .text.schedule_transmission
                0x0020bc90       0x4c obj_zoul/csma.o
 .text.send_packet
                0x0020bcdc      0x138 obj_zoul/csma.o
 .text.init     0x0020be14       0x24 obj_zoul/csma.o
 .text.tx_done  0x0020be38       0x84 obj_zoul/csma.o
 .text.frame802154_get_pan_id
                0x0020bebc        0xc obj_zoul/frame802154.o
                0x0020bebc                frame802154_get_pan_id
 .text.frame802154_parse
                0x0020bec8      0x1a8 obj_zoul/frame802154.o
                0x0020bec8                frame802154_parse
 .text.create_frame.isra.0
                0x0020c070      0x158 obj_zoul/framer-802154.o
 .text.on       0x0020c1c8        0xc obj_zoul/nullrdc.o
 .text.send_one_packet
                0x0020c1d4      0x118 obj_zoul/nullrdc.o
 .text.off      0x0020c2ec       0x18 obj_zoul/nullrdc.o
 .text.packet_input
                0x0020c304       0x4c obj_zoul/nullrdc.o
 .text.anti_replay_set_counter
                0x0020c350       0x24 obj_zoul/anti-replay.o
                0x0020c350                anti_replay_set_counter
 .text.ccm_star_packetbuf_set_nonce
                0x0020c374       0x4c obj_zoul/ccm-star-packetbuf.o
                0x0020c374                ccm_star_packetbuf_set_nonce
 .text.input    0x0020c3c0        0xc obj_zoul/noncoresec.o
 .text.send     0x0020c3cc       0x20 obj_zoul/noncoresec.o
 .text.length   0x0020c3ec       0x14 obj_zoul/noncoresec.o
 .text.init     0x0020c400       0x24 obj_zoul/noncoresec.o
 .text.aead     0x0020c424       0x68 obj_zoul/noncoresec.o
 .text.parse    0x0020c48c       0x94 obj_zoul/noncoresec.o
 .text.create   0x0020c520       0x20 obj_zoul/noncoresec.o
 .text.mqtt_event
                0x0020c540       0xd4 mqtt-example.co
 .text.ipaddr_sprintf
                0x0020c614       0x8c mqtt-example.co
                0x0020c614                ipaddr_sprintf
 .text.process_thread_mqtt_demo_process
                0x0020c6a0      0x534 mqtt-example.co
 .text          0x0020cbd4       0x30 /usr/bin/../lib/gcc/arm-none-eabi/4.9.3/armv7-m/libgcc.a(_aeabi_uldivmod.o)
                0x0020cbd4                __aeabi_uldivmod
 .text          0x0020cc04       0x60 /usr/bin/../lib/gcc/arm-none-eabi/4.9.3/armv7-m/libgcc.a(bpabi.o)
                0x0020cc04                __gnu_ldivmod_helper
                0x0020cc34                __gnu_uldivmod_helper
 .text          0x0020cc64        0x4 /usr/bin/../lib/gcc/arm-none-eabi/4.9.3/armv7-m/libgcc.a(_dvmd_tls.o)
                0x0020cc64                __aeabi_ldiv0
                0x0020cc64                __aeabi_idiv0
 .text          0x0020cc68      0x2ac /usr/bin/../lib/gcc/arm-none-eabi/4.9.3/armv7-m/libgcc.a(_divdi3.o)
                0x0020cc68                __divdi3
 .text          0x0020cf14      0x270 /usr/bin/../lib/gcc/arm-none-eabi/4.9.3/armv7-m/libgcc.a(_udivdi3.o)
                0x0020cf14                __udivdi3
 .text.memcmp   0x0020d184       0x64 /usr/bin/../lib/gcc/arm-none-eabi/4.9.3/../../../../arm-none-eabi/lib/armv7-m/libc.a(lib_a-memcmp.o)
                0x0020d184                memcmp
 .text          0x0020d1e8       0xec /usr/bin/../lib/gcc/arm-none-eabi/4.9.3/../../../../arm-none-eabi/lib/armv7-m/libc.a(lib_a-memcpy.o)
                0x0020d1e8                memcpy
 .text.memmove  0x0020d2d4       0xc8 /usr/bin/../lib/gcc/arm-none-eabi/4.9.3/../../../../arm-none-eabi/lib/armv7-m/libc.a(lib_a-memmove.o)
                0x0020d2d4                memmove
 .text.memset   0x0020d39c       0x9c /usr/bin/../lib/gcc/arm-none-eabi/4.9.3/../../../../arm-none-eabi/lib/armv7-m/libc.a(lib_a-memset.o)
                0x0020d39c                memset
 .text.strlen   0x0020d438       0x5c /usr/bin/../lib/gcc/arm-none-eabi/4.9.3/../../../../arm-none-eabi/lib/armv7-m/libc.a(lib_a-strlen.o)
                0x0020d438                strlen
 .text.default_handler
                0x0020d494        0x2 obj_zoul/startup-gcc.o
                0x0020d494                default_handler
 .text.nmi_handler
                0x0020d496        0x6 obj_zoul/startup-gcc.o
                0x0020d496                nmi_handler
 .text.encode_remaining_length
                0x0020d49c       0x26 obj_zoul/mqtt.o
 .text.reset_packet
                0x0020d4c2       0x14 obj_zoul/mqtt.o
 .text.handle_publish
                0x0020d4d6       0x30 obj_zoul/mqtt.o
 .text.abort_connection
                0x0020d506       0x3e obj_zoul/mqtt.o
 .text.send_out_buffer
                0x0020d544       0x22 obj_zoul/mqtt.o
 .text.write_byte
                0x0020d566       0x20 obj_zoul/mqtt.o
 .text.write_bytes
                0x0020d586       0x4e obj_zoul/mqtt.o
 .text.string_to_mqtt_string
                0x0020d5d4       0x18 obj_zoul/mqtt.o
 .text.fade     0x0020d5ec       0x54 obj_zoul/contiki-main.o
 .text.board_init
                0x0020d640        0x4 obj_zoul/board.o
                0x0020d640                board_init
 .text.clock_isr
                0x0020d644        0x4 obj_zoul/clock.o
                0x0020d644                clock_isr
 .text.rtimer_arch_init
                0x0020d648        0x2 obj_zoul/rtimer-arch.o
                0x0020d648                rtimer_arch_init
 .text.uart0_isr
                0x0020d64a        0x6 obj_zoul/uart.o
                0x0020d64a                uart0_isr
 .text.uart1_isr
                0x0020d650        0x6 obj_zoul/uart.o
                0x0020d650                uart1_isr
 .text.cpu_cpsie
                0x0020d656        0x8 obj_zoul/cpu.o
                0x0020d656                cpu_cpsie
 .text.cpu_cpsid
                0x0020d65e        0x8 obj_zoul/cpu.o
                0x0020d65e                cpu_cpsid
 .text.gpio_port_a_isr
                0x0020d666        0x6 obj_zoul/gpio.o
                0x0020d666                gpio_port_a_isr
 .text.gpio_port_b_isr
                0x0020d66c        0x6 obj_zoul/gpio.o
                0x0020d66c                gpio_port_b_isr
 .text.gpio_port_c_isr
                0x0020d672        0x6 obj_zoul/gpio.o
                0x0020d672                gpio_port_c_isr
 .text.gpio_port_d_isr
                0x0020d678        0x6 obj_zoul/gpio.o
                0x0020d678                gpio_port_d_isr
 .text.ecb_crypt_start
                0x0020d67e       0x2a obj_zoul/ecb.o
                0x0020d67e                ecb_crypt_start
 .text.ecb_crypt_check_status
                0x0020d6a8       0x1a obj_zoul/ecb.o
                0x0020d6a8                ecb_crypt_check_status
 .text.ccm_auth_crypt_start
                0x0020d6c2       0x9a obj_zoul/ccm.o
 .text.ccm_auth_crypt_get_result
                0x0020d75c       0x46 obj_zoul/ccm.o
                0x0020d75c                ccm_auth_decrypt_get_result
 .text.ccm_auth_encrypt_start
                0x0020d7a2       0x3a obj_zoul/ccm.o
                0x0020d7a2                ccm_auth_encrypt_start
 .text.ccm_auth_encrypt_get_result
                0x0020d7dc        0xc obj_zoul/ccm.o
                0x0020d7dc                ccm_auth_encrypt_get_result
 .text.ccm_auth_decrypt_start
                0x0020d7e8       0x3e obj_zoul/ccm.o
                0x0020d7e8                ccm_auth_decrypt_start
 .text.send     0x0020d826       0x12 obj_zoul/cc2538-rf.o
 .text.putchar  0x0020d838       0x10 obj_zoul/dbg.o
                0x0020d838                putchar
 .text.dbg_send_bytes
                0x0020d848       0x20 obj_zoul/dbg.o
                0x0020d848                dbg_send_bytes
 .text.puts     0x0020d868       0x20 obj_zoul/dbg.o
                0x0020d868                puts
 .text.configure
                0x0020d888        0x4 obj_zoul/cc2538-temp-sensor.o
 .text.status   0x0020d88c        0x4 obj_zoul/cc2538-temp-sensor.o
 .text.value    0x0020d890       0x34 obj_zoul/cc2538-temp-sensor.o
 .text.configure
                0x0020d8c4        0x4 obj_zoul/vdd3-sensor.o
 .text.status   0x0020d8c8        0x4 obj_zoul/vdd3-sensor.o
 .text.value    0x0020d8cc       0x2a obj_zoul/vdd3-sensor.o
 .text.write_str
                0x0020d8f6       0x10 obj_zoul/dbg-printf.o
 .text.buffer_str
                0x0020d906       0x28 obj_zoul/dbg-snprintf.o
 .text.snprintf
                0x0020d92e       0x1a obj_zoul/dbg-snprintf.o
                0x0020d92e                snprintf
 .text.autostart_start
                0x0020d948       0x14 obj_zoul/autostart.o
                0x0020d948                autostart_start
 .text.energest_init
                0x0020d95c        0x2 obj_zoul/energest.o
                0x0020d95c                energest_init
 .text.etimer_set
                0x0020d95e       0x12 obj_zoul/etimer.o
                0x0020d95e                etimer_set
 .text.etimer_reset
                0x0020d970       0x12 obj_zoul/etimer.o
                0x0020d970                etimer_reset
 .text.etimer_restart
                0x0020d982       0x12 obj_zoul/etimer.o
                0x0020d982                etimer_restart
 .text.etimer_expired
                0x0020d994        0xa obj_zoul/etimer.o
                0x0020d994                etimer_expired
 .text.etimer_expiration_time
                0x0020d99e        0x6 obj_zoul/etimer.o
                0x0020d99e                etimer_expiration_time
 .text.call_process
                0x0020d9a4        0xc obj_zoul/process.o
 .text.rtimer_init
                0x0020d9b0        0x4 obj_zoul/rtimer.o
                0x0020d9b0                rtimer_init
 .text.stimer_set
                0x0020d9b4        0xe obj_zoul/stimer.o
                0x0020d9b4                stimer_set
 .text.timer_set
                0x0020d9c2        0xe obj_zoul/timer.o
                0x0020d9c2                timer_set
 .text.timer_reset
                0x0020d9d0        0xa obj_zoul/timer.o
                0x0020d9d0                timer_reset
 .text.timer_restart
                0x0020d9da        0xc obj_zoul/timer.o
                0x0020d9da                timer_restart
 .text.timer_expired
                0x0020d9e6       0x1c obj_zoul/timer.o
                0x0020d9e6                timer_expired
 .text.list_init
                0x0020da02        0x6 obj_zoul/list.o
                0x0020da02                list_init
 .text.list_head
                0x0020da08        0x4 obj_zoul/list.o
                0x0020da08                list_head
 .text.list_tail
                0x0020da0c       0x10 obj_zoul/list.o
                0x0020da0c                list_tail
 .text.list_remove
                0x0020da1c       0x28 obj_zoul/list.o
                0x0020da1c                list_remove
 .text.list_add
                0x0020da44       0x1e obj_zoul/list.o
                0x0020da44                list_add
 .text.list_push
                0x0020da62       0x12 obj_zoul/list.o
                0x0020da62                list_push
 .text.list_length
                0x0020da74        0xe obj_zoul/list.o
                0x0020da74                list_length
 .text.list_item_next
                0x0020da82        0x6 obj_zoul/list.o
                0x0020da82                list_item_next
 .text.memb_init
                0x0020da88       0x20 obj_zoul/memb.o
                0x0020da88                memb_init
 .text.memb_alloc
                0x0020daa8       0x28 obj_zoul/memb.o
                0x0020daa8                memb_alloc
 .text.memb_free
                0x0020dad0       0x2c obj_zoul/memb.o
                0x0020dad0                memb_free
 .text.memb_inmemb
                0x0020dafc       0x1c obj_zoul/memb.o
                0x0020dafc                memb_inmemb
 .text.memb_numfree
                0x0020db18       0x1c obj_zoul/memb.o
                0x0020db18                memb_numfree
 .text.ringbuf_init
                0x0020db34        0xe obj_zoul/ringbuf.o
                0x0020db34                ringbuf_init
 .text.ringbuf_put
                0x0020db42       0x28 obj_zoul/ringbuf.o
                0x0020db42                ringbuf_put
 .text.ringbuf_get
                0x0020db6a       0x20 obj_zoul/ringbuf.o
                0x0020db6a                ringbuf_get
 .text.chksum   0x0020db8a       0x38 obj_zoul/uip6.o
 .text.uip_icmp6chksum
                0x0020dbc2        0x6 obj_zoul/uip6.o
                0x0020dbc2                uip_icmp6chksum
 .text.uip_tcpchksum
                0x0020dbc8        0x6 obj_zoul/uip6.o
                0x0020dbc8                uip_tcpchksum
 .text.uip_udpchksum
                0x0020dbce        0x6 obj_zoul/uip6.o
                0x0020dbce                uip_udpchksum
 .text.uip_htons
                0x0020dbd4        0x6 obj_zoul/uip6.o
                0x0020dbd4                uip_htons
 .text.uip_htonl
                0x0020dbda       0x14 obj_zoul/uip6.o
                0x0020dbda                uip_htonl
 .text.uip_ds6_list_loop
                0x0020dbee       0x48 obj_zoul/uip-ds6.o
                0x0020dbee                uip_ds6_list_loop
 .text.uip_ds6_maddr_rm
                0x0020dc36        0x8 obj_zoul/uip-ds6.o
                0x0020dc36                uip_ds6_maddr_rm
 .text.uip_ds6_set_addr_iid
                0x0020dc3e       0x12 obj_zoul/uip-ds6.o
                0x0020dc3e                uip_ds6_set_addr_iid
 .text.get_match_length
                0x0020dc50       0x3a obj_zoul/uip-ds6.o
                0x0020dc50                get_match_length
 .text.uip_ds6_nbr_ipaddr_from_lladdr
                0x0020dc8a        0x4 obj_zoul/uip-ds6-nbr.o
                0x0020dc8a                uip_ds6_nbr_ipaddr_from_lladdr
 .text.uip_ds6_nbr_lladdr_from_ipaddr
                0x0020dc8e       0x12 obj_zoul/uip-ds6-nbr.o
                0x0020dc8e                uip_ds6_nbr_lladdr_from_ipaddr
 .text.uip_ds6_route_next
                0x0020dca0        0x8 obj_zoul/uip-ds6-route.o
                0x0020dca0                uip_ds6_route_next
 .text.rm_routelist_callback
                0x0020dca8        0x4 obj_zoul/uip-ds6-route.o
 .text.uip_nd6_init
                0x0020dcac        0x2 obj_zoul/uip-nd6.o
                0x0020dcac                uip_nd6_init
 .text.call_event
                0x0020dcae        0xe obj_zoul/tcp-socket.o
 .text.relisten
                0x0020dcbc       0x14 obj_zoul/tcp-socket.o
 .text.tcp_socket_send
                0x0020dcd0       0x36 obj_zoul/tcp-socket.o
                0x0020dcd0                tcp_socket_send
 .text.tcp_socket_close
                0x0020dd06       0x18 obj_zoul/tcp-socket.o
                0x0020dd06                tcp_socket_close
 .text.uiplib_ip6addrconv
                0x0020dd1e       0xb4 obj_zoul/uiplib.o
                0x0020dd1e                uiplib_ip6addrconv
 .text.rpl_remove_routes
                0x0020ddd2       0x1e obj_zoul/rpl.o
                0x0020ddd2                rpl_remove_routes
 .text.rpl_remove_routes_by_nexthop
                0x0020ddf0       0x30 obj_zoul/rpl.o
                0x0020ddf0                rpl_remove_routes_by_nexthop
 .text.rpl_add_route
                0x0020de20       0x2e obj_zoul/rpl.o
                0x0020de20                rpl_add_route
 .text.lollipop_greater_than
                0x0020de4e       0x34 obj_zoul/rpl-dag.o
 .text.check_prefix
                0x0020de82       0x58 obj_zoul/rpl-dag.o
 .text.rpl_rank_via_parent
                0x0020deda       0x1a obj_zoul/rpl-dag.o
                0x0020deda                rpl_rank_via_parent
 .text.rpl_get_parent_ipaddr
                0x0020def4        0xe obj_zoul/rpl-dag.o
                0x0020def4                rpl_get_parent_ipaddr
 .text.rpl_get_parent_link_stats
                0x0020df02        0xe obj_zoul/rpl-dag.o
                0x0020df02                rpl_get_parent_link_stats
 .text.rpl_parent_is_fresh
                0x0020df10        0xe obj_zoul/rpl-dag.o
                0x0020df10                rpl_parent_is_fresh
 .text.rpl_parent_is_reachable
                0x0020df1e       0x36 obj_zoul/rpl-dag.o
                0x0020df1e                rpl_parent_is_reachable
 .text.rpl_set_prefix
                0x0020df54       0x6c obj_zoul/rpl-dag.o
                0x0020df54                rpl_set_prefix
 .text.rpl_set_default_route
                0x0020dfc0       0x30 obj_zoul/rpl-dag.o
                0x0020dfc0                rpl_set_default_route
 .text.rpl_find_parent
                0x0020dff0       0x16 obj_zoul/rpl-dag.o
                0x0020dff0                rpl_find_parent
 .text.rpl_find_parent_any_dag
                0x0020e006       0x1e obj_zoul/rpl-dag.o
                0x0020e006                rpl_find_parent_any_dag
 .text.rpl_select_parent
                0x0020e024       0x4a obj_zoul/rpl-dag.o
                0x0020e024                rpl_select_parent
 .text.rpl_select_dag
                0x0020e06e      0x15c obj_zoul/rpl-dag.o
                0x0020e06e                rpl_select_dag
 .text.rpl_nullify_parent
                0x0020e1ca       0x54 obj_zoul/rpl-dag.o
                0x0020e1ca                rpl_nullify_parent
 .text.nbr_callback
                0x0020e21e        0x4 obj_zoul/rpl-dag.o
 .text.rpl_free_dag
                0x0020e222       0x3a obj_zoul/rpl-dag.o
                0x0020e222                rpl_free_dag
 .text.rpl_move_parent
                0x0020e25c       0x54 obj_zoul/rpl-dag.o
                0x0020e25c                rpl_move_parent
 .text.rpl_repair_root
                0x0020e2b0       0x48 obj_zoul/rpl-dag.o
                0x0020e2b0                rpl_repair_root
 .text.rpl_alloc_dag
                0x0020e2f8       0x48 obj_zoul/rpl-dag.o
                0x0020e2f8                rpl_alloc_dag
 .text.rpl_process_parent_event
                0x0020e340       0x96 obj_zoul/rpl-dag.o
                0x0020e340                rpl_process_parent_event
 .text.rpl_add_dag
                0x0020e3d6      0x112 obj_zoul/rpl-dag.o
                0x0020e3d6                rpl_add_dag
 .text.rpl_process_dio
                0x0020e4e8      0x2e6 obj_zoul/rpl-dag.o
                0x0020e4e8                rpl_process_dio
 .text.get32    0x0020e7ce       0x18 obj_zoul/rpl-icmp6.o
 .text.set32    0x0020e7e6       0x12 obj_zoul/rpl-icmp6.o
 .text.get16    0x0020e7f8        0xc obj_zoul/rpl-icmp6.o
 .text.set16    0x0020e804        0xa obj_zoul/rpl-icmp6.o
 .text.rpl_icmp6_update_nbr_table
                0x0020e80e       0x2e obj_zoul/rpl-icmp6.o
                0x0020e80e                rpl_icmp6_update_nbr_table
 .text.reset    0x0020e83c        0x2 obj_zoul/rpl-mrhof.o
 .text.update_metric_container
                0x0020e83e        0x6 obj_zoul/rpl-mrhof.o
 .text.parent_link_metric
                0x0020e844       0x12 obj_zoul/rpl-mrhof.o
 .text.parent_has_usable_link
                0x0020e856       0x12 obj_zoul/rpl-mrhof.o
 .text.best_dag
                0x0020e868       0x2c obj_zoul/rpl-mrhof.o
 .text.parent_path_cost
                0x0020e894       0x34 obj_zoul/rpl-mrhof.o
 .text.parent_is_acceptable
                0x0020e8c8       0x26 obj_zoul/rpl-mrhof.o
 .text.rank_via_parent
                0x0020e8ee       0x34 obj_zoul/rpl-mrhof.o
 .text.best_parent
                0x0020e922       0x68 obj_zoul/rpl-mrhof.o
 .text.handle_unicast_dio_timer
                0x0020e98a       0x1c obj_zoul/rpl-timers.o
 .text.rpl_reset_dio_timer
                0x0020e9a6       0x1c obj_zoul/rpl-timers.o
                0x0020e9a6                rpl_reset_dio_timer
 .text.rpl_schedule_dao
                0x0020e9c2        0x8 obj_zoul/rpl-timers.o
                0x0020e9c2                rpl_schedule_dao
 .text.get_probing_delay
                0x0020e9ca       0x3a obj_zoul/rpl-timers.o
                0x0020e9ca                get_probing_delay
 .text.handle_probing_timer
                0x0020ea04       0x32 obj_zoul/rpl-timers.o
 .text.linkaddr_copy
                0x0020ea36        0xa obj_zoul/linkaddr.o
                0x0020ea36                linkaddr_copy
 .text.linkaddr_cmp
                0x0020ea40       0x10 obj_zoul/linkaddr.o
                0x0020ea40                linkaddr_cmp
 .text.link_stats_is_fresh
                0x0020ea50       0x24 obj_zoul/link-stats.o
                0x0020ea50                link_stats_is_fresh
 .text.item_from_key
                0x0020ea74       0x22 obj_zoul/nbr-table.o
 .text.nbr_set_bit
                0x0020ea96       0x38 obj_zoul/nbr-table.o
 .text.nbr_table_next
                0x0020eace       0x3e obj_zoul/nbr-table.o
                0x0020eace                nbr_table_next
 .text.nbr_table_get_from_lladdr
                0x0020eb0c       0x32 obj_zoul/nbr-table.o
                0x0020eb0c                nbr_table_get_from_lladdr
 .text.nbr_table_get_lladdr
                0x0020eb3e       0x20 obj_zoul/nbr-table.o
                0x0020eb3e                nbr_table_get_lladdr
 .text.queuebuf_update_attr_from_packetbuf
                0x0020eb5e        0xc obj_zoul/queuebuf.o
                0x0020eb5e                queuebuf_update_attr_from_packetbuf
 .text.queuebuf_attr
                0x0020eb6a        0xc obj_zoul/queuebuf.o
                0x0020eb6a                queuebuf_attr
 .text.packet_sent
                0x0020eb76       0xca obj_zoul/csma.o
 .text.frame802154_has_panid
                0x0020ec40       0x62 obj_zoul/frame802154.o
                0x0020ec40                frame802154_has_panid
 .text.field_len
                0x0020eca2       0xa2 obj_zoul/frame802154.o
 .text.frame802154_is_broadcast_addr
                0x0020ed44       0x1e obj_zoul/frame802154.o
                0x0020ed44                frame802154_is_broadcast_addr
 .text.frame802154_hdrlen
                0x0020ed62       0x32 obj_zoul/frame802154.o
                0x0020ed62                frame802154_hdrlen
 .text.frame802154_create
                0x0020ed94      0x120 obj_zoul/frame802154.o
                0x0020ed94                frame802154_create
 .text.parse    0x0020eeb4       0xb8 obj_zoul/framer-802154.o
 .text.create   0x0020ef6c        0x6 obj_zoul/framer-802154.o
 .text.hdr_length
                0x0020ef72        0x6 obj_zoul/framer-802154.o
 .text.mac_call_sent_callback
                0x0020ef78       0x16 obj_zoul/mac.o
                0x0020ef78                mac_call_sent_callback
 .text.channel_check_interval
                0x0020ef8e        0x4 obj_zoul/nullrdc.o
 .text.init     0x0020ef92        0x4 obj_zoul/nullrdc.o
 .text.send_list
                0x0020ef96       0x20 obj_zoul/nullrdc.o
 .text.send_packet
                0x0020efb6        0x4 obj_zoul/nullrdc.o
 .text.anti_replay_get_counter
                0x0020efba       0x1c obj_zoul/anti-replay.o
                0x0020efba                anti_replay_get_counter
 .text.anti_replay_init_info
                0x0020efd6        0xe obj_zoul/anti-replay.o
                0x0020efd6                anti_replay_init_info
 .text.anti_replay_was_replayed
                0x0020efe4       0x2a obj_zoul/anti-replay.o
                0x0020efe4                anti_replay_was_replayed
 .text.add_security_header
                0x0020f00e       0x16 obj_zoul/noncoresec.o
 .text.publish_led_off
                0x0020f024        0x6 mqtt-example.co
 *(SORT(.rodata*))
 *fill*         0x0020f02a        0x2 00000000
 .rodata.dht22  0x0020f02c       0x10 obj_zoul/dht22.o
                0x0020f02c                dht22
 .rodata.button_sensor
                0x0020f03c       0x10 obj_zoul/button-sensor.o
                0x0020f03c                button_sensor
 .rodata.uart_regs
                0x0020f04c       0x58 obj_zoul/uart.o
 .rodata.reset_cause.4692
                0x0020f0a4       0x10 obj_zoul/sys-ctrl.o
 .rodata.cc2538_aes_128_driver
                0x0020f0b4        0x8 obj_zoul/cc2538-aes-128.o
                0x0020f0b4                cc2538_aes_128_driver
 .rodata.cc2538_ccm_star_driver
                0x0020f0bc        0x8 obj_zoul/cc2538-ccm-star.o
                0x0020f0bc                cc2538_ccm_star_driver
 .rodata.output_power
                0x0020f0c4       0x70 obj_zoul/cc2538-rf.o
 .rodata.cc2538_rf_driver
                0x0020f134       0x38 obj_zoul/cc2538-rf.o
                0x0020f134                cc2538_rf_driver
 .rodata.cc2538_temp_sensor
                0x0020f16c       0x10 obj_zoul/cc2538-temp-sensor.o
                0x0020f16c                cc2538_temp_sensor
 .rodata.vdd3_sensor
                0x0020f17c       0x10 obj_zoul/vdd3-sensor.o
                0x0020f17c                vdd3_sensor
 .rodata.sicslowpan_driver
                0x0020f18c        0xc obj_zoul/sicslowpan.o
                0x0020f18c                sicslowpan_driver
 .rodata.csma_driver
                0x0020f198       0x1c obj_zoul/csma.o
                0x0020f198                csma_driver
 .rodata.framer_802154
                0x0020f1b4        0xc obj_zoul/framer-802154.o
                0x0020f1b4                framer_802154
 .rodata.nullrdc_driver
                0x0020f1c0       0x20 obj_zoul/nullrdc.o
                0x0020f1c0                nullrdc_driver
 .rodata.noncoresec_driver
                0x0020f1e0       0x10 obj_zoul/noncoresec.o
                0x0020f1e0                noncoresec_driver
 .rodata.noncoresec_framer
                0x0020f1f0        0xc obj_zoul/noncoresec.o
                0x0020f1f0                noncoresec_framer
 .rodata.autostart_processes
                0x0020f1fc        0x8 mqtt-example.co
                0x0020f1fc                autostart_processes
 .rodata.str1.1
                0x0020f204       0x14 obj_zoul/mqtt.o
 .rodata.str1.1
                0x0020f218        0xd obj_zoul/dht22.o
 .rodata.str1.1
                0x0020f225       0x72 obj_zoul/contiki-main.o
                                 0x7e (size before relaxing)
 .rodata.str1.1
                0x0020f297        0x7 obj_zoul/button-sensor.o
 .rodata.str1.1
                0x0020f29e       0x94 obj_zoul/soc.o
 .rodata.str1.1
                0x0020f332       0x2d obj_zoul/sys-ctrl.o
 .rodata.str1.1
                0x0020f35f       0x11 obj_zoul/cc2538-rf.o
 .rodata.str1.1
                0x0020f370       0x14 obj_zoul/cc2538-temp-sensor.o
 .rodata.str1.1
                0x0020f384        0x5 obj_zoul/vdd3-sensor.o
 .rodata.buffer.4159
                0x0020f389       0x10 obj_zoul/strformat.o
 .rodata.str1.1
                0x0020f399       0x35 obj_zoul/strformat.o
                                 0x37 (size before relaxing)
 .rodata.buffer.4150
                0x0020f3ce       0x10 obj_zoul/strformat.o
 .rodata.str1.1
                0x0020f3de        0xf obj_zoul/ctimer.o
 .rodata.str1.1
                0x0020f3ed        0xc obj_zoul/etimer.o
 .rodata.str1.1
                0x0020f3f9        0xe obj_zoul/serial-line.o
 .rodata.str1.1
                0x0020f407        0x8 obj_zoul/sensors.o
 .rodata        0x0020f40f        0x2 obj_zoul/sicslowpan.o
 .rodata.ttl_values
                0x0020f411        0x4 obj_zoul/sicslowpan.o
 .rodata.unc_llconf
                0x0020f415        0x4 obj_zoul/sicslowpan.o
                0x0020f415                unc_llconf
 .rodata.llprefix
                0x0020f419        0x2 obj_zoul/sicslowpan.o
                0x0020f419                llprefix
 .rodata.unc_mxconf
                0x0020f41b        0x4 obj_zoul/sicslowpan.o
                0x0020f41b                unc_mxconf
 .rodata.str1.1
                0x0020f41f        0xb obj_zoul/sicslowpan.o
 .rodata.unc_ctxconf
                0x0020f42a        0x4 obj_zoul/sicslowpan.o
                0x0020f42a                unc_ctxconf
 .rodata.str1.1
                0x0020f42e        0xd obj_zoul/tcpip.o
 .rodata.str1.1
                0x0020f43b       0x99 obj_zoul/tcp-socket.o
 .rodata.str1.1
                0x0020f4d4       0x28 obj_zoul/uip-debug.o
 .rodata.linkaddr_null
                0x0020f4fc        0x8 obj_zoul/linkaddr.o
                0x0020f4fc                linkaddr_null
 .rodata.str1.1
                0x0020f504        0x5 obj_zoul/csma.o
 .rodata.str1.1
                0x0020f509        0x8 obj_zoul/nullrdc.o
 .rodata.str1.1
                0x0020f511        0xb obj_zoul/noncoresec.o
 .rodata.str1.1
                0x0020f51c      0x4a8 mqtt-example.co
                                0x4d5 (size before relaxing)
                0x0020f9c4                _etext = .

.glue_7         0x0020f9c4        0x0
 .glue_7        0x00000000        0x0 linker stubs

.glue_7t        0x0020f9c4        0x0
 .glue_7t       0x00000000        0x0 linker stubs

.vfp11_veneer   0x0020f9c4        0x0
 .vfp11_veneer  0x00000000        0x0 linker stubs

.v4_bx          0x0020f9c4        0x0
 .v4_bx         0x00000000        0x0 linker stubs

.iplt           0x0020f9c4        0x0
 .iplt          0x00000000        0x0 obj_zoul/startup-gcc.o

.socdata        0x20004000       0x40
 *(SORT(.udma_channel_control_table))
 .udma_channel_control_table
                0x20004000       0x40 obj_zoul/udma.o

.data           0x20004040      0x1f5 load address 0x0020f9c4
                0x20004040                _data = .
 *(SORT(.data*))
 .data.mqtt_process
                0x20004040       0x10 obj_zoul/mqtt.o
                0x20004040                mqtt_process
 .data.sensors  0x20004050       0x10 obj_zoul/zoul-sensors.o
                0x20004050                sensors
 .data.cc2538_rf_process
                0x20004060       0x10 obj_zoul/cc2538-rf.o
                0x20004060                cc2538_rf_process
 .data.ctxt     0x20004070        0x8 obj_zoul/dbg-printf.o
 .data.ctimer_process
                0x20004078       0x10 obj_zoul/ctimer.o
                0x20004078                ctimer_process
 .data.etimer_process
                0x20004088       0x10 obj_zoul/etimer.o
                0x20004088                etimer_process
 .data.serial_line_process
                0x20004098       0x10 obj_zoul/serial-line.o
                0x20004098                serial_line_process
 .data.sensors_process
                0x200040a8       0x10 obj_zoul/sensors.o
                0x200040a8                sensors_process
 .data.ds6_neighbors
                0x200040b8        0x4 obj_zoul/uip-ds6-nbr.o
                0x200040b8                ds6_neighbors
 .data.ds6_neighbors_struct
                0x200040bc       0x10 obj_zoul/uip-ds6-nbr.o
 .data.defaultroutermemb
                0x200040cc        0xc obj_zoul/uip-ds6-route.o
 .data.nbr_routes_struct
                0x200040d8       0x10 obj_zoul/uip-ds6-route.o
 .data.nbr_routes
                0x200040e8        0x4 obj_zoul/uip-ds6-route.o
                0x200040e8                nbr_routes
 .data.routememb
                0x200040ec        0xc obj_zoul/uip-ds6-route.o
 .data.neighborroutememb
                0x200040f8        0xc obj_zoul/uip-ds6-route.o
 .data.echo_request_handler
                0x20004104        0xc obj_zoul/uip-icmp6.o
 .data.echo_reply_handler
                0x20004110        0xc obj_zoul/uip-icmp6.o
 .data.tcpip_process
                0x2000411c       0x10 obj_zoul/tcpip.o
                0x2000411c                tcpip_process
 .data.tcp_socket_process
                0x2000412c       0x10 obj_zoul/tcp-socket.o
                0x2000412c                tcp_socket_process
 .data.rpl_parents
                0x2000413c        0x4 obj_zoul/rpl-dag.o
                0x2000413c                rpl_parents
 .data.rpl_parents_struct
                0x20004140       0x10 obj_zoul/rpl-dag.o
 .data.dao_ack_handler
                0x20004150        0xc obj_zoul/rpl-icmp6.o
 .data.dis_handler
                0x2000415c        0xc obj_zoul/rpl-icmp6.o
 .data.dao_handler
                0x20004168        0xc obj_zoul/rpl-icmp6.o
 .data.dio_handler
                0x20004174        0xc obj_zoul/rpl-icmp6.o
 .data.rpl_mrhof
                0x20004180       0x24 obj_zoul/rpl-mrhof.o
                0x20004180                rpl_mrhof
 .data.link_stats_struct
                0x200041a4       0x10 obj_zoul/link-stats.o
 .data.neighbor_addr_mem
                0x200041b4        0xc obj_zoul/nbr-table.o
 .data.bufmem   0x200041c0        0xc obj_zoul/queuebuf.o
 .data.buframmem
                0x200041cc        0xc obj_zoul/queuebuf.o
 .data.metadata_memb
                0x200041d8        0xc obj_zoul/csma.o
 .data.neighbor_memb
                0x200041e4        0xc obj_zoul/csma.o
 .data.packet_memb
                0x200041f0        0xc obj_zoul/csma.o
 .data.anti_replay_table_struct
                0x200041fc       0x10 obj_zoul/noncoresec.o
 .data.treshold
                0x2000420c        0x4 mqtt-example.co
                0x2000420c                treshold
 .data.mqtt_demo_process
                0x20004210       0x10 mqtt-example.co
                0x20004210                mqtt_demo_process
 .data.mac_pan_id
                0x20004220        0x2 obj_zoul/frame802154.o
 .data.send_on_cca
                0x20004222        0x1 obj_zoul/cc2538-rf.o
 .data.rf_channel
                0x20004223        0x1 obj_zoul/cc2538-rf.o
 .data.dao_sequence
                0x20004224        0x1 obj_zoul/rpl-icmp6.o
 .data.key      0x20004225       0x10 obj_zoul/noncoresec.o
                0x20004235                _edata = .
                0x0020f9c4                _ldata = LOADADDR (.data)

.igot.plt       0x20004238        0x0 load address 0x0020fbb9
 .igot.plt      0x00000000        0x0 obj_zoul/startup-gcc.o

.ARM.exidx      0x0020fbbc        0x8
 *(SORT(.ARM.exidx*))
 .ARM.exidx     0x0020fbbc        0x8 /usr/bin/../lib/gcc/arm-none-eabi/4.9.3/armv7-m/libgcc.a(_divdi3.o)
 .ARM.exidx     0x0020fbc4        0x0 /usr/bin/../lib/gcc/arm-none-eabi/4.9.3/armv7-m/libgcc.a(_udivdi3.o)
                                  0x8 (size before relaxing)

.bss            0x20004238     0x2f34
                0x20004238                _bss = .
 *(SORT(.bss*))
 .bss.rt_ticks_startup
                0x20004238        0x8 obj_zoul/clock.o
 .bss.rt_ticks_epoch
                0x20004240        0x8 obj_zoul/clock.o
 .bss.conn.8773
                0x20004248        0x4 obj_zoul/mqtt.o
 .bss.mqtt_conn_list_list
                0x2000424c        0x4 obj_zoul/mqtt.o
 .bss.press_counter
                0x20004250       0x20 obj_zoul/button-sensor.o
 .bss.debouncetimer
                0x20004270        0x8 obj_zoul/button-sensor.o
 .bss.press_duration
                0x20004278        0x4 obj_zoul/button-sensor.o
 .bss.next_trigger
                0x2000427c        0x4 obj_zoul/rtimer-arch.o
 .bss.input_handler
                0x20004280        0x8 obj_zoul/uart.o
 .bss.interrupt_disable
                0x20004288        0x4 obj_zoul/nvic.o
 .bss.interrupt_pend
                0x2000428c        0x4 obj_zoul/nvic.o
 .bss.interrupt_unpend
                0x20004290        0x4 obj_zoul/nvic.o
 .bss.interrupt_enable
                0x20004294        0x4 obj_zoul/nvic.o
 .bss.gpio_callbacks
                0x20004298       0x80 obj_zoul/gpio.o
 .bss.ioc_sel   0x20004318        0x4 obj_zoul/ioc.o
 .bss.ioc_over  0x2000431c        0x4 obj_zoul/ioc.o
 .bss.notification_process
                0x20004320        0x4 obj_zoul/crypto.o
 .bss.periph_permit_pm1_funcs
                0x20004324       0x14 obj_zoul/lpm.o
 .bss.notification_process
                0x20004338        0x4 obj_zoul/pka.o
 .bss.ctimer_list_list
                0x2000433c        0x4 obj_zoul/ctimer.o
 .bss.timerlist
                0x20004340        0x4 obj_zoul/etimer.o
 .bss.next_expiration
                0x20004344        0x4 obj_zoul/etimer.o
 .bss.process_current
                0x20004348        0x4 obj_zoul/process.o
                0x20004348                process_current
 .bss.process_list
                0x2000434c        0x4 obj_zoul/process.o
                0x2000434c                process_list
 .bss.events    0x20004350      0x180 obj_zoul/process.o
 .bss.next_rtimer
                0x200044d0        0x4 obj_zoul/rtimer.o
 .bss.rxbuf     0x200044d4        0x8 obj_zoul/serial-line.o
 .bss.ptr.4707  0x200044dc        0x4 obj_zoul/serial-line.o
 .bss.i.4722    0x200044e0        0x4 obj_zoul/sensors.o
 .bss.events.4723
                0x200044e4        0x4 obj_zoul/sensors.o
 .bss.context   0x200044e8        0x4 obj_zoul/sicslowpan.o
 .bss.last_rssi
                0x200044ec        0x4 obj_zoul/sicslowpan.o
 .bss.hc06_ptr  0x200044f0        0x4 obj_zoul/sicslowpan.o
 .bss.packetbuf_ptr
                0x200044f4        0x4 obj_zoul/sicslowpan.o
 .bss.packetbuf_payload_len
                0x200044f8        0x4 obj_zoul/sicslowpan.o
 .bss.last_tx_status
                0x200044fc        0x4 obj_zoul/sicslowpan.o
 .bss.callback  0x20004500        0x4 obj_zoul/sicslowpan.o
 .bss.frag_info
                0x20004504      0x170 obj_zoul/sicslowpan.o
 .bss.locmaddr  0x20004674        0x4 obj_zoul/uip-ds6.o
 .bss.locprefix
                0x20004678        0x4 obj_zoul/uip-ds6.o
 .bss.locaddr   0x2000467c        0x4 obj_zoul/uip-ds6.o
 .bss.defaultroutermemb_memb_mem
                0x20004680       0x40 obj_zoul/uip-ds6-route.o
 .bss.num_routes
                0x200046c0        0x4 obj_zoul/uip-ds6-route.o
 .bss.defaultrouterlist_list
                0x200046c4        0x4 obj_zoul/uip-ds6-route.o
 .bss._nbr_routes_mem
                0x200046c8       0x50 obj_zoul/uip-ds6-route.o
 .bss.routelist_list
                0x20004718        0x4 obj_zoul/uip-ds6-route.o
 .bss.routememb_memb_mem
                0x2000471c      0x190 obj_zoul/uip-ds6-route.o
 .bss.neighborroutememb_memb_mem
                0x200048ac       0x50 obj_zoul/uip-ds6-route.o
 .bss.notificationlist_list
                0x200048fc        0x4 obj_zoul/uip-ds6-route.o
 .bss.echo_reply_callback_list_list
                0x20004900        0x4 obj_zoul/uip-icmp6.o
 .bss.input_handler_list_list
                0x20004904        0x4 obj_zoul/uip-icmp6.o
 .bss.s         0x20004908       0x44 obj_zoul/tcpip.o
 .bss.periodic  0x2000494c       0x10 obj_zoul/tcpip.o
 .bss.outputfunc
                0x2000495c        0x4 obj_zoul/tcpip.o
 .bss.socketlist_list
                0x20004960        0x4 obj_zoul/tcp-socket.o
 .bss._rpl_parents_mem
                0x20004964       0x50 obj_zoul/rpl-dag.o
 .bss.periodic_timer
                0x200049b4       0x20 obj_zoul/rpl-nbr-policy.o
 .bss.timer_init
                0x200049d4        0x4 obj_zoul/rpl-nbr-policy.o
 .bss.num_children
                0x200049d8        0x4 obj_zoul/rpl-nbr-policy.o
 .bss.worst_rank_nbr
                0x200049dc        0x4 obj_zoul/rpl-nbr-policy.o
 .bss.num_free  0x200049e0        0x4 obj_zoul/rpl-nbr-policy.o
 .bss.num_parents
                0x200049e4        0x4 obj_zoul/rpl-nbr-policy.o
 .bss.periodic_timer
                0x200049e8       0x20 obj_zoul/rpl-timers.o
 .bss._link_stats_mem
                0x20004a08       0x78 obj_zoul/link-stats.o
 .bss.nbr_table_keys_list
                0x20004a80        0x4 obj_zoul/nbr-table.o
 .bss.neighbor_addr_mem_memb_mem
                0x20004a84       0x78 obj_zoul/nbr-table.o
 .bss.all_tables
                0x20004afc       0x20 obj_zoul/nbr-table.o
 .bss.num_tables
                0x20004b1c        0x4 obj_zoul/nbr-table.o
 .bss.packetbuf_aligned
                0x20004b20       0x80 obj_zoul/packetbuf.o
 .bss.bufmem_memb_mem
                0x20004ba0       0x20 obj_zoul/queuebuf.o
 .bss.metadata_memb_memb_mem
                0x20004bc0       0x60 obj_zoul/csma.o
 .bss.neighbor_list_list
                0x20004c20        0x4 obj_zoul/csma.o
 .bss.packet_memb_memb_mem
                0x20004c24       0x60 obj_zoul/csma.o
 .bss.neighbor_memb_memb_mem
                0x20004c84       0x70 obj_zoul/csma.o
 .bss.counter   0x20004cf4        0x4 obj_zoul/anti-replay.o
 .bss._anti_replay_table_mem
                0x20004cf8       0x50 obj_zoul/noncoresec.o
 .bss.conn      0x20004d48      0x760 mqtt-example.co
 .bss.buf_ptr   0x200054a8        0x4 mqtt-example.co
 .bss.conf      0x200054ac       0x70 mqtt-example.co
 .bss.msg_ptr   0x2000551c        0x4 mqtt-example.co
 .bss.ct        0x20005520       0x20 mqtt-example.co
 .bss.publish_periodic_timer
                0x20005540       0x10 mqtt-example.co
 .bss.connection_life
                0x20005550        0x8 mqtt-example.co
 .bss.my_tag    0x20005558        0x2 obj_zoul/sicslowpan.o
 .bss.lastport  0x2000555a        0x2 obj_zoul/uip6.o
 .bss.loc_fipaddr
                0x2000555c       0x10 obj_zoul/uip-ds6.o
 .bss._ds6_neighbors_mem
                0x2000556c       0xb4 obj_zoul/uip-ds6-nbr.o
 .bss.tmp_ipaddr
                0x20005620       0x10 obj_zoul/uip-icmp6.o
 .bss.worst_rank
                0x20005630        0x2 obj_zoul/rpl-nbr-policy.o
 .bss.next_dis  0x20005632        0x2 obj_zoul/rpl-timers.o
 .bss.buflen    0x20005634        0x2 obj_zoul/packetbuf.o
 .bss.bufptr    0x20005636        0x2 obj_zoul/packetbuf.o
 .bss.buframmem_memb_mem
                0x20005638      0x5b0 obj_zoul/queuebuf.o
 .bss.seqno.6274
                0x20005be8        0x2 obj_zoul/csma.o
 .bss.seq_nr_value
                0x20005bea        0x2 mqtt-example.co
 .bss.mqtt_do_pingreq_event
                0x20005bec        0x1 obj_zoul/mqtt.o
 .bss.mqtt_event_min
                0x20005bed        0x1 obj_zoul/mqtt.o
 .bss.mqtt_event_max
                0x20005bee        0x1 obj_zoul/mqtt.o
 .bss.mqtt_do_connect_mqtt_event
                0x20005bef        0x1 obj_zoul/mqtt.o
 .bss.mqtt_do_publish_event
                0x20005bf0        0x1 obj_zoul/mqtt.o
 .bss.mqtt_continue_send_event
                0x20005bf1        0x1 obj_zoul/mqtt.o
 .bss.mqtt_do_disconnect_mqtt_event
                0x20005bf2        0x1 obj_zoul/mqtt.o
 .bss.mqtt_abort_now_event
                0x20005bf3        0x1 obj_zoul/mqtt.o
 .bss.inited.8805
                0x20005bf4        0x1 obj_zoul/mqtt.o
 .bss.mqtt_do_subscribe_event
                0x20005bf5        0x1 obj_zoul/mqtt.o
 .bss.mqtt_do_unsubscribe_event
                0x20005bf6        0x1 obj_zoul/mqtt.o
 .bss.mqtt_do_connect_tcp_event
                0x20005bf7        0x1 obj_zoul/mqtt.o
 .bss.enabled   0x20005bf8        0x1 obj_zoul/dht22.o
 .bss.busy      0x20005bf9        0x1 obj_zoul/dht22.o
 .bss.dht22_data
                0x20005bfa        0x5 obj_zoul/dht22.o
 .bss.leds      0x20005bff        0x1 obj_zoul/leds.o
 .bss.press_event_counter
                0x20005c00        0x1 obj_zoul/button-sensor.o
 .bss.initialized
                0x20005c01        0x1 obj_zoul/antenna-sw.o
 .bss.crc_corr  0x20005c02        0x1 obj_zoul/cc2538-rf.o
 .bss.rssi      0x20005c03        0x1 obj_zoul/cc2538-rf.o
 .bss.poll_mode
                0x20005c04        0x1 obj_zoul/cc2538-rf.o
 .bss.rf_flags  0x20005c05        0x1 obj_zoul/cc2538-rf.o
 .bss.max_pm    0x20005c06        0x1 obj_zoul/lpm.o
 .bss.initialized
                0x20005c07        0x1 obj_zoul/ctimer.o
 .bss.fevent    0x20005c08        0x1 obj_zoul/process.o
 .bss.nevents   0x20005c09        0x1 obj_zoul/process.o
 .bss.poll_requested
                0x20005c0a        0x1 obj_zoul/process.o
 .bss.lastevent
                0x20005c0b        0x1 obj_zoul/process.o
 .bss.overflow.4700
                0x20005c0c        0x1 obj_zoul/serial-line.o
 .bss.rxbuf_data
                0x20005c0d       0x80 obj_zoul/serial-line.o
 .bss.buf.4706  0x20005c8d       0x80 obj_zoul/serial-line.o
 .bss.num_sensors
                0x20005d0d        0x1 obj_zoul/sensors.o
 .bss.uncomp_hdr_len
                0x20005d0e        0x1 obj_zoul/sicslowpan.o
 .bss.addr_contexts
                0x20005d0f        0xa obj_zoul/sicslowpan.o
 .bss.frag_buf  0x20005d19      0x54c obj_zoul/sicslowpan.o
 .bss.packetbuf_hdr_len
                0x20006265        0x1 obj_zoul/sicslowpan.o
 .bss.uip_ext_len
                0x20006266        0x1 obj_zoul/uip6.o
                0x20006266                uip_ext_len
 .bss.uip_ext_bitmap
                0x20006267        0x1 obj_zoul/uip6.o
                0x20006267                uip_ext_bitmap
 .bss.iss       0x20006268        0x4 obj_zoul/uip6.o
 .bss.uip_ext_opt_offset
                0x2000626c        0x1 obj_zoul/uip6.o
                0x2000626c                uip_ext_opt_offset
 .bss.defaultroutermemb_memb_count
                0x2000626d        0x2 obj_zoul/uip-ds6-route.o
 .bss.neighborroutememb_memb_count
                0x2000626f        0xa obj_zoul/uip-ds6-route.o
 .bss.routememb_memb_count
                0x20006279        0xa obj_zoul/uip-ds6-route.o
 .bss.inited.7603
                0x20006283        0x1 obj_zoul/tcp-socket.o
 .bss.mode      0x20006284        0x1 obj_zoul/rpl.o
 .bss.dio_send_ok
                0x20006285        0x1 obj_zoul/rpl-timers.o
 .bss.neighbor_addr_mem_memb_count
                0x20006286        0xa obj_zoul/nbr-table.o
 .bss.locked_map
                0x20006290        0xa obj_zoul/nbr-table.o
 .bss.used_map  0x2000629a        0xa obj_zoul/nbr-table.o
 .bss.hdrlen    0x200062a4        0x1 obj_zoul/packetbuf.o
 .bss.buframmem_memb_count
                0x200062a5        0x8 obj_zoul/queuebuf.o
 .bss.bufmem_memb_count
                0x200062ad        0x8 obj_zoul/queuebuf.o
 .bss.packet_memb_memb_count
                0x200062b5        0x8 obj_zoul/csma.o
 .bss.metadata_memb_memb_count
                0x200062bd        0x8 obj_zoul/csma.o
 .bss.initialized.6273
                0x200062c5        0x1 obj_zoul/csma.o
 .bss.neighbor_memb_memb_count
                0x200062c6        0x2 obj_zoul/csma.o
 .bss.mac_dsn   0x200062c8        0x1 obj_zoul/framer-802154.o
 .bss.initialized
                0x200062c9        0x1 obj_zoul/framer-802154.o
 .bss.pub_topic
                0x200062ca       0x40 mqtt-example.co
 .bss.state     0x2000630a        0x1 mqtt-example.co
 .bss.sub_topic
                0x2000630b       0x40 mqtt-example.co
 .bss.connect_attempt
                0x2000634b        0x1 mqtt-example.co
 .bss.app_buffer
                0x2000634c      0x200 mqtt-example.co
 .bss.client_id
                0x2000654c       0x40 mqtt-example.co
 *(SORT(COMMON))
 COMMON         0x2000658c      0x878 obj_zoul/uip6.o
                0x2000658c                uip_len
                0x20006590                uip_sappdata
                0x20006594                uip_acc32
                0x20006598                uip_lladdr
                0x200065a0                uip_aligned_buf
                0x20006ab4                uip_flags
                0x20006ab8                uip_next_hdr
                0x20006abc                uip_udp_conn
                0x20006ac0                uip_appdata
                0x20006ac4                uip_conn
                0x20006ac8                uip_conns
                0x20006ca8                uip_icmp6_conns
                0x20006cb0                uip_listenports
                0x20006cc0                uip_slen
                0x20006cc4                uip_udp_conns
 COMMON         0x20006e04      0x174 obj_zoul/uip-ds6.o
                0x20006e04                uip_ds6_timer_ra
                0x20006e0c                uip_ds6_if
                0x20006f04                uip_ds6_netif_addr_list_offset
                0x20006f05                uip_ds6_addr_size
                0x20006f08                uip_ds6_prefix_list
                0x20006f68                uip_ds6_timer_periodic
 COMMON         0x20006f78      0x158 obj_zoul/rpl-dag.o
                0x20006f78                default_instance
                0x20006f7c                instance_table
 COMMON         0x200070d0       0x20 obj_zoul/link-stats.o
                0x200070d0                periodic_timer
 COMMON         0x200070f0       0x34 obj_zoul/packetbuf.o
                0x200070f0                packetbuf_addrs
                0x20007100                packetbuf_attrs
 COMMON         0x20007124       0x36 mqtt-example.co
                0x20007124                temperature
                0x20007126                mac
                0x20007158                humidity
 COMMON         0x2000715a        0x1 obj_zoul/mqtt.o
                0x2000715a                mqtt_update_event
 COMMON         0x2000715b        0x1 obj_zoul/button-sensor.o
                0x2000715b                button_press_duration_exceeded
 COMMON         0x2000715c        0x4 obj_zoul/zoul-sensors.o
                0x2000715c                sensors_flags
 COMMON         0x20007160        0x1 obj_zoul/serial-line.o
                0x20007160                serial_line_event_message
 COMMON         0x20007161        0x1 obj_zoul/sensors.o
                0x20007161                sensors_event
 COMMON         0x20007162        0x2 obj_zoul/tcpip.o
                0x20007162                tcpip_event
                0x20007163                tcpip_icmp6_event
 COMMON         0x20007164        0x8 obj_zoul/linkaddr.o
                0x20007164                linkaddr_node_addr
                0x2000716c                _ebss = .

.stack          0x20007170      0x800
 *(SORT(.stack))
 .stack         0x20007170      0x800 obj_zoul/startup-gcc.o
                0x20007970                _heap = .
                0x20008000                _eheap = (ORIGIN (FRSRAM) + 0x4000)

.nrdata         0x20000000        0x0
                0x20000000                _nrdata = .
 *(SORT(.nrdata*))
                0x20000000                _enrdata = .

.flashcca       0x0027ffd4       0x2c
 *(SORT(.flashcca))
 .flashcca      0x0027ffd4       0x2c obj_zoul/startup-gcc.o